wings-7283c2a3c493-master-0:839256:839256 [4] NCCL INFO ncclCommInitRank comm 0x5615ee813370 rank 4 nranks 8 cudaDev 4 nvmlDev 4 busId 84000 commId 0x4921f0aaca6afba7 - Init COMPLETE
wings-7283c2a3c493-master-0:839253:839253 [1] NCCL INFO TUNER/Plugin: Failed to find ncclTunerPlugin_v2 symbol, using internal tuner instead.
wings-7283c2a3c493-master-0:839252:839252 [0] NCCL INFO Init timings - ncclCommInitRank: rank 0 nranks 8 total 1.41 (kernels 0.28, alloc 0.74, bootstrap 0.24, allgathers 0.01, topo 0.06, graphs 0.01, connections 0.05, rest 0.02)
wings-7283c2a3c493-master-0:839255:839255 [3] NCCL INFO ncclCommInitRank comm 0x5626ef3e8380 rank 3 nranks 8 cudaDev 3 nvmlDev 3 busId 67000 commId 0x4921f0aaca6afba7 - Init COMPLETE
wings-7283c2a3c493-master-0:839259:839259 [7] NCCL INFO TUNER/Plugin: Failed to find ncclTunerPlugin_v2 symbol, using internal tuner instead.
wings-7283c2a3c493-master-0:839258:839258 [6] NCCL INFO Init timings - ncclCommInitRank: rank 6 nranks 8 total 1.38 (kernels 0.28, alloc 0.94, bootstrap 0.01, allgathers 0.01, topo 0.06, graphs 0.01, connections 0.06, rest 0.02)
wings-7283c2a3c493-master-0:839257:839257 [5] NCCL INFO Init timings - ncclCommInitRank: rank 5 nranks 8 total 1.38 (kernels 0.30, alloc 0.92, bootstrap 0.00, allgathers 0.01, topo 0.06, graphs 0.01, connections 0.06, rest 0.02)
wings-7283c2a3c493-master-0:839255:839255 [3] NCCL INFO Init timings - ncclCommInitRank: rank 3 nranks 8 total 1.37 (kernels 0.28, alloc 0.93, bootstrap 0.00, allgathers 0.00, topo 0.06, graphs 0.02, connections 0.05, rest 0.03)
wings-7283c2a3c493-master-0:839256:839256 [4] NCCL INFO Init timings - ncclCommInitRank: rank 4 nranks 8 total 1.38 (kernels 0.28, alloc 0.94, bootstrap 0.01, allgathers 0.01, topo 0.06, graphs 0.01, connections 0.06, rest 0.02)
wings-7283c2a3c493-master-0:839253:839253 [1] NCCL INFO ncclCommInitRank comm 0x55ae88fe3d30 rank 1 nranks 8 cudaDev 1 nvmlDev 1 busId 13000 commId 0x4921f0aaca6afba7 - Init COMPLETE
wings-7283c2a3c493-master-0:839259:839259 [7] NCCL INFO ncclCommInitRank comm 0x55dba83e9430 rank 7 nranks 8 cudaDev 7 nvmlDev 7 busId e4000 commId 0x4921f0aaca6afba7 - Init COMPLETE
wings-7283c2a3c493-master-0:839253:839253 [1] NCCL INFO Init timings - ncclCommInitRank: rank 1 nranks 8 total 1.37 (kernels 0.28, alloc 0.94, bootstrap 0.01, allgathers 0.01, topo 0.06, graphs 0.01, connections 0.06, rest 0.02)
wings-7283c2a3c493-master-0:839259:839259 [7] NCCL INFO Init timings - ncclCommInitRank: rank 7 nranks 8 total 1.37 (kernels 0.28, alloc 0.93, bootstrap 0.00, allgathers 0.01, topo 0.06, graphs 0.01, connections 0.05, rest 0.02)
wings-7283c2a3c493-master-0:839254:839254 [2] NCCL INFO Init timings - ncclCommInitRank: rank 2 nranks 8 total 1.39 (kernels 0.28, alloc 0.95, bootstrap 0.01, allgathers 0.00, topo 0.06, graphs 0.01, connections 0.05, rest 0.03)
wings-7283c2a3c493-master-0:839254:839582 [2] NCCL INFO Channel 00/0 : 2[2] -> 3[3] via P2P/CUMEM
wings-7283c2a3c493-master-0:839254:839582 [2] NCCL INFO Channel 01/0 : 2[2] -> 3[3] via P2P/CUMEM
wings-7283c2a3c493-master-0:839257:839581 [5] NCCL INFO Channel 00/0 : 5[5] -> 6[6] via P2P/CUMEM
wings-7283c2a3c493-master-0:839254:839582 [2] NCCL INFO Channel 02/0 : 2[2] -> 3[3] via P2P/CUMEM
wings-7283c2a3c493-master-0:839252:839583 [0] NCCL INFO Channel 00/0 : 0[0] -> 1[1] via P2P/CUMEM
wings-7283c2a3c493-master-0:839257:839581 [5] NCCL INFO Channel 01/0 : 5[5] -> 6[6] via P2P/CUMEM
wings-7283c2a3c493-master-0:839252:839583 [0] NCCL INFO Channel 01/0 : 0[0] -> 1[1] via P2P/CUMEM
wings-7283c2a3c493-master-0:839254:839582 [2] NCCL INFO Channel 03/0 : 2[2] -> 3[3] via P2P/CUMEM
wings-7283c2a3c493-master-0:839258:839585 [6] NCCL INFO Channel 00/0 : 6[6] -> 7[7] via P2P/CUMEM
wings-7283c2a3c493-master-0:839257:839581 [5] NCCL INFO Channel 02/0 : 5[5] -> 6[6] via P2P/CUMEM
wings-7283c2a3c493-master-0:839259:839584 [7] NCCL INFO Channel 00/0 : 7[7] -> 0[0] via P2P/CUMEM
wings-7283c2a3c493-master-0:839254:839582 [2] NCCL INFO Channel 04/0 : 2[2] -> 3[3] via P2P/CUMEM
wings-7283c2a3c493-master-0:839256:839586 [4] NCCL INFO Channel 00/0 : 4[4] -> 5[5] via P2P/CUMEM
wings-7283c2a3c493-master-0:839259:839584 [7] NCCL INFO Channel 01/0 : 7[7] -> 0[0] via P2P/CUMEM
wings-7283c2a3c493-master-0:839252:839583 [0] NCCL INFO Channel 02/0 : 0[0] -> 1[1] via P2P/CUMEM
wings-7283c2a3c493-master-0:839254:839582 [2] NCCL INFO Channel 05/0 : 2[2] -> 3[3] via P2P/CUMEM
wings-7283c2a3c493-master-0:839257:839581 [5] NCCL INFO Channel 03/0 : 5[5] -> 6[6] via P2P/CUMEM
wings-7283c2a3c493-master-0:839258:839585 [6] NCCL INFO Channel 01/0 : 6[6] -> 7[7] via P2P/CUMEM
wings-7283c2a3c493-master-0:839259:839584 [7] NCCL INFO Channel 02/0 : 7[7] -> 0[0] via P2P/CUMEM
wings-7283c2a3c493-master-0:839255:839587 [3] NCCL INFO Channel 00/0 : 3[3] -> 4[4] via P2P/CUMEM
wings-7283c2a3c493-master-0:839253:839580 [1] NCCL INFO Channel 00/0 : 1[1] -> 2[2] via P2P/CUMEM
wings-7283c2a3c493-master-0:839254:839582 [2] NCCL INFO Channel 06/0 : 2[2] -> 3[3] via P2P/CUMEM
wings-7283c2a3c493-master-0:839252:839583 [0] NCCL INFO Channel 03/0 : 0[0] -> 1[1] via P2P/CUMEM
wings-7283c2a3c493-master-0:839256:839586 [4] NCCL INFO Channel 01/0 : 4[4] -> 5[5] via P2P/CUMEM
wings-7283c2a3c493-master-0:839257:839581 [5] NCCL INFO Channel 04/0 : 5[5] -> 6[6] via P2P/CUMEM
wings-7283c2a3c493-master-0:839254:839582 [2] NCCL INFO Channel 07/0 : 2[2] -> 3[3] via P2P/CUMEM
wings-7283c2a3c493-master-0:839258:839585 [6] NCCL INFO Channel 02/0 : 6[6] -> 7[7] via P2P/CUMEM
wings-7283c2a3c493-master-0:839259:839584 [7] NCCL INFO Channel 03/0 : 7[7] -> 0[0] via P2P/CUMEM
wings-7283c2a3c493-master-0:839255:839587 [3] NCCL INFO Channel 01/0 : 3[3] -> 4[4] via P2P/CUMEM
wings-7283c2a3c493-master-0:839253:839580 [1] NCCL INFO Channel 01/0 : 1[1] -> 2[2] via P2P/CUMEM
wings-7283c2a3c493-master-0:839256:839586 [4] NCCL INFO Channel 02/0 : 4[4] -> 5[5] via P2P/CUMEM
wings-7283c2a3c493-master-0:839252:839583 [0] NCCL INFO Channel 04/0 : 0[0] -> 1[1] via P2P/CUMEM
wings-7283c2a3c493-master-0:839254:839582 [2] NCCL INFO Channel 08/0 : 2[2] -> 3[3] via P2P/CUMEM
wings-7283c2a3c493-master-0:839259:839584 [7] NCCL INFO Channel 04/0 : 7[7] -> 0[0] via P2P/CUMEM
wings-7283c2a3c493-master-0:839257:839581 [5] NCCL INFO Channel 05/0 : 5[5] -> 6[6] via P2P/CUMEM
wings-7283c2a3c493-master-0:839255:839587 [3] NCCL INFO Channel 02/0 : 3[3] -> 4[4] via P2P/CUMEM
wings-7283c2a3c493-master-0:839258:839585 [6] NCCL INFO Channel 03/0 : 6[6] -> 7[7] via P2P/CUMEM
wings-7283c2a3c493-master-0:839256:839586 [4] NCCL INFO Channel 03/0 : 4[4] -> 5[5] via P2P/CUMEM
wings-7283c2a3c493-master-0:839254:839582 [2] NCCL INFO Channel 09/0 : 2[2] -> 3[3] via P2P/CUMEM
wings-7283c2a3c493-master-0:839252:839583 [0] NCCL INFO Channel 05/0 : 0[0] -> 1[1] via P2P/CUMEM
wings-7283c2a3c493-master-0:839253:839580 [1] NCCL INFO Channel 02/0 : 1[1] -> 2[2] via P2P/CUMEM
wings-7283c2a3c493-master-0:839254:839582 [2] NCCL INFO Channel 10/0 : 2[2] -> 3[3] via P2P/CUMEM
wings-7283c2a3c493-master-0:839259:839584 [7] NCCL INFO Channel 05/0 : 7[7] -> 0[0] via P2P/CUMEM
wings-7283c2a3c493-master-0:839258:839585 [6] NCCL INFO Channel 04/0 : 6[6] -> 7[7] via P2P/CUMEM
wings-7283c2a3c493-master-0:839255:839587 [3] NCCL INFO Channel 03/0 : 3[3] -> 4[4] via P2P/CUMEM
wings-7283c2a3c493-master-0:839257:839581 [5] NCCL INFO Channel 06/0 : 5[5] -> 6[6] via P2P/CUMEM
wings-7283c2a3c493-master-0:839256:839586 [4] NCCL INFO Channel 04/0 : 4[4] -> 5[5] via P2P/CUMEM
wings-7283c2a3c493-master-0:839253:839580 [1] NCCL INFO Channel 03/0 : 1[1] -> 2[2] via P2P/CUMEM
wings-7283c2a3c493-master-0:839252:839583 [0] NCCL INFO Channel 06/0 : 0[0] -> 1[1] via P2P/CUMEM
wings-7283c2a3c493-master-0:839254:839582 [2] NCCL INFO Channel 11/0 : 2[2] -> 3[3] via P2P/CUMEM
wings-7283c2a3c493-master-0:839259:839584 [7] NCCL INFO Channel 06/0 : 7[7] -> 0[0] via P2P/CUMEM
wings-7283c2a3c493-master-0:839255:839587 [3] NCCL INFO Channel 04/0 : 3[3] -> 4[4] via P2P/CUMEM
wings-7283c2a3c493-master-0:839258:839585 [6] NCCL INFO Channel 05/0 : 6[6] -> 7[7] via P2P/CUMEM
wings-7283c2a3c493-master-0:839257:839581 [5] NCCL INFO Channel 07/0 : 5[5] -> 6[6] via P2P/CUMEM
wings-7283c2a3c493-master-0:839256:839586 [4] NCCL INFO Channel 05/0 : 4[4] -> 5[5] via P2P/CUMEM
wings-7283c2a3c493-master-0:839253:839580 [1] NCCL INFO Channel 04/0 : 1[1] -> 2[2] via P2P/CUMEM
wings-7283c2a3c493-master-0:839254:839582 [2] NCCL INFO Channel 12/0 : 2[2] -> 3[3] via P2P/CUMEM
wings-7283c2a3c493-master-0:839252:839583 [0] NCCL INFO Channel 07/0 : 0[0] -> 1[1] via P2P/CUMEM
wings-7283c2a3c493-master-0:839259:839584 [7] NCCL INFO Channel 07/0 : 7[7] -> 0[0] via P2P/CUMEM
wings-7283c2a3c493-master-0:839255:839587 [3] NCCL INFO Channel 05/0 : 3[3] -> 4[4] via P2P/CUMEM
wings-7283c2a3c493-master-0:839257:839581 [5] NCCL INFO Channel 08/0 : 5[5] -> 6[6] via P2P/CUMEM
wings-7283c2a3c493-master-0:839254:839582 [2] NCCL INFO Channel 13/0 : 2[2] -> 3[3] via P2P/CUMEM
wings-7283c2a3c493-master-0:839252:839583 [0] NCCL INFO Channel 08/0 : 0[0] -> 1[1] via P2P/CUMEM
wings-7283c2a3c493-master-0:839259:839584 [7] NCCL INFO Channel 08/0 : 7[7] -> 0[0] via P2P/CUMEM
wings-7283c2a3c493-master-0:839258:839585 [6] NCCL INFO Channel 06/0 : 6[6] -> 7[7] via P2P/CUMEM
wings-7283c2a3c493-master-0:839256:839586 [4] NCCL INFO Channel 06/0 : 4[4] -> 5[5] via P2P/CUMEM
wings-7283c2a3c493-master-0:839255:839587 [3] NCCL INFO Channel 06/0 : 3[3] -> 4[4] via P2P/CUMEM
wings-7283c2a3c493-master-0:839259:839584 [7] NCCL INFO Channel 09/0 : 7[7] -> 0[0] via P2P/CUMEM
wings-7283c2a3c493-master-0:839257:839581 [5] NCCL INFO Channel 09/0 : 5[5] -> 6[6] via P2P/CUMEM
wings-7283c2a3c493-master-0:839253:839580 [1] NCCL INFO Channel 05/0 : 1[1] -> 2[2] via P2P/CUMEM
wings-7283c2a3c493-master-0:839254:839582 [2] NCCL INFO Channel 14/0 : 2[2] -> 3[3] via P2P/CUMEM
wings-7283c2a3c493-master-0:839253:839580 [1] NCCL INFO Channel 06/0 : 1[1] -> 2[2] via P2P/CUMEM
wings-7283c2a3c493-master-0:839257:839581 [5] NCCL INFO Channel 10/0 : 5[5] -> 6[6] via P2P/CUMEM
wings-7283c2a3c493-master-0:839258:839585 [6] NCCL INFO Channel 07/0 : 6[6] -> 7[7] via P2P/CUMEM
wings-7283c2a3c493-master-0:839256:839586 [4] NCCL INFO Channel 07/0 : 4[4] -> 5[5] via P2P/CUMEM
wings-7283c2a3c493-master-0:839255:839587 [3] NCCL INFO Channel 07/0 : 3[3] -> 4[4] via P2P/CUMEM
wings-7283c2a3c493-master-0:839252:839583 [0] NCCL INFO Channel 09/0 : 0[0] -> 1[1] via P2P/CUMEM
wings-7283c2a3c493-master-0:839254:839582 [2] NCCL INFO Channel 15/0 : 2[2] -> 3[3] via P2P/CUMEM
wings-7283c2a3c493-master-0:839253:839580 [1] NCCL INFO Channel 07/0 : 1[1] -> 2[2] via P2P/CUMEM
wings-7283c2a3c493-master-0:839259:839584 [7] NCCL INFO Channel 10/0 : 7[7] -> 0[0] via P2P/CUMEM
wings-7283c2a3c493-master-0:839258:839585 [6] NCCL INFO Channel 08/0 : 6[6] -> 7[7] via P2P/CUMEM
wings-7283c2a3c493-master-0:839259:839584 [7] NCCL INFO Channel 11/0 : 7[7] -> 0[0] via P2P/CUMEM
wings-7283c2a3c493-master-0:839255:839587 [3] NCCL INFO Channel 08/0 : 3[3] -> 4[4] via P2P/CUMEM
wings-7283c2a3c493-master-0:839254:839582 [2] NCCL INFO Channel 16/0 : 2[2] -> 3[3] via P2P/CUMEM
wings-7283c2a3c493-master-0:839259:839584 [7] NCCL INFO Channel 12/0 : 7[7] -> 0[0] via P2P/CUMEM
wings-7283c2a3c493-master-0:839256:839586 [4] NCCL INFO Channel 08/0 : 4[4] -> 5[5] via P2P/CUMEM
wings-7283c2a3c493-master-0:839257:839581 [5] NCCL INFO Channel 11/0 : 5[5] -> 6[6] via P2P/CUMEM
wings-7283c2a3c493-master-0:839253:839580 [1] NCCL INFO Channel 08/0 : 1[1] -> 2[2] via P2P/CUMEM
wings-7283c2a3c493-master-0:839259:839584 [7] NCCL INFO Channel 13/0 : 7[7] -> 0[0] via P2P/CUMEM
wings-7283c2a3c493-master-0:839252:839583 [0] NCCL INFO Channel 10/0 : 0[0] -> 1[1] via P2P/CUMEM
wings-7283c2a3c493-master-0:839253:839580 [1] NCCL INFO Channel 09/0 : 1[1] -> 2[2] via P2P/CUMEM
wings-7283c2a3c493-master-0:839258:839585 [6] NCCL INFO Channel 09/0 : 6[6] -> 7[7] via P2P/CUMEM
wings-7283c2a3c493-master-0:839255:839587 [3] NCCL INFO Channel 09/0 : 3[3] -> 4[4] via P2P/CUMEM
wings-7283c2a3c493-master-0:839254:839582 [2] NCCL INFO Channel 17/0 : 2[2] -> 3[3] via P2P/CUMEM
wings-7283c2a3c493-master-0:839256:839586 [4] NCCL INFO Channel 09/0 : 4[4] -> 5[5] via P2P/CUMEM
wings-7283c2a3c493-master-0:839257:839581 [5] NCCL INFO Channel 12/0 : 5[5] -> 6[6] via P2P/CUMEM
wings-7283c2a3c493-master-0:839259:839584 [7] NCCL INFO Channel 14/0 : 7[7] -> 0[0] via P2P/CUMEM
wings-7283c2a3c493-master-0:839253:839580 [1] NCCL INFO Channel 10/0 : 1[1] -> 2[2] via P2P/CUMEM
wings-7283c2a3c493-master-0:839258:839585 [6] NCCL INFO Channel 10/0 : 6[6] -> 7[7] via P2P/CUMEM
wings-7283c2a3c493-master-0:839255:839587 [3] NCCL INFO Channel 10/0 : 3[3] -> 4[4] via P2P/CUMEM
wings-7283c2a3c493-master-0:839256:839586 [4] NCCL INFO Channel 10/0 : 4[4] -> 5[5] via P2P/CUMEM
wings-7283c2a3c493-master-0:839252:839583 [0] NCCL INFO Channel 11/0 : 0[0] -> 1[1] via P2P/CUMEM
wings-7283c2a3c493-master-0:839259:839584 [7] NCCL INFO Channel 15/0 : 7[7] -> 0[0] via P2P/CUMEM
wings-7283c2a3c493-master-0:839253:839580 [1] NCCL INFO Channel 11/0 : 1[1] -> 2[2] via P2P/CUMEM
wings-7283c2a3c493-master-0:839256:839586 [4] NCCL INFO Channel 11/0 : 4[4] -> 5[5] via P2P/CUMEM
wings-7283c2a3c493-master-0:839254:839582 [2] NCCL INFO Channel 18/0 : 2[2] -> 3[3] via P2P/CUMEM
wings-7283c2a3c493-master-0:839253:839580 [1] NCCL INFO Channel 12/0 : 1[1] -> 2[2] via P2P/CUMEM
wings-7283c2a3c493-master-0:839255:839587 [3] NCCL INFO Channel 11/0 : 3[3] -> 4[4] via P2P/CUMEM
wings-7283c2a3c493-master-0:839257:839581 [5] NCCL INFO Channel 13/0 : 5[5] -> 6[6] via P2P/CUMEM
wings-7283c2a3c493-master-0:839252:839583 [0] NCCL INFO Channel 12/0 : 0[0] -> 1[1] via P2P/CUMEM
wings-7283c2a3c493-master-0:839258:839585 [6] NCCL INFO Channel 11/0 : 6[6] -> 7[7] via P2P/CUMEM
wings-7283c2a3c493-master-0:839256:839586 [4] NCCL INFO Channel 12/0 : 4[4] -> 5[5] via P2P/CUMEM
wings-7283c2a3c493-master-0:839254:839582 [2] NCCL INFO Channel 19/0 : 2[2] -> 3[3] via P2P/CUMEM
wings-7283c2a3c493-master-0:839255:839587 [3] NCCL INFO Channel 12/0 : 3[3] -> 4[4] via P2P/CUMEM
wings-7283c2a3c493-master-0:839259:839584 [7] NCCL INFO Channel 16/0 : 7[7] -> 0[0] via P2P/CUMEM
wings-7283c2a3c493-master-0:839258:839585 [6] NCCL INFO Channel 12/0 : 6[6] -> 7[7] via P2P/CUMEM
wings-7283c2a3c493-master-0:839253:839580 [1] NCCL INFO Channel 13/0 : 1[1] -> 2[2] via P2P/CUMEM
wings-7283c2a3c493-master-0:839257:839581 [5] NCCL INFO Channel 14/0 : 5[5] -> 6[6] via P2P/CUMEM
wings-7283c2a3c493-master-0:839254:839582 [2] NCCL INFO Channel 20/0 : 2[2] -> 3[3] via P2P/CUMEM
wings-7283c2a3c493-master-0:839252:839583 [0] NCCL INFO Channel 13/0 : 0[0] -> 1[1] via P2P/CUMEM
wings-7283c2a3c493-master-0:839256:839586 [4] NCCL INFO Channel 13/0 : 4[4] -> 5[5] via P2P/CUMEM
wings-7283c2a3c493-master-0:839259:839584 [7] NCCL INFO Channel 17/0 : 7[7] -> 0[0] via P2P/CUMEM
wings-7283c2a3c493-master-0:839253:839580 [1] NCCL INFO Channel 14/0 : 1[1] -> 2[2] via P2P/CUMEM
wings-7283c2a3c493-master-0:839255:839587 [3] NCCL INFO Channel 13/0 : 3[3] -> 4[4] via P2P/CUMEM
wings-7283c2a3c493-master-0:839257:839581 [5] NCCL INFO Channel 15/0 : 5[5] -> 6[6] via P2P/CUMEM
wings-7283c2a3c493-master-0:839256:839586 [4] NCCL INFO Channel 14/0 : 4[4] -> 5[5] via P2P/CUMEM
wings-7283c2a3c493-master-0:839259:839584 [7] NCCL INFO Channel 18/0 : 7[7] -> 0[0] via P2P/CUMEM
wings-7283c2a3c493-master-0:839254:839582 [2] NCCL INFO Channel 21/0 : 2[2] -> 3[3] via P2P/CUMEM
wings-7283c2a3c493-master-0:839252:839583 [0] NCCL INFO Channel 14/0 : 0[0] -> 1[1] via P2P/CUMEM
wings-7283c2a3c493-master-0:839258:839585 [6] NCCL INFO Channel 13/0 : 6[6] -> 7[7] via P2P/CUMEM
wings-7283c2a3c493-master-0:839253:839580 [1] NCCL INFO Channel 15/0 : 1[1] -> 2[2] via P2P/CUMEM
wings-7283c2a3c493-master-0:839256:839586 [4] NCCL INFO Channel 15/0 : 4[4] -> 5[5] via P2P/CUMEM
wings-7283c2a3c493-master-0:839258:839585 [6] NCCL INFO Channel 14/0 : 6[6] -> 7[7] via P2P/CUMEM
wings-7283c2a3c493-master-0:839255:839587 [3] NCCL INFO Channel 14/0 : 3[3] -> 4[4] via P2P/CUMEM
wings-7283c2a3c493-master-0:839257:839581 [5] NCCL INFO Channel 16/0 : 5[5] -> 6[6] via P2P/CUMEM
wings-7283c2a3c493-master-0:839253:839580 [1] NCCL INFO Channel 16/0 : 1[1] -> 2[2] via P2P/CUMEM
wings-7283c2a3c493-master-0:839259:839584 [7] NCCL INFO Channel 19/0 : 7[7] -> 0[0] via P2P/CUMEM
wings-7283c2a3c493-master-0:839254:839582 [2] NCCL INFO Channel 22/0 : 2[2] -> 3[3] via P2P/CUMEM
wings-7283c2a3c493-master-0:839252:839583 [0] NCCL INFO Channel 15/0 : 0[0] -> 1[1] via P2P/CUMEM
wings-7283c2a3c493-master-0:839255:839587 [3] NCCL INFO Channel 15/0 : 3[3] -> 4[4] via P2P/CUMEM
wings-7283c2a3c493-master-0:839256:839586 [4] NCCL INFO Channel 16/0 : 4[4] -> 5[5] via P2P/CUMEM
wings-7283c2a3c493-master-0:839257:839581 [5] NCCL INFO Channel 17/0 : 5[5] -> 6[6] via P2P/CUMEM
wings-7283c2a3c493-master-0:839258:839585 [6] NCCL INFO Channel 15/0 : 6[6] -> 7[7] via P2P/CUMEM
wings-7283c2a3c493-master-0:839259:839584 [7] NCCL INFO Channel 20/0 : 7[7] -> 0[0] via P2P/CUMEM
wings-7283c2a3c493-master-0:839257:839581 [5] NCCL INFO Channel 18/0 : 5[5] -> 6[6] via P2P/CUMEM
wings-7283c2a3c493-master-0:839254:839582 [2] NCCL INFO Channel 23/0 : 2[2] -> 3[3] via P2P/CUMEM
wings-7283c2a3c493-master-0:839252:839583 [0] NCCL INFO Channel 16/0 : 0[0] -> 1[1] via P2P/CUMEM
wings-7283c2a3c493-master-0:839256:839586 [4] NCCL INFO Channel 17/0 : 4[4] -> 5[5] via P2P/CUMEM
wings-7283c2a3c493-master-0:839255:839587 [3] NCCL INFO Channel 16/0 : 3[3] -> 4[4] via P2P/CUMEM
wings-7283c2a3c493-master-0:839259:839584 [7] NCCL INFO Channel 21/0 : 7[7] -> 0[0] via P2P/CUMEM
wings-7283c2a3c493-master-0:839258:839585 [6] NCCL INFO Channel 16/0 : 6[6] -> 7[7] via P2P/CUMEM
wings-7283c2a3c493-master-0:839257:839581 [5] NCCL INFO Channel 19/0 : 5[5] -> 6[6] via P2P/CUMEM
wings-7283c2a3c493-master-0:839259:839584 [7] NCCL INFO Channel 22/0 : 7[7] -> 0[0] via P2P/CUMEM
wings-7283c2a3c493-master-0:839256:839586 [4] NCCL INFO Channel 18/0 : 4[4] -> 5[5] via P2P/CUMEM
wings-7283c2a3c493-master-0:839253:839580 [1] NCCL INFO Channel 17/0 : 1[1] -> 2[2] via P2P/CUMEM
wings-7283c2a3c493-master-0:839255:839587 [3] NCCL INFO Channel 17/0 : 3[3] -> 4[4] via P2P/CUMEM
wings-7283c2a3c493-master-0:839252:839583 [0] NCCL INFO Channel 17/0 : 0[0] -> 1[1] via P2P/CUMEM
wings-7283c2a3c493-master-0:839257:839581 [5] NCCL INFO Channel 20/0 : 5[5] -> 6[6] via P2P/CUMEM
wings-7283c2a3c493-master-0:839259:839584 [7] NCCL INFO Channel 23/0 : 7[7] -> 0[0] via P2P/CUMEM
wings-7283c2a3c493-master-0:839253:839580 [1] NCCL INFO Channel 18/0 : 1[1] -> 2[2] via P2P/CUMEM
wings-7283c2a3c493-master-0:839256:839586 [4] NCCL INFO Channel 19/0 : 4[4] -> 5[5] via P2P/CUMEM
wings-7283c2a3c493-master-0:839253:839580 [1] NCCL INFO Channel 19/0 : 1[1] -> 2[2] via P2P/CUMEM
wings-7283c2a3c493-master-0:839252:839583 [0] NCCL INFO Channel 18/0 : 0[0] -> 1[1] via P2P/CUMEM
wings-7283c2a3c493-master-0:839258:839585 [6] NCCL INFO Channel 17/0 : 6[6] -> 7[7] via P2P/CUMEM
wings-7283c2a3c493-master-0:839257:839581 [5] NCCL INFO Channel 21/0 : 5[5] -> 6[6] via P2P/CUMEM
wings-7283c2a3c493-master-0:839256:839586 [4] NCCL INFO Channel 20/0 : 4[4] -> 5[5] via P2P/CUMEM
wings-7283c2a3c493-master-0:839255:839587 [3] NCCL INFO Channel 18/0 : 3[3] -> 4[4] via P2P/CUMEM
wings-7283c2a3c493-master-0:839252:839583 [0] NCCL INFO Channel 19/0 : 0[0] -> 1[1] via P2P/CUMEM
wings-7283c2a3c493-master-0:839258:839585 [6] NCCL INFO Channel 18/0 : 6[6] -> 7[7] via P2P/CUMEM
wings-7283c2a3c493-master-0:839257:839581 [5] NCCL INFO Channel 22/0 : 5[5] -> 6[6] via P2P/CUMEM
wings-7283c2a3c493-master-0:839256:839586 [4] NCCL INFO Channel 21/0 : 4[4] -> 5[5] via P2P/CUMEM
wings-7283c2a3c493-master-0:839253:839580 [1] NCCL INFO Channel 20/0 : 1[1] -> 2[2] via P2P/CUMEM
wings-7283c2a3c493-master-0:839257:839581 [5] NCCL INFO Channel 23/0 : 5[5] -> 6[6] via P2P/CUMEM
wings-7283c2a3c493-master-0:839255:839587 [3] NCCL INFO Channel 19/0 : 3[3] -> 4[4] via P2P/CUMEM
wings-7283c2a3c493-master-0:839252:839583 [0] NCCL INFO Channel 20/0 : 0[0] -> 1[1] via P2P/CUMEM
wings-7283c2a3c493-master-0:839256:839586 [4] NCCL INFO Channel 22/0 : 4[4] -> 5[5] via P2P/CUMEM
wings-7283c2a3c493-master-0:839258:839585 [6] NCCL INFO Channel 19/0 : 6[6] -> 7[7] via P2P/CUMEM
wings-7283c2a3c493-master-0:839253:839580 [1] NCCL INFO Channel 21/0 : 1[1] -> 2[2] via P2P/CUMEM
wings-7283c2a3c493-master-0:839255:839587 [3] NCCL INFO Channel 20/0 : 3[3] -> 4[4] via P2P/CUMEM
wings-7283c2a3c493-master-0:839256:839586 [4] NCCL INFO Channel 23/0 : 4[4] -> 5[5] via P2P/CUMEM
wings-7283c2a3c493-master-0:839252:839583 [0] NCCL INFO Channel 21/0 : 0[0] -> 1[1] via P2P/CUMEM
wings-7283c2a3c493-master-0:839258:839585 [6] NCCL INFO Channel 20/0 : 6[6] -> 7[7] via P2P/CUMEM
wings-7283c2a3c493-master-0:839253:839580 [1] NCCL INFO Channel 22/0 : 1[1] -> 2[2] via P2P/CUMEM
wings-7283c2a3c493-master-0:839255:839587 [3] NCCL INFO Channel 21/0 : 3[3] -> 4[4] via P2P/CUMEM
wings-7283c2a3c493-master-0:839252:839583 [0] NCCL INFO Channel 22/0 : 0[0] -> 1[1] via P2P/CUMEM
wings-7283c2a3c493-master-0:839253:839580 [1] NCCL INFO Channel 23/0 : 1[1] -> 2[2] via P2P/CUMEM
wings-7283c2a3c493-master-0:839255:839587 [3] NCCL INFO Channel 22/0 : 3[3] -> 4[4] via P2P/CUMEM
wings-7283c2a3c493-master-0:839258:839585 [6] NCCL INFO Channel 21/0 : 6[6] -> 7[7] via P2P/CUMEM
wings-7283c2a3c493-master-0:839252:839583 [0] NCCL INFO Channel 23/0 : 0[0] -> 1[1] via P2P/CUMEM
wings-7283c2a3c493-master-0:839255:839587 [3] NCCL INFO Channel 23/0 : 3[3] -> 4[4] via P2P/CUMEM
wings-7283c2a3c493-master-0:839258:839585 [6] NCCL INFO Channel 22/0 : 6[6] -> 7[7] via P2P/CUMEM
wings-7283c2a3c493-master-0:839258:839585 [6] NCCL INFO Channel 23/0 : 6[6] -> 7[7] via P2P/CUMEM
wings-7283c2a3c493-master-0:839255:839587 [3] NCCL INFO Connected all rings, use ring PXN 0 GDR 1
wings-7283c2a3c493-master-0:839254:839582 [2] NCCL INFO Connected all rings, use ring PXN 0 GDR 1
wings-7283c2a3c493-master-0:839253:839580 [1] NCCL INFO Connected all rings, use ring PXN 0 GDR 1
wings-7283c2a3c493-master-0:839259:839584 [7] NCCL INFO Connected all rings, use ring PXN 0 GDR 1
wings-7283c2a3c493-master-0:839258:839585 [6] NCCL INFO Connected all rings, use ring PXN 0 GDR 1
wings-7283c2a3c493-master-0:839252:839583 [0] NCCL INFO Connected all rings, use ring PXN 0 GDR 1
wings-7283c2a3c493-master-0:839256:839586 [4] NCCL INFO Connected all rings, use ring PXN 0 GDR 1
wings-7283c2a3c493-master-0:839257:839581 [5] NCCL INFO Connected all rings, use ring PXN 0 GDR 1
(Worker pid=839257) INFO 05-17 13:19:26 [parallel_state.py:1715] rank 5 in world size 8 is assigned as DP rank 0, PP rank 0, PCP rank 0, TP rank 5, EP rank N/A, EPLB rank N/A
(Worker pid=839253) INFO 05-17 13:19:26 [parallel_state.py:1715] rank 1 in world size 8 is assigned as DP rank 0, PP rank 0, PCP rank 0, TP rank 1, EP rank N/A, EPLB rank N/A
(Worker pid=839258) INFO 05-17 13:19:26 [parallel_state.py:1715] rank 6 in world size 8 is assigned as DP rank 0, PP rank 0, PCP rank 0, TP rank 6, EP rank N/A, EPLB rank N/A
(Worker pid=839255) INFO 05-17 13:19:26 [parallel_state.py:1715] rank 3 in world size 8 is assigned as DP rank 0, PP rank 0, PCP rank 0, TP rank 3, EP rank N/A, EPLB rank N/A
(Worker pid=839259) INFO 05-17 13:19:26 [parallel_state.py:1715] rank 7 in world size 8 is assigned as DP rank 0, PP rank 0, PCP rank 0, TP rank 7, EP rank N/A, EPLB rank N/A
(Worker pid=839254) INFO 05-17 13:19:26 [parallel_state.py:1715] rank 2 in world size 8 is assigned as DP rank 0, PP rank 0, PCP rank 0, TP rank 2, EP rank N/A, EPLB rank N/A
(Worker pid=839252) INFO 05-17 13:19:26 [parallel_state.py:1715] rank 0 in world size 8 is assigned as DP rank 0, PP rank 0, PCP rank 0, TP rank 0, EP rank N/A, EPLB rank N/A
(Worker pid=839256) INFO 05-17 13:19:26 [parallel_state.py:1715] rank 4 in world size 8 is assigned as DP rank 0, PP rank 0, PCP rank 0, TP rank 4, EP rank N/A, EPLB rank N/A
(Worker pid=839253) The image processor of type `Qwen2VLImageProcessor` is now loaded as a fast processor by default, even if the model checkpoint was saved with a slow processor. This is a breaking change and may produce slightly different outputs. To continue using the slow processor, instantiate this class with `use_fast=False`. Note that this behavior will be extended to all models in a future release.
(Worker pid=839255) The image processor of type `Qwen2VLImageProcessor` is now loaded as a fast processor by default, even if the model checkpoint was saved with a slow processor. This is a breaking change and may produce slightly different outputs. To continue using the slow processor, instantiate this class with `use_fast=False`. Note that this behavior will be extended to all models in a future release.
(Worker pid=839252) The image processor of type `Qwen2VLImageProcessor` is now loaded as a fast processor by default, even if the model checkpoint was saved with a slow processor. This is a breaking change and may produce slightly different outputs. To continue using the slow processor, instantiate this class with `use_fast=False`. Note that this behavior will be extended to all models in a future release.
(Worker pid=839258) The image processor of type `Qwen2VLImageProcessor` is now loaded as a fast processor by default, even if the model checkpoint was saved with a slow processor. This is a breaking change and may produce slightly different outputs. To continue using the slow processor, instantiate this class with `use_fast=False`. Note that this behavior will be extended to all models in a future release.
(Worker pid=839254) The image processor of type `Qwen2VLImageProcessor` is now loaded as a fast processor by default, even if the model checkpoint was saved with a slow processor. This is a breaking change and may produce slightly different outputs. To continue using the slow processor, instantiate this class with `use_fast=False`. Note that this behavior will be extended to all models in a future release.
(Worker pid=839257) The image processor of type `Qwen2VLImageProcessor` is now loaded as a fast processor by default, even if the model checkpoint was saved with a slow processor. This is a breaking change and may produce slightly different outputs. To continue using the slow processor, instantiate this class with `use_fast=False`. Note that this behavior will be extended to all models in a future release.
(Worker pid=839256) The image processor of type `Qwen2VLImageProcessor` is now loaded as a fast processor by default, even if the model checkpoint was saved with a slow processor. This is a breaking change and may produce slightly different outputs. To continue using the slow processor, instantiate this class with `use_fast=False`. Note that this behavior will be extended to all models in a future release.
(Worker pid=839259) The image processor of type `Qwen2VLImageProcessor` is now loaded as a fast processor by default, even if the model checkpoint was saved with a slow processor. This is a breaking change and may produce slightly different outputs. To continue using the slow processor, instantiate this class with `use_fast=False`. Note that this behavior will be extended to all models in a future release.
(Worker pid=839252) INFO 05-17 13:19:29 [base.py:106] Offloader set to NoopOffloader
(Worker pid=839252) (Worker_TP0 pid=839252) INFO 05-17 13:19:29 [gpu_model_runner.py:4281] Starting to load model /root/Qwen2.5-VL-32B-Instruct...
(Worker pid=839253) INFO 05-17 13:19:29 [base.py:106] Offloader set to NoopOffloader
(Worker pid=839258) INFO 05-17 13:19:29 [base.py:106] Offloader set to NoopOffloader
(Worker pid=839257) INFO 05-17 13:19:29 [base.py:106] Offloader set to NoopOffloader
(Worker pid=839254) INFO 05-17 13:19:29 [base.py:106] Offloader set to NoopOffloader
(Worker pid=839255) INFO 05-17 13:19:29 [base.py:106] Offloader set to NoopOffloader
(Worker pid=839259) INFO 05-17 13:19:29 [base.py:106] Offloader set to NoopOffloader
(Worker pid=839256) INFO 05-17 13:19:29 [base.py:106] Offloader set to NoopOffloader
(Worker pid=839252) (Worker_TP0 pid=839252) INFO 05-17 13:19:29 [cuda.py:453] Using backend AttentionBackendEnum.FLASH_ATTN for vit attention
(Worker pid=839252) (Worker_TP0 pid=839252) INFO 05-17 13:19:29 [mm_encoder_attention.py:215] Using AttentionBackendEnum.FLASH_ATTN for MMEncoderAttention.
(Worker pid=839252) (Worker_TP0 pid=839252) INFO 05-17 13:19:29 [vllm.py:747] Asynchronous scheduling is enabled.
(Worker pid=839252) (Worker_TP0 pid=839252) INFO 05-17 13:19:29 [cuda.py:405] Using FLASH_ATTN attention backend out of potential backends: ['FLASH_ATTN', 'FLASHINFER', 'TRITON_ATTN', 'FLEX_ATTENTION'].
(Worker pid=839252) (Worker_TP0 pid=839252) INFO 05-17 13:19:29 [flash_attn.py:587] Using FlashAttention version 3
(Worker pid=839258) (Worker_TP6 pid=839258) INFO 05-17 13:19:29 [cuda.py:453] Using backend AttentionBackendEnum.FLASH_ATTN for vit attention
(Worker pid=839258) (Worker_TP6 pid=839258) INFO 05-17 13:19:29 [mm_encoder_attention.py:215] Using AttentionBackendEnum.FLASH_ATTN for MMEncoderAttention.
(Worker pid=839257) (Worker_TP5 pid=839257) INFO 05-17 13:19:29 [cuda.py:453] Using backend AttentionBackendEnum.FLASH_ATTN for vit attention
(Worker pid=839257) (Worker_TP5 pid=839257) INFO 05-17 13:19:29 [mm_encoder_attention.py:215] Using AttentionBackendEnum.FLASH_ATTN for MMEncoderAttention.
(Worker pid=839258) (Worker_TP6 pid=839258) INFO 05-17 13:19:29 [vllm.py:747] Asynchronous scheduling is enabled.
(Worker pid=839253) (Worker_TP1 pid=839253) INFO 05-17 13:19:29 [cuda.py:453] Using backend AttentionBackendEnum.FLASH_ATTN for vit attention
(Worker pid=839253) (Worker_TP1 pid=839253) INFO 05-17 13:19:29 [mm_encoder_attention.py:215] Using AttentionBackendEnum.FLASH_ATTN for MMEncoderAttention.
(Worker pid=839257) (Worker_TP5 pid=839257) INFO 05-17 13:19:29 [vllm.py:747] Asynchronous scheduling is enabled.
(Worker pid=839254) (Worker_TP2 pid=839254) INFO 05-17 13:19:29 [cuda.py:453] Using backend AttentionBackendEnum.FLASH_ATTN for vit attention
(Worker pid=839254) (Worker_TP2 pid=839254) INFO 05-17 13:19:29 [mm_encoder_attention.py:215] Using AttentionBackendEnum.FLASH_ATTN for MMEncoderAttention.
(Worker pid=839253) (Worker_TP1 pid=839253) INFO 05-17 13:19:29 [vllm.py:747] Asynchronous scheduling is enabled.
(Worker pid=839254) (Worker_TP2 pid=839254) INFO 05-17 13:19:29 [vllm.py:747] Asynchronous scheduling is enabled.
(Worker pid=839256) (Worker_TP4 pid=839256) INFO 05-17 13:19:29 [cuda.py:453] Using backend AttentionBackendEnum.FLASH_ATTN for vit attention
(Worker pid=839256) (Worker_TP4 pid=839256) INFO 05-17 13:19:29 [mm_encoder_attention.py:215] Using AttentionBackendEnum.FLASH_ATTN for MMEncoderAttention.
(Worker pid=839256) (Worker_TP4 pid=839256) INFO 05-17 13:19:30 [vllm.py:747] Asynchronous scheduling is enabled.
(Worker pid=839252) (Worker_TP0 pid=839252) Loading safetensors checkpoint shards:   0% Completed | 0/18 [00:00<?, ?it/s]
(Worker pid=839259) (Worker_TP7 pid=839259) INFO 05-17 13:19:30 [cuda.py:453] Using backend AttentionBackendEnum.FLASH_ATTN for vit attention
(Worker pid=839259) (Worker_TP7 pid=839259) INFO 05-17 13:19:30 [mm_encoder_attention.py:215] Using AttentionBackendEnum.FLASH_ATTN for MMEncoderAttention.
(Worker pid=839259) (Worker_TP7 pid=839259) INFO 05-17 13:19:30 [vllm.py:747] Asynchronous scheduling is enabled.
(Worker pid=839255) (Worker_TP3 pid=839255) INFO 05-17 13:19:30 [cuda.py:453] Using backend AttentionBackendEnum.FLASH_ATTN for vit attention
(Worker pid=839255) (Worker_TP3 pid=839255) INFO 05-17 13:19:30 [mm_encoder_attention.py:215] Using AttentionBackendEnum.FLASH_ATTN for MMEncoderAttention.
(Worker pid=839255) (Worker_TP3 pid=839255) INFO 05-17 13:19:30 [vllm.py:747] Asynchronous scheduling is enabled.
(Worker pid=839252) (Worker_TP0 pid=839252) Loading safetensors checkpoint shards:   6% Completed | 1/18 [00:00<00:11,  1.55it/s]
(Worker pid=839252) (Worker_TP0 pid=839252) Loading safetensors checkpoint shards:  11% Completed | 2/18 [00:01<00:11,  1.40it/s]
(Worker pid=839252) (Worker_TP0 pid=839252) Loading safetensors checkpoint shards:  17% Completed | 3/18 [00:02<00:12,  1.22it/s]
(Worker pid=839252) (Worker_TP0 pid=839252) Loading safetensors checkpoint shards:  22% Completed | 4/18 [00:03<00:11,  1.19it/s]
(Worker pid=839252) (Worker_TP0 pid=839252) Loading safetensors checkpoint shards:  28% Completed | 5/18 [00:04<00:11,  1.16it/s]
(Worker pid=839252) (Worker_TP0 pid=839252) Loading safetensors checkpoint shards:  33% Completed | 6/18 [00:05<00:10,  1.13it/s]
(Worker pid=839252) (Worker_TP0 pid=839252) Loading safetensors checkpoint shards:  39% Completed | 7/18 [00:06<00:10,  1.08it/s]
(Worker pid=839252) (Worker_TP0 pid=839252) Loading safetensors checkpoint shards:  44% Completed | 8/18 [00:07<00:09,  1.07it/s]
(Worker pid=839252) (Worker_TP0 pid=839252) Loading safetensors checkpoint shards:  50% Completed | 9/18 [00:08<00:08,  1.05it/s]
(Worker pid=839252) (Worker_TP0 pid=839252) Loading safetensors checkpoint shards:  56% Completed | 10/18 [00:09<00:07,  1.04it/s]
(Worker pid=839252) (Worker_TP0 pid=839252) Loading safetensors checkpoint shards:  61% Completed | 11/18 [00:10<00:06,  1.02it/s]
(Worker pid=839252) (Worker_TP0 pid=839252) Loading safetensors checkpoint shards:  67% Completed | 12/18 [00:11<00:05,  1.02it/s]
(Worker pid=839252) (Worker_TP0 pid=839252) Loading safetensors checkpoint shards:  72% Completed | 13/18 [00:12<00:04,  1.00it/s]
(Worker pid=839252) (Worker_TP0 pid=839252) Loading safetensors checkpoint shards:  78% Completed | 14/18 [00:13<00:03,  1.00it/s]
(Worker pid=839252) (Worker_TP0 pid=839252) Loading safetensors checkpoint shards:  83% Completed | 15/18 [00:13<00:02,  1.03it/s]
(Worker pid=839252) (Worker_TP0 pid=839252) Loading safetensors checkpoint shards:  89% Completed | 16/18 [00:15<00:02,  1.02s/it]
(Worker pid=839252) (Worker_TP0 pid=839252) Loading safetensors checkpoint shards:  94% Completed | 17/18 [00:15<00:00,  1.03it/s]
(Worker pid=839252) (Worker_TP0 pid=839252) Loading safetensors checkpoint shards: 100% Completed | 18/18 [00:16<00:00,  1.10it/s]
(Worker pid=839252) (Worker_TP0 pid=839252) Loading safetensors checkpoint shards: 100% Completed | 18/18 [00:16<00:00,  1.08it/s]
(Worker pid=839252) (Worker_TP0 pid=839252) 
(Worker pid=839252) (Worker_TP0 pid=839252) INFO 05-17 13:19:46 [default_loader.py:293] Loading weights took 16.86 seconds
(Worker pid=839252) (Worker_TP0 pid=839252) INFO 05-17 13:19:47 [gpu_model_runner.py:4364] Model loading took 7.97 GiB memory and 17.327117 seconds
(Worker pid=839259) (Worker_TP7 pid=839259) INFO 05-17 13:19:47 [gpu_model_runner.py:5280] Encoder cache will be initialized with a budget of 32768 tokens, and profiled with 1 video items of the maximum feature size.
(Worker pid=839255) (Worker_TP3 pid=839255) INFO 05-17 13:19:47 [gpu_model_runner.py:5280] Encoder cache will be initialized with a budget of 32768 tokens, and profiled with 1 video items of the maximum feature size.
(Worker pid=839252) (Worker_TP0 pid=839252) INFO 05-17 13:19:47 [gpu_model_runner.py:5280] Encoder cache will be initialized with a budget of 32768 tokens, and profiled with 1 video items of the maximum feature size.
(Worker pid=839257) (Worker_TP5 pid=839257) INFO 05-17 13:19:47 [gpu_model_runner.py:5280] Encoder cache will be initialized with a budget of 32768 tokens, and profiled with 1 video items of the maximum feature size.
(Worker pid=839254) (Worker_TP2 pid=839254) INFO 05-17 13:19:47 [gpu_model_runner.py:5280] Encoder cache will be initialized with a budget of 32768 tokens, and profiled with 1 video items of the maximum feature size.
(Worker pid=839258) (Worker pid=839253) (Worker_TP6 pid=839258) (Worker_TP1 pid=839253) INFO 05-17 13:19:47 [gpu_model_runner.py:5280] Encoder cache will be initialized with a budget of 32768 tokens, and profiled with 1 video items of the maximum feature size.
INFO 05-17 13:19:47 [gpu_model_runner.py:5280] Encoder cache will be initialized with a budget of 32768 tokens, and profiled with 1 video items of the maximum feature size.
(Worker pid=839256) (Worker_TP4 pid=839256) INFO 05-17 13:19:47 [gpu_model_runner.py:5280] Encoder cache will be initialized with a budget of 32768 tokens, and profiled with 1 video items of the maximum feature size.
(Worker pid=839253) (Worker_TP1 pid=839253) [2026-05-17 13:20:03] INFO mnnvl.py:942: [SymmDeviceMemory] Rank: 1, Group size: 8, device_idx: 1, Signal pad offset: 4194304
(Worker pid=839257) (Worker_TP5 pid=839257) [2026-05-17 13:20:03] INFO mnnvl.py:942: [SymmDeviceMemory] Rank: 5, Group size: 8, device_idx: 5, Signal pad offset: 4194304
(Worker pid=839256) (Worker_TP4 pid=839256) [2026-05-17 13:20:03] INFO mnnvl.py:942: [SymmDeviceMemory] Rank: 4, Group size: 8, device_idx: 4, Signal pad offset: 4194304
(Worker pid=839252) (Worker_TP0 pid=839252) INFO 05-17 13:20:03 [backends.py:916] Using cache directory: /root/.cache/vllm/torch_compile_cache/b171c98210/rank_0_0/backbone for vLLM's torch.compile
(Worker pid=839252) (Worker_TP0 pid=839252) INFO 05-17 13:20:03 [backends.py:976] Dynamo bytecode transform time: 11.55 s
(Worker pid=839259) (Worker_TP7 pid=839259) [2026-05-17 13:20:03] INFO mnnvl.py:942: [SymmDeviceMemory] Rank: 7, Group size: 8, device_idx: 7, Signal pad offset: 4194304
(Worker pid=839252) (Worker_TP0 pid=839252) [2026-05-17 13:20:03] INFO mnnvl.py:942: [SymmDeviceMemory] Rank: 0, Group size: 8, device_idx: 0, Signal pad offset: 4194304
wings-7283c2a3c493-master-0:839252:839252 [0] NCCL INFO Comm config Blocking set to 1
wings-7283c2a3c493-master-0:839259:839259 [7] NCCL INFO Comm config Blocking set to 1
wings-7283c2a3c493-master-0:839256:839256 [4] NCCL INFO Comm config Blocking set to 1
wings-7283c2a3c493-master-0:839257:839257 [5] NCCL INFO Comm config Blocking set to 1
wings-7283c2a3c493-master-0:839253:839253 [1] NCCL INFO Comm config Blocking set to 1
wings-7283c2a3c493-master-0:839252:841636 [0] NCCL INFO Assigned NET plugin NCCL RDMA Plugin v9 to comm
wings-7283c2a3c493-master-0:839252:841636 [0] NCCL INFO Using network NCCL RDMA Plugin v9
wings-7283c2a3c493-master-0:839252:841636 [0] NCCL INFO DMA-BUF is available on GPU device 0
wings-7283c2a3c493-master-0:839259:841637 [7] NCCL INFO Assigned NET plugin NCCL RDMA Plugin v9 to comm
wings-7283c2a3c493-master-0:839259:841637 [7] NCCL INFO Using network NCCL RDMA Plugin v9
wings-7283c2a3c493-master-0:839257:841639 [5] NCCL INFO Assigned NET plugin NCCL RDMA Plugin v9 to comm
wings-7283c2a3c493-master-0:839253:841638 [1] NCCL INFO Assigned NET plugin NCCL RDMA Plugin v9 to comm
wings-7283c2a3c493-master-0:839257:841639 [5] NCCL INFO Using network NCCL RDMA Plugin v9
wings-7283c2a3c493-master-0:839259:841637 [7] NCCL INFO DMA-BUF is available on GPU device 7
wings-7283c2a3c493-master-0:839253:841638 [1] NCCL INFO Using network NCCL RDMA Plugin v9
wings-7283c2a3c493-master-0:839257:841639 [5] NCCL INFO DMA-BUF is available on GPU device 5
wings-7283c2a3c493-master-0:839253:841638 [1] NCCL INFO DMA-BUF is available on GPU device 1
wings-7283c2a3c493-master-0:839256:841640 [4] NCCL INFO Assigned NET plugin NCCL RDMA Plugin v9 to comm
wings-7283c2a3c493-master-0:839256:841640 [4] NCCL INFO Using network NCCL RDMA Plugin v9
wings-7283c2a3c493-master-0:839252:841636 [0] NCCL INFO ncclCommInitRankConfig comm 0x55ba54e58020 rank 0 nranks 8 cudaDev 0 nvmlDev 0 busId c000 commId 0xef7c625667ad022c - Init START
wings-7283c2a3c493-master-0:839256:841640 [4] NCCL INFO DMA-BUF is available on GPU device 4
wings-7283c2a3c493-master-0:839257:841639 [5] NCCL INFO ncclCommInitRankConfig comm 0x557edea65ed0 rank 5 nranks 8 cudaDev 5 nvmlDev 5 busId 8b000 commId 0xef7c625667ad022c - Init START
wings-7283c2a3c493-master-0:839253:841638 [1] NCCL INFO ncclCommInitRankConfig comm 0x55aeae833670 rank 1 nranks 8 cudaDev 1 nvmlDev 1 busId 13000 commId 0xef7c625667ad022c - Init START
(Worker pid=839258) (Worker_TP6 pid=839258) [2026-05-17 13:20:03] INFO mnnvl.py:942: [SymmDeviceMemory] Rank: 6, Group size: 8, device_idx: 6, Signal pad offset: 4194304
wings-7283c2a3c493-master-0:839259:841637 [7] NCCL INFO ncclCommInitRankConfig comm 0x55dbcd225a90 rank 7 nranks 8 cudaDev 7 nvmlDev 7 busId e4000 commId 0xef7c625667ad022c - Init START
wings-7283c2a3c493-master-0:839256:841640 [4] NCCL INFO ncclCommInitRankConfig comm 0x561613dc53b0 rank 4 nranks 8 cudaDev 4 nvmlDev 4 busId 84000 commId 0xef7c625667ad022c - Init START
wings-7283c2a3c493-master-0:839258:839258 [6] NCCL INFO Comm config Blocking set to 1
wings-7283c2a3c493-master-0:839258:841641 [6] NCCL INFO Assigned NET plugin NCCL RDMA Plugin v9 to comm
wings-7283c2a3c493-master-0:839258:841641 [6] NCCL INFO Using network NCCL RDMA Plugin v9
wings-7283c2a3c493-master-0:839258:841641 [6] NCCL INFO DMA-BUF is available on GPU device 6
wings-7283c2a3c493-master-0:839258:841641 [6] NCCL INFO ncclCommInitRankConfig comm 0x55a5463f33a0 rank 6 nranks 8 cudaDev 6 nvmlDev 6 busId 91000 commId 0xef7c625667ad022c - Init START
(Worker pid=839255) (Worker_TP3 pid=839255) [2026-05-17 13:20:03] INFO mnnvl.py:942: [SymmDeviceMemory] Rank: 3, Group size: 8, device_idx: 3, Signal pad offset: 4194304
wings-7283c2a3c493-master-0:839255:839255 [3] NCCL INFO Comm config Blocking set to 1
wings-7283c2a3c493-master-0:839255:841642 [3] NCCL INFO Assigned NET plugin NCCL RDMA Plugin v9 to comm
wings-7283c2a3c493-master-0:839255:841642 [3] NCCL INFO Using network NCCL RDMA Plugin v9
wings-7283c2a3c493-master-0:839255:841642 [3] NCCL INFO DMA-BUF is available on GPU device 3
wings-7283c2a3c493-master-0:839255:841642 [3] NCCL INFO ncclCommInitRankConfig comm 0x562714225de0 rank 3 nranks 8 cudaDev 3 nvmlDev 3 busId 67000 commId 0xef7c625667ad022c - Init START
(Worker pid=839254) (Worker_TP2 pid=839254) [2026-05-17 13:20:03] INFO mnnvl.py:942: [SymmDeviceMemory] Rank: 2, Group size: 8, device_idx: 2, Signal pad offset: 4194304
wings-7283c2a3c493-master-0:839254:839254 [2] NCCL INFO Comm config Blocking set to 1
wings-7283c2a3c493-master-0:839254:841643 [2] NCCL INFO Assigned NET plugin NCCL RDMA Plugin v9 to comm
wings-7283c2a3c493-master-0:839254:841643 [2] NCCL INFO Using network NCCL RDMA Plugin v9
wings-7283c2a3c493-master-0:839254:841643 [2] NCCL INFO DMA-BUF is available on GPU device 2
wings-7283c2a3c493-master-0:839254:841643 [2] NCCL INFO ncclCommInitRankConfig comm 0x563d01053260 rank 2 nranks 8 cudaDev 2 nvmlDev 2 busId 19000 commId 0xef7c625667ad022c - Init START
wings-7283c2a3c493-master-0:839258:841641 [6] NCCL INFO Bootstrap timings total 0.076864 (create 0.000018, send 0.000066, recv 0.000060, ring 0.076631, delay 0.000000)
wings-7283c2a3c493-master-0:839254:841643 [2] NCCL INFO Bootstrap timings total 0.000366 (create 0.000018, send 0.000067, recv 0.000063, ring 0.000131, delay 0.000000)
wings-7283c2a3c493-master-0:839256:841640 [4] NCCL INFO Bootstrap timings total 0.078692 (create 0.000023, send 0.000056, recv 0.000062, ring 0.069905, delay 0.000000)
wings-7283c2a3c493-master-0:839257:841639 [5] NCCL INFO Bootstrap timings total 0.078852 (create 0.000022, send 0.000063, recv 0.002016, ring 0.076656, delay 0.000000)
wings-7283c2a3c493-master-0:839255:841642 [3] NCCL INFO Bootstrap timings total 0.070168 (create 0.000024, send 0.000076, recv 0.000047, ring 0.000108, delay 0.000000)
wings-7283c2a3c493-master-0:839253:841638 [1] NCCL INFO Bootstrap timings total 0.078853 (create 0.000019, send 0.000067, recv 0.078529, ring 0.000103, delay 0.000000)
wings-7283c2a3c493-master-0:839252:841636 [0] NCCL INFO Bootstrap timings total 0.079052 (create 0.000018, send 0.000072, recv 0.000248, ring 0.078504, delay 0.000000)
wings-7283c2a3c493-master-0:839259:841637 [7] NCCL INFO Bootstrap timings total 0.078757 (create 0.000023, send 0.000077, recv 0.000057, ring 0.076636, delay 0.000000)
wings-7283c2a3c493-master-0:839258:841641 [6] NCCL INFO MNNVL busId 0x91000 fabric UUID 0.0 cliqueId 0x0 state 3 healthMask 0x0
wings-7283c2a3c493-master-0:839254:841643 [2] NCCL INFO MNNVL busId 0x19000 fabric UUID 0.0 cliqueId 0x0 state 3 healthMask 0x0
wings-7283c2a3c493-master-0:839256:841640 [4] NCCL INFO MNNVL busId 0x84000 fabric UUID 0.0 cliqueId 0x0 state 3 healthMask 0x0
wings-7283c2a3c493-master-0:839257:841639 [5] NCCL INFO MNNVL busId 0x8b000 fabric UUID 0.0 cliqueId 0x0 state 3 healthMask 0x0
wings-7283c2a3c493-master-0:839255:841642 [3] NCCL INFO MNNVL busId 0x67000 fabric UUID 0.0 cliqueId 0x0 state 3 healthMask 0x0
wings-7283c2a3c493-master-0:839253:841638 [1] NCCL INFO MNNVL busId 0x13000 fabric UUID 0.0 cliqueId 0x0 state 3 healthMask 0x0
wings-7283c2a3c493-master-0:839259:841637 [7] NCCL INFO MNNVL busId 0xe4000 fabric UUID 0.0 cliqueId 0x0 state 3 healthMask 0x0
wings-7283c2a3c493-master-0:839252:841636 [0] NCCL INFO MNNVL busId 0xc000 fabric UUID 0.0 cliqueId 0x0 state 3 healthMask 0x0
wings-7283c2a3c493-master-0:839254:841643 [2] NCCL INFO Setting affinity for GPU 2 to 0-23,96-119
wings-7283c2a3c493-master-0:839253:841638 [1] NCCL INFO Setting affinity for GPU 1 to 0-23,96-119
wings-7283c2a3c493-master-0:839252:841636 [0] NCCL INFO Setting affinity for GPU 0 to 0-23,96-119
wings-7283c2a3c493-master-0:839258:841641 [6] NCCL INFO Setting affinity for GPU 6 to 48-71,144-167
wings-7283c2a3c493-master-0:839259:841637 [7] NCCL INFO Setting affinity for GPU 7 to 72-95,168-191
wings-7283c2a3c493-master-0:839255:841642 [3] NCCL INFO Setting affinity for GPU 3 to 24-47,120-143
wings-7283c2a3c493-master-0:839257:841639 [5] NCCL INFO Setting affinity for GPU 5 to 48-71,144-167
wings-7283c2a3c493-master-0:839256:841640 [4] NCCL INFO Setting affinity for GPU 4 to 48-71,144-167
wings-7283c2a3c493-master-0:839258:841641 [6] NCCL INFO comm 0x55a5463f33a0 rank 6 nRanks 8 nNodes 1 localRanks 8 localRank 6 MNNVL 0
wings-7283c2a3c493-master-0:839257:841639 [5] NCCL INFO comm 0x557edea65ed0 rank 5 nRanks 8 nNodes 1 localRanks 8 localRank 5 MNNVL 0
wings-7283c2a3c493-master-0:839256:841640 [4] NCCL INFO comm 0x561613dc53b0 rank 4 nRanks 8 nNodes 1 localRanks 8 localRank 4 MNNVL 0
wings-7283c2a3c493-master-0:839255:841642 [3] NCCL INFO comm 0x562714225de0 rank 3 nRanks 8 nNodes 1 localRanks 8 localRank 3 MNNVL 0
wings-7283c2a3c493-master-0:839259:841637 [7] NCCL INFO comm 0x55dbcd225a90 rank 7 nRanks 8 nNodes 1 localRanks 8 localRank 7 MNNVL 0
wings-7283c2a3c493-master-0:839253:841638 [1] NCCL INFO comm 0x55aeae833670 rank 1 nRanks 8 nNodes 1 localRanks 8 localRank 1 MNNVL 0
wings-7283c2a3c493-master-0:839252:841636 [0] NCCL INFO comm 0x55ba54e58020 rank 0 nRanks 8 nNodes 1 localRanks 8 localRank 0 MNNVL 0
wings-7283c2a3c493-master-0:839254:841643 [2] NCCL INFO comm 0x563d01053260 rank 2 nRanks 8 nNodes 1 localRanks 8 localRank 2 MNNVL 0
wings-7283c2a3c493-master-0:839258:841641 [6] NCCL INFO Trees [0] 7/-1/-1->6->5 [1] 7/-1/-1->6->5 [2] 7/-1/-1->6->5 [3] 7/-1/-1->6->5 [4] 7/-1/-1->6->5 [5] 7/-1/-1->6->5 [6] 7/-1/-1->6->5 [7] 7/-1/-1->6->5 [8] 7/-1/-1->6->5 [9] 7/-1/-1->6->5 [10] 7/-1/-1->6->5 [11] 7/-1/-1->6->5 [12] 7/-1/-1->6->5 [13] 7/-1/-1->6->5 [14] 7/-1/-1->6->5 [15] 7/-1/-1->6->5 [16] 7/-1/-1->6->5 [17] 7/-1/-1->6->5 [18] 7/-1/-1->6->5 [19] 7/-1/-1->6->5 [20] 7/-1/-1->6->5 [21] 7/-1/-1->6->5 [22] 7/-1/-1->6->5 [23] 7/-1/-1->6->5
wings-7283c2a3c493-master-0:839257:841639 [5] NCCL INFO Trees [0] 6/-1/-1->5->4 [1] 6/-1/-1->5->4 [2] 6/-1/-1->5->4 [3] 6/-1/-1->5->4 [4] 6/-1/-1->5->4 [5] 6/-1/-1->5->4 [6] 6/-1/-1->5->4 [7] 6/-1/-1->5->4 [8] 6/-1/-1->5->4 [9] 6/-1/-1->5->4 [10] 6/-1/-1->5->4 [11] 6/-1/-1->5->4 [12] 6/-1/-1->5->4 [13] 6/-1/-1->5->4 [14] 6/-1/-1->5->4 [15] 6/-1/-1->5->4 [16] 6/-1/-1->5->4 [17] 6/-1/-1->5->4 [18] 6/-1/-1->5->4 [19] 6/-1/-1->5->4 [20] 6/-1/-1->5->4 [21] 6/-1/-1->5->4 [22] 6/-1/-1->5->4 [23] 6/-1/-1->5->4
wings-7283c2a3c493-master-0:839258:841641 [6] NCCL INFO P2P Chunksize set to 524288
wings-7283c2a3c493-master-0:839256:841640 [4] NCCL INFO Trees [0] 5/-1/-1->4->3 [1] 5/-1/-1->4->3 [2] 5/-1/-1->4->3 [3] 5/-1/-1->4->3 [4] 5/-1/-1->4->3 [5] 5/-1/-1->4->3 [6] 5/-1/-1->4->3 [7] 5/-1/-1->4->3 [8] 5/-1/-1->4->3 [9] 5/-1/-1->4->3 [10] 5/-1/-1->4->3 [11] 5/-1/-1->4->3 [12] 5/-1/-1->4->3 [13] 5/-1/-1->4->3 [14] 5/-1/-1->4->3 [15] 5/-1/-1->4->3 [16] 5/-1/-1->4->3 [17] 5/-1/-1->4->3 [18] 5/-1/-1->4->3 [19] 5/-1/-1->4->3 [20] 5/-1/-1->4->3 [21] 5/-1/-1->4->3 [22] 5/-1/-1->4->3 [23] 5/-1/-1->4->3
wings-7283c2a3c493-master-0:839255:841642 [3] NCCL INFO Trees [0] 4/-1/-1->3->2 [1] 4/-1/-1->3->2 [2] 4/-1/-1->3->2 [3] 4/-1/-1->3->2 [4] 4/-1/-1->3->2 [5] 4/-1/-1->3->2 [6] 4/-1/-1->3->2 [7] 4/-1/-1->3->2 [8] 4/-1/-1->3->2 [9] 4/-1/-1->3->2 [10] 4/-1/-1->3->2 [11] 4/-1/-1->3->2 [12] 4/-1/-1->3->2 [13] 4/-1/-1->3->2 [14] 4/-1/-1->3->2 [15] 4/-1/-1->3->2 [16] 4/-1/-1->3->2 [17] 4/-1/-1->3->2 [18] 4/-1/-1->3->2 [19] 4/-1/-1->3->2 [20] 4/-1/-1->3->2 [21] 4/-1/-1->3->2 [22] 4/-1/-1->3->2 [23] 4/-1/-1->3->2
wings-7283c2a3c493-master-0:839259:841637 [7] NCCL INFO Trees [0] -1/-1/-1->7->6 [1] -1/-1/-1->7->6 [2] -1/-1/-1->7->6 [3] -1/-1/-1->7->6 [4] -1/-1/-1->7->6 [5] -1/-1/-1->7->6 [6] -1/-1/-1->7->6 [7] -1/-1/-1->7->6 [8] -1/-1/-1->7->6 [9] -1/-1/-1->7->6 [10] -1/-1/-1->7->6 [11] -1/-1/-1->7->6 [12] -1/-1/-1->7->6 [13] -1/-1/-1->7->6 [14] -1/-1/-1->7->6 [15] -1/-1/-1->7->6 [16] -1/-1/-1->7->6 [17] -1/-1/-1->7->6 [18] -1/-1/-1->7->6 [19] -1/-1/-1->7->6 [20] -1/-1/-1->7->6 [21] -1/-1/-1->7->6 [22] -1/-1/-1->7->6 [23] -1/-1/-1->7->6
wings-7283c2a3c493-master-0:839257:841639 [5] NCCL INFO P2P Chunksize set to 524288
wings-7283c2a3c493-master-0:839253:841638 [1] NCCL INFO Trees [0] 2/-1/-1->1->0 [1] 2/-1/-1->1->0 [2] 2/-1/-1->1->0 [3] 2/-1/-1->1->0 [4] 2/-1/-1->1->0 [5] 2/-1/-1->1->0 [6] 2/-1/-1->1->0 [7] 2/-1/-1->1->0 [8] 2/-1/-1->1->0 [9] 2/-1/-1->1->0 [10] 2/-1/-1->1->0 [11] 2/-1/-1->1->0 [12] 2/-1/-1->1->0 [13] 2/-1/-1->1->0 [14] 2/-1/-1->1->0 [15] 2/-1/-1->1->0 [16] 2/-1/-1->1->0 [17] 2/-1/-1->1->0 [18] 2/-1/-1->1->0 [19] 2/-1/-1->1->0 [20] 2/-1/-1->1->0 [21] 2/-1/-1->1->0 [22] 2/-1/-1->1->0 [23] 2/-1/-1->1->0
wings-7283c2a3c493-master-0:839252:841636 [0] NCCL INFO Channel 00/24 : 0 1 2 3 4 5 6 7
