wings-7283c2a3c493-master-0:850795:850795 [0] NCCL INFO TUNER/Plugin: Could not find: libnccl-tuner.so. Using internal tuner plugin.
wings-7283c2a3c493-master-0:850798:850798 [3] NCCL INFO TUNER/Plugin: Failed to find ncclTunerPlugin_v3 symbol.
wings-7283c2a3c493-master-0:850796:850796 [1] NCCL INFO TUNER/Plugin: Failed to find ncclTunerPlugin_v3 symbol.
wings-7283c2a3c493-master-0:850799:850799 [4] NCCL INFO TUNER/Plugin: Failed to find ncclTunerPlugin_v2 symbol, using internal tuner instead.
wings-7283c2a3c493-master-0:850798:850798 [3] NCCL INFO TUNER/Plugin: Failed to find ncclTunerPlugin_v2 symbol, using internal tuner instead.
wings-7283c2a3c493-master-0:850795:850795 [0] NCCL INFO TUNER/Plugin: Failed to find ncclTunerPlugin_v4 symbol.
wings-7283c2a3c493-master-0:850796:850796 [1] NCCL INFO TUNER/Plugin: Failed to find ncclTunerPlugin_v2 symbol, using internal tuner instead.
wings-7283c2a3c493-master-0:850798:850798 [3] NCCL INFO ncclCommInitRank comm 0x55865d9ea630 rank 3 nranks 8 cudaDev 3 nvmlDev 3 busId 67000 commId 0x37438ee5c8c9f64e - Init COMPLETE
wings-7283c2a3c493-master-0:850799:850799 [4] NCCL INFO ncclCommInitRank comm 0x557222feaff0 rank 4 nranks 8 cudaDev 4 nvmlDev 4 busId 84000 commId 0x37438ee5c8c9f64e - Init COMPLETE
wings-7283c2a3c493-master-0:850795:850795 [0] NCCL INFO TUNER/Plugin: Failed to find ncclTunerPlugin_v3 symbol.
wings-7283c2a3c493-master-0:850796:850796 [1] NCCL INFO ncclCommInitRank comm 0x56403e7e7350 rank 1 nranks 8 cudaDev 1 nvmlDev 1 busId 13000 commId 0x37438ee5c8c9f64e - Init COMPLETE
wings-7283c2a3c493-master-0:850798:850798 [3] NCCL INFO Init timings - ncclCommInitRank: rank 3 nranks 8 total 1.59 (kernels 0.26, alloc 1.11, bootstrap 0.02, allgathers 0.01, topo 0.10, graphs 0.01, connections 0.05, rest 0.02)
wings-7283c2a3c493-master-0:850795:850795 [0] NCCL INFO TUNER/Plugin: Failed to find ncclTunerPlugin_v2 symbol, using internal tuner instead.
wings-7283c2a3c493-master-0:850799:850799 [4] NCCL INFO Init timings - ncclCommInitRank: rank 4 nranks 8 total 1.63 (kernels 0.28, alloc 1.04, bootstrap 0.11, allgathers 0.01, topo 0.10, graphs 0.01, connections 0.05, rest 0.03)
wings-7283c2a3c493-master-0:850796:850796 [1] NCCL INFO Init timings - ncclCommInitRank: rank 1 nranks 8 total 1.62 (kernels 0.27, alloc 1.13, bootstrap 0.02, allgathers 0.02, topo 0.09, graphs 0.01, connections 0.05, rest 0.02)
wings-7283c2a3c493-master-0:850795:850795 [0] NCCL INFO ncclCommInitRank comm 0x5633297ec100 rank 0 nranks 8 cudaDev 0 nvmlDev 0 busId c000 commId 0x37438ee5c8c9f64e - Init COMPLETE
wings-7283c2a3c493-master-0:850795:850795 [0] NCCL INFO Init timings - ncclCommInitRank: rank 0 nranks 8 total 1.66 (kernels 0.31, alloc 1.14, bootstrap 0.00, allgathers 0.02, topo 0.09, graphs 0.01, connections 0.06, rest 0.02)
wings-7283c2a3c493-master-0:850801:851109 [6] NCCL INFO Channel 00/0 : 6[6] -> 7[7] via P2P/CUMEM
wings-7283c2a3c493-master-0:850801:851109 [6] NCCL INFO Channel 01/0 : 6[6] -> 7[7] via P2P/CUMEM
wings-7283c2a3c493-master-0:850802:851111 [7] NCCL INFO Channel 00/0 : 7[7] -> 0[0] via P2P/CUMEM
wings-7283c2a3c493-master-0:850801:851109 [6] NCCL INFO Channel 02/0 : 6[6] -> 7[7] via P2P/CUMEM
wings-7283c2a3c493-master-0:850802:851111 [7] NCCL INFO Channel 01/0 : 7[7] -> 0[0] via P2P/CUMEM
wings-7283c2a3c493-master-0:850801:851109 [6] NCCL INFO Channel 03/0 : 6[6] -> 7[7] via P2P/CUMEM
wings-7283c2a3c493-master-0:850802:851111 [7] NCCL INFO Channel 02/0 : 7[7] -> 0[0] via P2P/CUMEM
wings-7283c2a3c493-master-0:850801:851109 [6] NCCL INFO Channel 04/0 : 6[6] -> 7[7] via P2P/CUMEM
wings-7283c2a3c493-master-0:850802:851111 [7] NCCL INFO Channel 03/0 : 7[7] -> 0[0] via P2P/CUMEM
wings-7283c2a3c493-master-0:850801:851109 [6] NCCL INFO Channel 05/0 : 6[6] -> 7[7] via P2P/CUMEM
wings-7283c2a3c493-master-0:850798:851112 [3] NCCL INFO Channel 00/0 : 3[3] -> 4[4] via P2P/CUMEM
wings-7283c2a3c493-master-0:850802:851111 [7] NCCL INFO Channel 04/0 : 7[7] -> 0[0] via P2P/CUMEM
wings-7283c2a3c493-master-0:850796:851116 [1] NCCL INFO Channel 00/0 : 1[1] -> 2[2] via P2P/CUMEM
wings-7283c2a3c493-master-0:850798:851112 [3] NCCL INFO Channel 01/0 : 3[3] -> 4[4] via P2P/CUMEM
wings-7283c2a3c493-master-0:850801:851109 [6] NCCL INFO Channel 06/0 : 6[6] -> 7[7] via P2P/CUMEM
wings-7283c2a3c493-master-0:850802:851111 [7] NCCL INFO Channel 05/0 : 7[7] -> 0[0] via P2P/CUMEM
wings-7283c2a3c493-master-0:850796:851116 [1] NCCL INFO Channel 01/0 : 1[1] -> 2[2] via P2P/CUMEM
wings-7283c2a3c493-master-0:850798:851112 [3] NCCL INFO Channel 02/0 : 3[3] -> 4[4] via P2P/CUMEM
wings-7283c2a3c493-master-0:850801:851109 [6] NCCL INFO Channel 07/0 : 6[6] -> 7[7] via P2P/CUMEM
wings-7283c2a3c493-master-0:850802:851111 [7] NCCL INFO Channel 06/0 : 7[7] -> 0[0] via P2P/CUMEM
wings-7283c2a3c493-master-0:850800:851114 [5] NCCL INFO Channel 00/0 : 5[5] -> 6[6] via P2P/CUMEM
wings-7283c2a3c493-master-0:850798:851112 [3] NCCL INFO Channel 03/0 : 3[3] -> 4[4] via P2P/CUMEM
wings-7283c2a3c493-master-0:850796:851116 [1] NCCL INFO Channel 02/0 : 1[1] -> 2[2] via P2P/CUMEM
wings-7283c2a3c493-master-0:850802:851111 [7] NCCL INFO Channel 07/0 : 7[7] -> 0[0] via P2P/CUMEM
wings-7283c2a3c493-master-0:850799:851113 [4] NCCL INFO Channel 00/0 : 4[4] -> 5[5] via P2P/CUMEM
wings-7283c2a3c493-master-0:850801:851109 [6] NCCL INFO Channel 08/0 : 6[6] -> 7[7] via P2P/CUMEM
wings-7283c2a3c493-master-0:850797:851115 [2] NCCL INFO Channel 00/0 : 2[2] -> 3[3] via P2P/CUMEM
wings-7283c2a3c493-master-0:850800:851114 [5] NCCL INFO Channel 01/0 : 5[5] -> 6[6] via P2P/CUMEM
wings-7283c2a3c493-master-0:850799:851113 [4] NCCL INFO Channel 01/0 : 4[4] -> 5[5] via P2P/CUMEM
wings-7283c2a3c493-master-0:850798:851112 [3] NCCL INFO Channel 04/0 : 3[3] -> 4[4] via P2P/CUMEM
wings-7283c2a3c493-master-0:850802:851111 [7] NCCL INFO Channel 08/0 : 7[7] -> 0[0] via P2P/CUMEM
wings-7283c2a3c493-master-0:850796:851116 [1] NCCL INFO Channel 03/0 : 1[1] -> 2[2] via P2P/CUMEM
wings-7283c2a3c493-master-0:850801:851109 [6] NCCL INFO Channel 09/0 : 6[6] -> 7[7] via P2P/CUMEM
wings-7283c2a3c493-master-0:850800:851114 [5] NCCL INFO Channel 02/0 : 5[5] -> 6[6] via P2P/CUMEM
wings-7283c2a3c493-master-0:850799:851113 [4] NCCL INFO Channel 02/0 : 4[4] -> 5[5] via P2P/CUMEM
wings-7283c2a3c493-master-0:850797:851115 [2] NCCL INFO Channel 01/0 : 2[2] -> 3[3] via P2P/CUMEM
wings-7283c2a3c493-master-0:850798:851112 [3] NCCL INFO Channel 05/0 : 3[3] -> 4[4] via P2P/CUMEM
wings-7283c2a3c493-master-0:850796:851116 [1] NCCL INFO Channel 04/0 : 1[1] -> 2[2] via P2P/CUMEM
wings-7283c2a3c493-master-0:850802:851111 [7] NCCL INFO Channel 09/0 : 7[7] -> 0[0] via P2P/CUMEM
wings-7283c2a3c493-master-0:850801:851109 [6] NCCL INFO Channel 10/0 : 6[6] -> 7[7] via P2P/CUMEM
wings-7283c2a3c493-master-0:850800:851114 [5] NCCL INFO Channel 03/0 : 5[5] -> 6[6] via P2P/CUMEM
wings-7283c2a3c493-master-0:850799:851113 [4] NCCL INFO Channel 03/0 : 4[4] -> 5[5] via P2P/CUMEM
wings-7283c2a3c493-master-0:850800:851114 [5] NCCL INFO Channel 04/0 : 5[5] -> 6[6] via P2P/CUMEM
wings-7283c2a3c493-master-0:850800:851114 [5] NCCL INFO Channel 05/0 : 5[5] -> 6[6] via P2P/CUMEM
wings-7283c2a3c493-master-0:850798:851112 [3] NCCL INFO Channel 06/0 : 3[3] -> 4[4] via P2P/CUMEM
wings-7283c2a3c493-master-0:850797:851115 [2] NCCL INFO Channel 02/0 : 2[2] -> 3[3] via P2P/CUMEM
wings-7283c2a3c493-master-0:850801:851109 [6] NCCL INFO Channel 11/0 : 6[6] -> 7[7] via P2P/CUMEM
wings-7283c2a3c493-master-0:850799:851113 [4] NCCL INFO Channel 04/0 : 4[4] -> 5[5] via P2P/CUMEM
wings-7283c2a3c493-master-0:850796:851116 [1] NCCL INFO Channel 05/0 : 1[1] -> 2[2] via P2P/CUMEM
wings-7283c2a3c493-master-0:850802:851111 [7] NCCL INFO Channel 10/0 : 7[7] -> 0[0] via P2P/CUMEM
wings-7283c2a3c493-master-0:850797:851115 [2] NCCL INFO Channel 03/0 : 2[2] -> 3[3] via P2P/CUMEM
wings-7283c2a3c493-master-0:850799:851113 [4] NCCL INFO Channel 05/0 : 4[4] -> 5[5] via P2P/CUMEM
wings-7283c2a3c493-master-0:850798:851112 [3] NCCL INFO Channel 07/0 : 3[3] -> 4[4] via P2P/CUMEM
wings-7283c2a3c493-master-0:850800:851114 [5] NCCL INFO Channel 06/0 : 5[5] -> 6[6] via P2P/CUMEM
wings-7283c2a3c493-master-0:850799:851113 [4] NCCL INFO Channel 06/0 : 4[4] -> 5[5] via P2P/CUMEM
wings-7283c2a3c493-master-0:850798:851112 [3] NCCL INFO Channel 08/0 : 3[3] -> 4[4] via P2P/CUMEM
wings-7283c2a3c493-master-0:850801:851109 [6] NCCL INFO Channel 12/0 : 6[6] -> 7[7] via P2P/CUMEM
wings-7283c2a3c493-master-0:850796:851116 [1] NCCL INFO Channel 06/0 : 1[1] -> 2[2] via P2P/CUMEM
wings-7283c2a3c493-master-0:850802:851111 [7] NCCL INFO Channel 11/0 : 7[7] -> 0[0] via P2P/CUMEM
wings-7283c2a3c493-master-0:850797:851115 [2] NCCL INFO Channel 04/0 : 2[2] -> 3[3] via P2P/CUMEM
wings-7283c2a3c493-master-0:850800:851114 [5] NCCL INFO Channel 07/0 : 5[5] -> 6[6] via P2P/CUMEM
wings-7283c2a3c493-master-0:850797:851115 [2] NCCL INFO Channel 05/0 : 2[2] -> 3[3] via P2P/CUMEM
wings-7283c2a3c493-master-0:850797:851115 [2] NCCL INFO Channel 06/0 : 2[2] -> 3[3] via P2P/CUMEM
wings-7283c2a3c493-master-0:850801:851109 [6] NCCL INFO Channel 13/0 : 6[6] -> 7[7] via P2P/CUMEM
wings-7283c2a3c493-master-0:850800:851114 [5] NCCL INFO Channel 08/0 : 5[5] -> 6[6] via P2P/CUMEM
wings-7283c2a3c493-master-0:850800:851114 [5] NCCL INFO Channel 09/0 : 5[5] -> 6[6] via P2P/CUMEM
wings-7283c2a3c493-master-0:850800:851114 [5] NCCL INFO Channel 10/0 : 5[5] -> 6[6] via P2P/CUMEM
wings-7283c2a3c493-master-0:850796:851116 [1] NCCL INFO Channel 07/0 : 1[1] -> 2[2] via P2P/CUMEM
wings-7283c2a3c493-master-0:850798:851112 [3] NCCL INFO Channel 09/0 : 3[3] -> 4[4] via P2P/CUMEM
wings-7283c2a3c493-master-0:850799:851113 [4] NCCL INFO Channel 07/0 : 4[4] -> 5[5] via P2P/CUMEM
wings-7283c2a3c493-master-0:850802:851111 [7] NCCL INFO Channel 12/0 : 7[7] -> 0[0] via P2P/CUMEM
wings-7283c2a3c493-master-0:850801:851109 [6] NCCL INFO Channel 14/0 : 6[6] -> 7[7] via P2P/CUMEM
wings-7283c2a3c493-master-0:850797:851115 [2] NCCL INFO Channel 07/0 : 2[2] -> 3[3] via P2P/CUMEM
wings-7283c2a3c493-master-0:850796:851116 [1] NCCL INFO Channel 08/0 : 1[1] -> 2[2] via P2P/CUMEM
wings-7283c2a3c493-master-0:850799:851113 [4] NCCL INFO Channel 08/0 : 4[4] -> 5[5] via P2P/CUMEM
wings-7283c2a3c493-master-0:850802:851111 [7] NCCL INFO Channel 13/0 : 7[7] -> 0[0] via P2P/CUMEM
wings-7283c2a3c493-master-0:850801:851109 [6] NCCL INFO Channel 15/0 : 6[6] -> 7[7] via P2P/CUMEM
wings-7283c2a3c493-master-0:850798:851112 [3] NCCL INFO Channel 10/0 : 3[3] -> 4[4] via P2P/CUMEM
wings-7283c2a3c493-master-0:850801:851109 [6] NCCL INFO Channel 16/0 : 6[6] -> 7[7] via P2P/CUMEM
wings-7283c2a3c493-master-0:850800:851114 [5] NCCL INFO Channel 11/0 : 5[5] -> 6[6] via P2P/CUMEM
wings-7283c2a3c493-master-0:850797:851115 [2] NCCL INFO Channel 08/0 : 2[2] -> 3[3] via P2P/CUMEM
wings-7283c2a3c493-master-0:850797:851115 [2] NCCL INFO Channel 09/0 : 2[2] -> 3[3] via P2P/CUMEM
wings-7283c2a3c493-master-0:850796:851116 [1] NCCL INFO Channel 09/0 : 1[1] -> 2[2] via P2P/CUMEM
wings-7283c2a3c493-master-0:850799:851113 [4] NCCL INFO Channel 09/0 : 4[4] -> 5[5] via P2P/CUMEM
wings-7283c2a3c493-master-0:850802:851111 [7] NCCL INFO Channel 14/0 : 7[7] -> 0[0] via P2P/CUMEM
wings-7283c2a3c493-master-0:850798:851112 [3] NCCL INFO Channel 11/0 : 3[3] -> 4[4] via P2P/CUMEM
wings-7283c2a3c493-master-0:850802:851111 [7] NCCL INFO Channel 15/0 : 7[7] -> 0[0] via P2P/CUMEM
wings-7283c2a3c493-master-0:850801:851109 [6] NCCL INFO Channel 17/0 : 6[6] -> 7[7] via P2P/CUMEM
wings-7283c2a3c493-master-0:850801:851109 [6] NCCL INFO Channel 18/0 : 6[6] -> 7[7] via P2P/CUMEM
wings-7283c2a3c493-master-0:850797:851115 [2] NCCL INFO Channel 10/0 : 2[2] -> 3[3] via P2P/CUMEM
wings-7283c2a3c493-master-0:850796:851116 [1] NCCL INFO Channel 10/0 : 1[1] -> 2[2] via P2P/CUMEM
wings-7283c2a3c493-master-0:850799:851113 [4] NCCL INFO Channel 10/0 : 4[4] -> 5[5] via P2P/CUMEM
wings-7283c2a3c493-master-0:850798:851112 [3] NCCL INFO Channel 12/0 : 3[3] -> 4[4] via P2P/CUMEM
wings-7283c2a3c493-master-0:850802:851111 [7] NCCL INFO Channel 16/0 : 7[7] -> 0[0] via P2P/CUMEM
wings-7283c2a3c493-master-0:850800:851114 [5] NCCL INFO Channel 12/0 : 5[5] -> 6[6] via P2P/CUMEM
wings-7283c2a3c493-master-0:850801:851109 [6] NCCL INFO Channel 19/0 : 6[6] -> 7[7] via P2P/CUMEM
wings-7283c2a3c493-master-0:850797:851115 [2] NCCL INFO Channel 11/0 : 2[2] -> 3[3] via P2P/CUMEM
wings-7283c2a3c493-master-0:850798:851112 [3] NCCL INFO Channel 13/0 : 3[3] -> 4[4] via P2P/CUMEM
wings-7283c2a3c493-master-0:850799:851113 [4] NCCL INFO Channel 11/0 : 4[4] -> 5[5] via P2P/CUMEM
wings-7283c2a3c493-master-0:850798:851112 [3] NCCL INFO Channel 14/0 : 3[3] -> 4[4] via P2P/CUMEM
wings-7283c2a3c493-master-0:850800:851114 [5] NCCL INFO Channel 13/0 : 5[5] -> 6[6] via P2P/CUMEM
wings-7283c2a3c493-master-0:850802:851111 [7] NCCL INFO Channel 17/0 : 7[7] -> 0[0] via P2P/CUMEM
wings-7283c2a3c493-master-0:850801:851109 [6] NCCL INFO Channel 20/0 : 6[6] -> 7[7] via P2P/CUMEM
wings-7283c2a3c493-master-0:850796:851116 [1] NCCL INFO Channel 11/0 : 1[1] -> 2[2] via P2P/CUMEM
wings-7283c2a3c493-master-0:850797:851115 [2] NCCL INFO Channel 12/0 : 2[2] -> 3[3] via P2P/CUMEM
wings-7283c2a3c493-master-0:850799:851113 [4] NCCL INFO Channel 12/0 : 4[4] -> 5[5] via P2P/CUMEM
wings-7283c2a3c493-master-0:850800:851114 [5] NCCL INFO Channel 14/0 : 5[5] -> 6[6] via P2P/CUMEM
wings-7283c2a3c493-master-0:850798:851112 [3] NCCL INFO Channel 15/0 : 3[3] -> 4[4] via P2P/CUMEM
wings-7283c2a3c493-master-0:850802:851111 [7] NCCL INFO Channel 18/0 : 7[7] -> 0[0] via P2P/CUMEM
wings-7283c2a3c493-master-0:850801:851109 [6] NCCL INFO Channel 21/0 : 6[6] -> 7[7] via P2P/CUMEM
wings-7283c2a3c493-master-0:850796:851116 [1] NCCL INFO Channel 12/0 : 1[1] -> 2[2] via P2P/CUMEM
wings-7283c2a3c493-master-0:850799:851113 [4] NCCL INFO Channel 13/0 : 4[4] -> 5[5] via P2P/CUMEM
wings-7283c2a3c493-master-0:850800:851114 [5] NCCL INFO Channel 15/0 : 5[5] -> 6[6] via P2P/CUMEM
wings-7283c2a3c493-master-0:850802:851111 [7] NCCL INFO Channel 19/0 : 7[7] -> 0[0] via P2P/CUMEM
wings-7283c2a3c493-master-0:850797:851115 [2] NCCL INFO Channel 13/0 : 2[2] -> 3[3] via P2P/CUMEM
wings-7283c2a3c493-master-0:850801:851109 [6] NCCL INFO Channel 22/0 : 6[6] -> 7[7] via P2P/CUMEM
wings-7283c2a3c493-master-0:850796:851116 [1] NCCL INFO Channel 13/0 : 1[1] -> 2[2] via P2P/CUMEM
wings-7283c2a3c493-master-0:850799:851113 [4] NCCL INFO Channel 14/0 : 4[4] -> 5[5] via P2P/CUMEM
wings-7283c2a3c493-master-0:850798:851112 [3] NCCL INFO Channel 16/0 : 3[3] -> 4[4] via P2P/CUMEM
wings-7283c2a3c493-master-0:850802:851111 [7] NCCL INFO Channel 20/0 : 7[7] -> 0[0] via P2P/CUMEM
wings-7283c2a3c493-master-0:850800:851114 [5] NCCL INFO Channel 16/0 : 5[5] -> 6[6] via P2P/CUMEM
wings-7283c2a3c493-master-0:850801:851109 [6] NCCL INFO Channel 23/0 : 6[6] -> 7[7] via P2P/CUMEM
wings-7283c2a3c493-master-0:850796:851116 [1] NCCL INFO Channel 14/0 : 1[1] -> 2[2] via P2P/CUMEM
wings-7283c2a3c493-master-0:850797:851115 [2] NCCL INFO Channel 14/0 : 2[2] -> 3[3] via P2P/CUMEM
wings-7283c2a3c493-master-0:850802:851111 [7] NCCL INFO Channel 21/0 : 7[7] -> 0[0] via P2P/CUMEM
wings-7283c2a3c493-master-0:850799:851113 [4] NCCL INFO Channel 15/0 : 4[4] -> 5[5] via P2P/CUMEM
wings-7283c2a3c493-master-0:850800:851114 [5] NCCL INFO Channel 17/0 : 5[5] -> 6[6] via P2P/CUMEM
wings-7283c2a3c493-master-0:850796:851116 [1] NCCL INFO Channel 15/0 : 1[1] -> 2[2] via P2P/CUMEM
wings-7283c2a3c493-master-0:850798:851112 [3] NCCL INFO Channel 17/0 : 3[3] -> 4[4] via P2P/CUMEM
wings-7283c2a3c493-master-0:850797:851115 [2] NCCL INFO Channel 15/0 : 2[2] -> 3[3] via P2P/CUMEM
wings-7283c2a3c493-master-0:850802:851111 [7] NCCL INFO Channel 22/0 : 7[7] -> 0[0] via P2P/CUMEM
wings-7283c2a3c493-master-0:850799:851113 [4] NCCL INFO Channel 16/0 : 4[4] -> 5[5] via P2P/CUMEM
wings-7283c2a3c493-master-0:850800:851114 [5] NCCL INFO Channel 18/0 : 5[5] -> 6[6] via P2P/CUMEM
wings-7283c2a3c493-master-0:850797:851115 [2] NCCL INFO Channel 16/0 : 2[2] -> 3[3] via P2P/CUMEM
wings-7283c2a3c493-master-0:850796:851116 [1] NCCL INFO Channel 16/0 : 1[1] -> 2[2] via P2P/CUMEM
wings-7283c2a3c493-master-0:850798:851112 [3] NCCL INFO Channel 18/0 : 3[3] -> 4[4] via P2P/CUMEM
wings-7283c2a3c493-master-0:850802:851111 [7] NCCL INFO Channel 23/0 : 7[7] -> 0[0] via P2P/CUMEM
wings-7283c2a3c493-master-0:850799:851113 [4] NCCL INFO Channel 17/0 : 4[4] -> 5[5] via P2P/CUMEM
wings-7283c2a3c493-master-0:850800:851114 [5] NCCL INFO Channel 19/0 : 5[5] -> 6[6] via P2P/CUMEM
wings-7283c2a3c493-master-0:850797:851115 [2] NCCL INFO Channel 17/0 : 2[2] -> 3[3] via P2P/CUMEM
wings-7283c2a3c493-master-0:850798:851112 [3] NCCL INFO Channel 19/0 : 3[3] -> 4[4] via P2P/CUMEM
wings-7283c2a3c493-master-0:850799:851113 [4] NCCL INFO Channel 18/0 : 4[4] -> 5[5] via P2P/CUMEM
wings-7283c2a3c493-master-0:850796:851116 [1] NCCL INFO Channel 17/0 : 1[1] -> 2[2] via P2P/CUMEM
wings-7283c2a3c493-master-0:850795:851110 [0] NCCL INFO Channel 00/0 : 0[0] -> 1[1] via P2P/CUMEM
wings-7283c2a3c493-master-0:850800:851114 [5] NCCL INFO Channel 20/0 : 5[5] -> 6[6] via P2P/CUMEM
wings-7283c2a3c493-master-0:850797:851115 [2] NCCL INFO Channel 18/0 : 2[2] -> 3[3] via P2P/CUMEM
wings-7283c2a3c493-master-0:850798:851112 [3] NCCL INFO Channel 20/0 : 3[3] -> 4[4] via P2P/CUMEM
wings-7283c2a3c493-master-0:850799:851113 [4] NCCL INFO Channel 19/0 : 4[4] -> 5[5] via P2P/CUMEM
wings-7283c2a3c493-master-0:850795:851110 [0] NCCL INFO Channel 01/0 : 0[0] -> 1[1] via P2P/CUMEM
wings-7283c2a3c493-master-0:850800:851114 [5] NCCL INFO Channel 21/0 : 5[5] -> 6[6] via P2P/CUMEM
wings-7283c2a3c493-master-0:850796:851116 [1] NCCL INFO Channel 18/0 : 1[1] -> 2[2] via P2P/CUMEM
wings-7283c2a3c493-master-0:850798:851112 [3] NCCL INFO Channel 21/0 : 3[3] -> 4[4] via P2P/CUMEM
wings-7283c2a3c493-master-0:850799:851113 [4] NCCL INFO Channel 20/0 : 4[4] -> 5[5] via P2P/CUMEM
wings-7283c2a3c493-master-0:850797:851115 [2] NCCL INFO Channel 19/0 : 2[2] -> 3[3] via P2P/CUMEM
wings-7283c2a3c493-master-0:850800:851114 [5] NCCL INFO Channel 22/0 : 5[5] -> 6[6] via P2P/CUMEM
wings-7283c2a3c493-master-0:850799:851113 [4] NCCL INFO Channel 21/0 : 4[4] -> 5[5] via P2P/CUMEM
wings-7283c2a3c493-master-0:850798:851112 [3] NCCL INFO Channel 22/0 : 3[3] -> 4[4] via P2P/CUMEM
wings-7283c2a3c493-master-0:850795:851110 [0] NCCL INFO Channel 02/0 : 0[0] -> 1[1] via P2P/CUMEM
wings-7283c2a3c493-master-0:850797:851115 [2] NCCL INFO Channel 20/0 : 2[2] -> 3[3] via P2P/CUMEM
wings-7283c2a3c493-master-0:850796:851116 [1] NCCL INFO Channel 19/0 : 1[1] -> 2[2] via P2P/CUMEM
wings-7283c2a3c493-master-0:850800:851114 [5] NCCL INFO Channel 23/0 : 5[5] -> 6[6] via P2P/CUMEM
wings-7283c2a3c493-master-0:850798:851112 [3] NCCL INFO Channel 23/0 : 3[3] -> 4[4] via P2P/CUMEM
wings-7283c2a3c493-master-0:850799:851113 [4] NCCL INFO Channel 22/0 : 4[4] -> 5[5] via P2P/CUMEM
wings-7283c2a3c493-master-0:850796:851116 [1] NCCL INFO Channel 20/0 : 1[1] -> 2[2] via P2P/CUMEM
wings-7283c2a3c493-master-0:850795:851110 [0] NCCL INFO Channel 03/0 : 0[0] -> 1[1] via P2P/CUMEM
wings-7283c2a3c493-master-0:850797:851115 [2] NCCL INFO Channel 21/0 : 2[2] -> 3[3] via P2P/CUMEM
wings-7283c2a3c493-master-0:850799:851113 [4] NCCL INFO Channel 23/0 : 4[4] -> 5[5] via P2P/CUMEM
wings-7283c2a3c493-master-0:850795:851110 [0] NCCL INFO Channel 04/0 : 0[0] -> 1[1] via P2P/CUMEM
wings-7283c2a3c493-master-0:850796:851116 [1] NCCL INFO Channel 21/0 : 1[1] -> 2[2] via P2P/CUMEM
wings-7283c2a3c493-master-0:850795:851110 [0] NCCL INFO Channel 05/0 : 0[0] -> 1[1] via P2P/CUMEM
wings-7283c2a3c493-master-0:850796:851116 [1] NCCL INFO Channel 22/0 : 1[1] -> 2[2] via P2P/CUMEM
wings-7283c2a3c493-master-0:850796:851116 [1] NCCL INFO Channel 23/0 : 1[1] -> 2[2] via P2P/CUMEM
wings-7283c2a3c493-master-0:850797:851115 [2] NCCL INFO Channel 22/0 : 2[2] -> 3[3] via P2P/CUMEM
wings-7283c2a3c493-master-0:850797:851115 [2] NCCL INFO Channel 23/0 : 2[2] -> 3[3] via P2P/CUMEM
wings-7283c2a3c493-master-0:850795:851110 [0] NCCL INFO Channel 06/0 : 0[0] -> 1[1] via P2P/CUMEM
wings-7283c2a3c493-master-0:850795:851110 [0] NCCL INFO Channel 07/0 : 0[0] -> 1[1] via P2P/CUMEM
wings-7283c2a3c493-master-0:850795:851110 [0] NCCL INFO Channel 08/0 : 0[0] -> 1[1] via P2P/CUMEM
wings-7283c2a3c493-master-0:850795:851110 [0] NCCL INFO Channel 09/0 : 0[0] -> 1[1] via P2P/CUMEM
wings-7283c2a3c493-master-0:850795:851110 [0] NCCL INFO Channel 10/0 : 0[0] -> 1[1] via P2P/CUMEM
wings-7283c2a3c493-master-0:850795:851110 [0] NCCL INFO Channel 11/0 : 0[0] -> 1[1] via P2P/CUMEM
wings-7283c2a3c493-master-0:850795:851110 [0] NCCL INFO Channel 12/0 : 0[0] -> 1[1] via P2P/CUMEM
wings-7283c2a3c493-master-0:850795:851110 [0] NCCL INFO Channel 13/0 : 0[0] -> 1[1] via P2P/CUMEM
wings-7283c2a3c493-master-0:850795:851110 [0] NCCL INFO Channel 14/0 : 0[0] -> 1[1] via P2P/CUMEM
wings-7283c2a3c493-master-0:850795:851110 [0] NCCL INFO Channel 15/0 : 0[0] -> 1[1] via P2P/CUMEM
wings-7283c2a3c493-master-0:850795:851110 [0] NCCL INFO Channel 16/0 : 0[0] -> 1[1] via P2P/CUMEM
wings-7283c2a3c493-master-0:850795:851110 [0] NCCL INFO Channel 17/0 : 0[0] -> 1[1] via P2P/CUMEM
wings-7283c2a3c493-master-0:850795:851110 [0] NCCL INFO Channel 18/0 : 0[0] -> 1[1] via P2P/CUMEM
wings-7283c2a3c493-master-0:850795:851110 [0] NCCL INFO Channel 19/0 : 0[0] -> 1[1] via P2P/CUMEM
wings-7283c2a3c493-master-0:850795:851110 [0] NCCL INFO Channel 20/0 : 0[0] -> 1[1] via P2P/CUMEM
wings-7283c2a3c493-master-0:850795:851110 [0] NCCL INFO Channel 21/0 : 0[0] -> 1[1] via P2P/CUMEM
wings-7283c2a3c493-master-0:850795:851110 [0] NCCL INFO Channel 22/0 : 0[0] -> 1[1] via P2P/CUMEM
wings-7283c2a3c493-master-0:850795:851110 [0] NCCL INFO Channel 23/0 : 0[0] -> 1[1] via P2P/CUMEM
wings-7283c2a3c493-master-0:850801:851109 [6] NCCL INFO Connected all rings, use ring PXN 0 GDR 1
wings-7283c2a3c493-master-0:850797:851115 [2] NCCL INFO Connected all rings, use ring PXN 0 GDR 1
wings-7283c2a3c493-master-0:850799:851113 [4] NCCL INFO Connected all rings, use ring PXN 0 GDR 1
wings-7283c2a3c493-master-0:850800:851114 [5] NCCL INFO Connected all rings, use ring PXN 0 GDR 1
wings-7283c2a3c493-master-0:850802:851111 [7] NCCL INFO Connected all rings, use ring PXN 0 GDR 1
wings-7283c2a3c493-master-0:850798:851112 [3] NCCL INFO Connected all rings, use ring PXN 0 GDR 1
wings-7283c2a3c493-master-0:850796:851116 [1] NCCL INFO Connected all rings, use ring PXN 0 GDR 1
wings-7283c2a3c493-master-0:850795:851110 [0] NCCL INFO Connected all rings, use ring PXN 0 GDR 1
(Worker pid=850802) INFO 05-17 19:00:10 [parallel_state.py:1715] rank 7 in world size 8 is assigned as DP rank 0, PP rank 0, PCP rank 0, TP rank 7, EP rank N/A, EPLB rank N/A
(Worker pid=850801) INFO 05-17 19:00:10 [parallel_state.py:1715] rank 6 in world size 8 is assigned as DP rank 0, PP rank 0, PCP rank 0, TP rank 6, EP rank N/A, EPLB rank N/A
(Worker pid=850800) INFO 05-17 19:00:10 [parallel_state.py:1715] rank 5 in world size 8 is assigned as DP rank 0, PP rank 0, PCP rank 0, TP rank 5, EP rank N/A, EPLB rank N/A
(Worker pid=850799) INFO 05-17 19:00:10 [parallel_state.py:1715] rank 4 in world size 8 is assigned as DP rank 0, PP rank 0, PCP rank 0, TP rank 4, EP rank N/A, EPLB rank N/A
(Worker pid=850796) INFO 05-17 19:00:10 [parallel_state.py:1715] rank 1 in world size 8 is assigned as DP rank 0, PP rank 0, PCP rank 0, TP rank 1, EP rank N/A, EPLB rank N/A
(Worker pid=850795) INFO 05-17 19:00:10 [parallel_state.py:1715] rank 0 in world size 8 is assigned as DP rank 0, PP rank 0, PCP rank 0, TP rank 0, EP rank N/A, EPLB rank N/A
(Worker pid=850797) INFO 05-17 19:00:10 [parallel_state.py:1715] rank 2 in world size 8 is assigned as DP rank 0, PP rank 0, PCP rank 0, TP rank 2, EP rank N/A, EPLB rank N/A
(Worker pid=850798) INFO 05-17 19:00:10 [parallel_state.py:1715] rank 3 in world size 8 is assigned as DP rank 0, PP rank 0, PCP rank 0, TP rank 3, EP rank N/A, EPLB rank N/A
(Worker pid=850801) The image processor of type `Qwen2VLImageProcessor` is now loaded as a fast processor by default, even if the model checkpoint was saved with a slow processor. This is a breaking change and may produce slightly different outputs. To continue using the slow processor, instantiate this class with `use_fast=False`. Note that this behavior will be extended to all models in a future release.
(Worker pid=850795) The image processor of type `Qwen2VLImageProcessor` is now loaded as a fast processor by default, even if the model checkpoint was saved with a slow processor. This is a breaking change and may produce slightly different outputs. To continue using the slow processor, instantiate this class with `use_fast=False`. Note that this behavior will be extended to all models in a future release.
(Worker pid=850802) The image processor of type `Qwen2VLImageProcessor` is now loaded as a fast processor by default, even if the model checkpoint was saved with a slow processor. This is a breaking change and may produce slightly different outputs. To continue using the slow processor, instantiate this class with `use_fast=False`. Note that this behavior will be extended to all models in a future release.
(Worker pid=850800) The image processor of type `Qwen2VLImageProcessor` is now loaded as a fast processor by default, even if the model checkpoint was saved with a slow processor. This is a breaking change and may produce slightly different outputs. To continue using the slow processor, instantiate this class with `use_fast=False`. Note that this behavior will be extended to all models in a future release.
(Worker pid=850799) The image processor of type `Qwen2VLImageProcessor` is now loaded as a fast processor by default, even if the model checkpoint was saved with a slow processor. This is a breaking change and may produce slightly different outputs. To continue using the slow processor, instantiate this class with `use_fast=False`. Note that this behavior will be extended to all models in a future release.
(Worker pid=850796) The image processor of type `Qwen2VLImageProcessor` is now loaded as a fast processor by default, even if the model checkpoint was saved with a slow processor. This is a breaking change and may produce slightly different outputs. To continue using the slow processor, instantiate this class with `use_fast=False`. Note that this behavior will be extended to all models in a future release.
(Worker pid=850797) The image processor of type `Qwen2VLImageProcessor` is now loaded as a fast processor by default, even if the model checkpoint was saved with a slow processor. This is a breaking change and may produce slightly different outputs. To continue using the slow processor, instantiate this class with `use_fast=False`. Note that this behavior will be extended to all models in a future release.
(Worker pid=850798) The image processor of type `Qwen2VLImageProcessor` is now loaded as a fast processor by default, even if the model checkpoint was saved with a slow processor. This is a breaking change and may produce slightly different outputs. To continue using the slow processor, instantiate this class with `use_fast=False`. Note that this behavior will be extended to all models in a future release.
(Worker pid=850801) INFO 05-17 19:00:12 [base.py:106] Offloader set to NoopOffloader
(Worker pid=850801) (Worker_TP6 pid=850801) INFO 05-17 19:00:13 [cuda.py:453] Using backend AttentionBackendEnum.FLASH_ATTN for vit attention
(Worker pid=850801) (Worker_TP6 pid=850801) INFO 05-17 19:00:13 [mm_encoder_attention.py:215] Using AttentionBackendEnum.FLASH_ATTN for MMEncoderAttention.
(Worker pid=850801) (Worker_TP6 pid=850801) INFO 05-17 19:00:13 [vllm.py:747] Asynchronous scheduling is enabled.
(Worker pid=850802) INFO 05-17 19:00:13 [base.py:106] Offloader set to NoopOffloader
(Worker pid=850798) INFO 05-17 19:00:13 [base.py:106] Offloader set to NoopOffloader
(Worker pid=850797) INFO 05-17 19:00:13 [base.py:106] Offloader set to NoopOffloader
(Worker pid=850796) INFO 05-17 19:00:13 [base.py:106] Offloader set to NoopOffloader
(Worker pid=850799) INFO 05-17 19:00:13 [base.py:106] Offloader set to NoopOffloader
(Worker pid=850795) INFO 05-17 19:00:13 [base.py:106] Offloader set to NoopOffloader
(Worker pid=850795) (Worker_TP0 pid=850795) INFO 05-17 19:00:13 [gpu_model_runner.py:4281] Starting to load model /root/Qwen2.5-VL-32B-Instruct...
(Worker pid=850800) INFO 05-17 19:00:13 [base.py:106] Offloader set to NoopOffloader
(Worker pid=850798) (Worker_TP3 pid=850798) INFO 05-17 19:00:13 [cuda.py:453] Using backend AttentionBackendEnum.FLASH_ATTN for vit attention
(Worker pid=850798) (Worker_TP3 pid=850798) INFO 05-17 19:00:13 [mm_encoder_attention.py:215] Using AttentionBackendEnum.FLASH_ATTN for MMEncoderAttention.
(Worker pid=850797) (Worker_TP2 pid=850797) INFO 05-17 19:00:13 [cuda.py:453] Using backend AttentionBackendEnum.FLASH_ATTN for vit attention
(Worker pid=850797) (Worker_TP2 pid=850797) INFO 05-17 19:00:13 [mm_encoder_attention.py:215] Using AttentionBackendEnum.FLASH_ATTN for MMEncoderAttention.
(Worker pid=850796) (Worker_TP1 pid=850796) INFO 05-17 19:00:13 [cuda.py:453] Using backend AttentionBackendEnum.FLASH_ATTN for vit attention
(Worker pid=850798) (Worker_TP3 pid=850798) INFO 05-17 19:00:13 [vllm.py:747] Asynchronous scheduling is enabled.
(Worker pid=850796) (Worker_TP1 pid=850796) INFO 05-17 19:00:13 [mm_encoder_attention.py:215] Using AttentionBackendEnum.FLASH_ATTN for MMEncoderAttention.
(Worker pid=850797) (Worker_TP2 pid=850797) INFO 05-17 19:00:13 [vllm.py:747] Asynchronous scheduling is enabled.
(Worker pid=850795) (Worker_TP0 pid=850795) INFO 05-17 19:00:13 [cuda.py:453] Using backend AttentionBackendEnum.FLASH_ATTN for vit attention
(Worker pid=850796) (Worker_TP1 pid=850796) INFO 05-17 19:00:13 [vllm.py:747] Asynchronous scheduling is enabled.
(Worker pid=850795) (Worker_TP0 pid=850795) INFO 05-17 19:00:13 [mm_encoder_attention.py:215] Using AttentionBackendEnum.FLASH_ATTN for MMEncoderAttention.
(Worker pid=850802) (Worker_TP7 pid=850802) INFO 05-17 19:00:13 [cuda.py:453] Using backend AttentionBackendEnum.FLASH_ATTN for vit attention
(Worker pid=850802) (Worker_TP7 pid=850802) INFO 05-17 19:00:13 [mm_encoder_attention.py:215] Using AttentionBackendEnum.FLASH_ATTN for MMEncoderAttention.
(Worker pid=850799) (Worker_TP4 pid=850799) INFO 05-17 19:00:13 [cuda.py:453] Using backend AttentionBackendEnum.FLASH_ATTN for vit attention
(Worker pid=850799) (Worker_TP4 pid=850799) INFO 05-17 19:00:13 [mm_encoder_attention.py:215] Using AttentionBackendEnum.FLASH_ATTN for MMEncoderAttention.
(Worker pid=850795) (Worker_TP0 pid=850795) INFO 05-17 19:00:13 [vllm.py:747] Asynchronous scheduling is enabled.
(Worker pid=850802) (Worker_TP7 pid=850802) INFO 05-17 19:00:13 [vllm.py:747] Asynchronous scheduling is enabled.
(Worker pid=850795) (Worker_TP0 pid=850795) INFO 05-17 19:00:13 [cuda.py:405] Using FLASH_ATTN attention backend out of potential backends: ['FLASH_ATTN', 'FLASHINFER', 'TRITON_ATTN', 'FLEX_ATTENTION'].
(Worker pid=850795) (Worker_TP0 pid=850795) INFO 05-17 19:00:13 [flash_attn.py:587] Using FlashAttention version 3
(Worker pid=850799) (Worker_TP4 pid=850799) INFO 05-17 19:00:13 [vllm.py:747] Asynchronous scheduling is enabled.
(Worker pid=850800) (Worker_TP5 pid=850800) INFO 05-17 19:00:13 [cuda.py:453] Using backend AttentionBackendEnum.FLASH_ATTN for vit attention
(Worker pid=850800) (Worker_TP5 pid=850800) INFO 05-17 19:00:13 [mm_encoder_attention.py:215] Using AttentionBackendEnum.FLASH_ATTN for MMEncoderAttention.
(Worker pid=850800) (Worker_TP5 pid=850800) INFO 05-17 19:00:14 [vllm.py:747] Asynchronous scheduling is enabled.
(Worker pid=850795) (Worker_TP0 pid=850795) Loading safetensors checkpoint shards:   0% Completed | 0/18 [00:00<?, ?it/s]
(Worker pid=850795) (Worker_TP0 pid=850795) Loading safetensors checkpoint shards:   6% Completed | 1/18 [00:00<00:03,  5.19it/s]
(Worker pid=850795) (Worker_TP0 pid=850795) Loading safetensors checkpoint shards:  11% Completed | 2/18 [00:00<00:07,  2.02it/s]
(Worker pid=850795) (Worker_TP0 pid=850795) Loading safetensors checkpoint shards:  17% Completed | 3/18 [00:01<00:10,  1.47it/s]
(Worker pid=850795) (Worker_TP0 pid=850795) Loading safetensors checkpoint shards:  22% Completed | 4/18 [00:02<00:10,  1.35it/s]
(Worker pid=850795) (Worker_TP0 pid=850795) Loading safetensors checkpoint shards:  28% Completed | 5/18 [00:03<00:09,  1.32it/s]
(Worker pid=850795) (Worker_TP0 pid=850795) Loading safetensors checkpoint shards:  33% Completed | 6/18 [00:04<00:10,  1.18it/s]
(Worker pid=850795) (Worker_TP0 pid=850795) Loading safetensors checkpoint shards:  39% Completed | 7/18 [00:05<00:09,  1.13it/s]
(Worker pid=850795) (Worker_TP0 pid=850795) Loading safetensors checkpoint shards:  44% Completed | 8/18 [00:06<00:08,  1.11it/s]
(Worker pid=850795) (Worker_TP0 pid=850795) Loading safetensors checkpoint shards:  50% Completed | 9/18 [00:07<00:08,  1.11it/s]
(Worker pid=850795) (Worker_TP0 pid=850795) Loading safetensors checkpoint shards:  56% Completed | 10/18 [00:08<00:07,  1.10it/s]
(Worker pid=850795) (Worker_TP0 pid=850795) Loading safetensors checkpoint shards:  61% Completed | 11/18 [00:09<00:06,  1.06it/s]
(Worker pid=850795) (Worker_TP0 pid=850795) Loading safetensors checkpoint shards:  67% Completed | 12/18 [00:10<00:05,  1.06it/s]
(Worker pid=850795) (Worker_TP0 pid=850795) Loading safetensors checkpoint shards:  72% Completed | 13/18 [00:11<00:04,  1.07it/s]
(Worker pid=850795) (Worker_TP0 pid=850795) Loading safetensors checkpoint shards:  78% Completed | 14/18 [00:12<00:03,  1.07it/s]
(Worker pid=850795) (Worker_TP0 pid=850795) Loading safetensors checkpoint shards:  83% Completed | 15/18 [00:12<00:02,  1.09it/s]
(Worker pid=850795) (Worker_TP0 pid=850795) Loading safetensors checkpoint shards:  89% Completed | 16/18 [00:13<00:01,  1.08it/s]
(Worker pid=850795) (Worker_TP0 pid=850795) Loading safetensors checkpoint shards:  94% Completed | 17/18 [00:14<00:00,  1.12it/s]
(Worker pid=850795) (Worker_TP0 pid=850795) Loading safetensors checkpoint shards: 100% Completed | 18/18 [00:15<00:00,  1.18it/s]
(Worker pid=850795) (Worker_TP0 pid=850795) Loading safetensors checkpoint shards: 100% Completed | 18/18 [00:15<00:00,  1.17it/s]
(Worker pid=850795) (Worker_TP0 pid=850795) 
(Worker pid=850795) (Worker_TP0 pid=850795) INFO 05-17 19:00:29 [default_loader.py:293] Loading weights took 15.47 seconds
(Worker pid=850795) (Worker_TP0 pid=850795) INFO 05-17 19:00:30 [gpu_model_runner.py:4364] Model loading took 7.97 GiB memory and 15.921630 seconds
(Worker pid=850798) (Worker_TP3 pid=850798) INFO 05-17 19:00:30 [gpu_model_runner.py:5280] Encoder cache will be initialized with a budget of 32768 tokens, and profiled with 1 video items of the maximum feature size.
(Worker pid=850801) (Worker_TP6 pid=850801) INFO 05-17 19:00:30 [gpu_model_runner.py:5280] Encoder cache will be initialized with a budget of 32768 tokens, and profiled with 1 video items of the maximum feature size.
(Worker pid=850796) (Worker_TP1 pid=850796) INFO 05-17 19:00:30 [gpu_model_runner.py:5280] Encoder cache will be initialized with a budget of 32768 tokens, and profiled with 1 video items of the maximum feature size.
(Worker pid=850799) (Worker_TP4 pid=850799) INFO 05-17 19:00:30 [gpu_model_runner.py:5280] Encoder cache will be initialized with a budget of 32768 tokens, and profiled with 1 video items of the maximum feature size.
(Worker pid=850795) (Worker_TP0 pid=850795) INFO 05-17 19:00:30 [gpu_model_runner.py:5280] Encoder cache will be initialized with a budget of 32768 tokens, and profiled with 1 video items of the maximum feature size.
(Worker pid=850797) (Worker_TP2 pid=850797) INFO 05-17 19:00:30 [gpu_model_runner.py:5280] Encoder cache will be initialized with a budget of 32768 tokens, and profiled with 1 video items of the maximum feature size.
(Worker pid=850800) (Worker_TP5 pid=850800) INFO 05-17 19:00:30 [gpu_model_runner.py:5280] Encoder cache will be initialized with a budget of 32768 tokens, and profiled with 1 video items of the maximum feature size.
(Worker pid=850802) (Worker_TP7 pid=850802) INFO 05-17 19:00:30 [gpu_model_runner.py:5280] Encoder cache will be initialized with a budget of 32768 tokens, and profiled with 1 video items of the maximum feature size.
(Worker pid=850801) (Worker_TP6 pid=850801) INFO 05-17 19:00:41 [decorators.py:465] Directly load AOT compilation from path /root/.cache/vllm/torch_compile_cache/torch_aot_compile/df76474bdf57d08554be0afa16dcdd9775575dc098b86e03bf0f361a3dbd93b7/rank_6_0/model
(Worker pid=850799) (Worker_TP4 pid=850799) INFO 05-17 19:00:41 [decorators.py:465] Directly load AOT compilation from path /root/.cache/vllm/torch_compile_cache/torch_aot_compile/df76474bdf57d08554be0afa16dcdd9775575dc098b86e03bf0f361a3dbd93b7/rank_4_0/model
(Worker pid=850801) (Worker_TP6 pid=850801) [2026-05-17 19:00:41] INFO mnnvl.py:942: [SymmDeviceMemory] Rank: 6, Group size: 8, device_idx: 6, Signal pad offset: 4194304
(Worker pid=850800) (Worker_TP5 pid=850800) INFO 05-17 19:00:41 [decorators.py:465] Directly load AOT compilation from path /root/.cache/vllm/torch_compile_cache/torch_aot_compile/df76474bdf57d08554be0afa16dcdd9775575dc098b86e03bf0f361a3dbd93b7/rank_5_0/model
(Worker pid=850796) (Worker_TP1 pid=850796) INFO 05-17 19:00:41 [decorators.py:465] Directly load AOT compilation from path /root/.cache/vllm/torch_compile_cache/torch_aot_compile/df76474bdf57d08554be0afa16dcdd9775575dc098b86e03bf0f361a3dbd93b7/rank_1_0/model
(Worker pid=850799) (Worker_TP4 pid=850799) [2026-05-17 19:00:41] INFO mnnvl.py:942: [SymmDeviceMemory] Rank: 4, Group size: 8, device_idx: 4, Signal pad offset: 4194304
(Worker pid=850800) (Worker_TP5 pid=850800) [2026-05-17 19:00:41] INFO mnnvl.py:942: [SymmDeviceMemory] Rank: 5, Group size: 8, device_idx: 5, Signal pad offset: 4194304
(Worker pid=850796) (Worker_TP1 pid=850796) [2026-05-17 19:00:41] INFO mnnvl.py:942: [SymmDeviceMemory] Rank: 1, Group size: 8, device_idx: 1, Signal pad offset: 4194304
(Worker pid=850802) (Worker_TP7 pid=850802) INFO 05-17 19:00:41 [decorators.py:465] Directly load AOT compilation from path /root/.cache/vllm/torch_compile_cache/torch_aot_compile/df76474bdf57d08554be0afa16dcdd9775575dc098b86e03bf0f361a3dbd93b7/rank_7_0/model
(Worker pid=850797) (Worker_TP2 pid=850797) INFO 05-17 19:00:41 [decorators.py:465] Directly load AOT compilation from path /root/.cache/vllm/torch_compile_cache/torch_aot_compile/df76474bdf57d08554be0afa16dcdd9775575dc098b86e03bf0f361a3dbd93b7/rank_2_0/model
(Worker pid=850802) (Worker_TP7 pid=850802) [2026-05-17 19:00:41] INFO mnnvl.py:942: [SymmDeviceMemory] Rank: 7, Group size: 8, device_idx: 7, Signal pad offset: 4194304
(Worker pid=850797) (Worker_TP2 pid=850797) [2026-05-17 19:00:41] INFO mnnvl.py:942: [SymmDeviceMemory] Rank: 2, Group size: 8, device_idx: 2, Signal pad offset: 4194304
(Worker pid=850798) (Worker_TP3 pid=850798) INFO 05-17 19:00:41 [decorators.py:465] Directly load AOT compilation from path /root/.cache/vllm/torch_compile_cache/torch_aot_compile/df76474bdf57d08554be0afa16dcdd9775575dc098b86e03bf0f361a3dbd93b7/rank_3_0/model
(Worker pid=850795) (Worker_TP0 pid=850795) INFO 05-17 19:00:41 [decorators.py:465] Directly load AOT compilation from path /root/.cache/vllm/torch_compile_cache/torch_aot_compile/df76474bdf57d08554be0afa16dcdd9775575dc098b86e03bf0f361a3dbd93b7/rank_0_0/model
(Worker pid=850798) (Worker_TP3 pid=850798) [2026-05-17 19:00:41] INFO mnnvl.py:942: [SymmDeviceMemory] Rank: 3, Group size: 8, device_idx: 3, Signal pad offset: 4194304
(Worker pid=850795) (Worker_TP0 pid=850795) INFO 05-17 19:00:41 [backends.py:916] Using cache directory: /root/.cache/vllm/torch_compile_cache/b171c98210/rank_0_0/backbone for vLLM's torch.compile
(Worker pid=850795) (Worker_TP0 pid=850795) INFO 05-17 19:00:41 [backends.py:976] Dynamo bytecode transform time: 5.56 s
(Worker pid=850795) (Worker_TP0 pid=850795) [2026-05-17 19:00:41] INFO mnnvl.py:942: [SymmDeviceMemory] Rank: 0, Group size: 8, device_idx: 0, Signal pad offset: 4194304
wings-7283c2a3c493-master-0:850795:850795 [0] NCCL INFO Comm config Blocking set to 1
wings-7283c2a3c493-master-0:850801:850801 [6] NCCL INFO Comm config Blocking set to 1
wings-7283c2a3c493-master-0:850797:850797 [2] NCCL INFO Comm config Blocking set to 1
wings-7283c2a3c493-master-0:850800:850800 [5] NCCL INFO Comm config Blocking set to 1
wings-7283c2a3c493-master-0:850802:850802 [7] NCCL INFO Comm config Blocking set to 1
wings-7283c2a3c493-master-0:850799:850799 [4] NCCL INFO Comm config Blocking set to 1
wings-7283c2a3c493-master-0:850798:850798 [3] NCCL INFO Comm config Blocking set to 1
wings-7283c2a3c493-master-0:850796:850796 [1] NCCL INFO Comm config Blocking set to 1
wings-7283c2a3c493-master-0:850795:853163 [0] NCCL INFO Assigned NET plugin NCCL RDMA Plugin v9 to comm
wings-7283c2a3c493-master-0:850795:853163 [0] NCCL INFO Using network NCCL RDMA Plugin v9
wings-7283c2a3c493-master-0:850795:853163 [0] NCCL INFO DMA-BUF is available on GPU device 0
wings-7283c2a3c493-master-0:850801:853164 [6] NCCL INFO Assigned NET plugin NCCL RDMA Plugin v9 to comm
wings-7283c2a3c493-master-0:850801:853164 [6] NCCL INFO Using network NCCL RDMA Plugin v9
wings-7283c2a3c493-master-0:850801:853164 [6] NCCL INFO DMA-BUF is available on GPU device 6
wings-7283c2a3c493-master-0:850802:853166 [7] NCCL INFO Assigned NET plugin NCCL RDMA Plugin v9 to comm
wings-7283c2a3c493-master-0:850802:853166 [7] NCCL INFO Using network NCCL RDMA Plugin v9
wings-7283c2a3c493-master-0:850797:853165 [2] NCCL INFO Assigned NET plugin NCCL RDMA Plugin v9 to comm
wings-7283c2a3c493-master-0:850797:853165 [2] NCCL INFO Using network NCCL RDMA Plugin v9
wings-7283c2a3c493-master-0:850800:853167 [5] NCCL INFO Assigned NET plugin NCCL RDMA Plugin v9 to comm
wings-7283c2a3c493-master-0:850799:853168 [4] NCCL INFO Assigned NET plugin NCCL RDMA Plugin v9 to comm
wings-7283c2a3c493-master-0:850802:853166 [7] NCCL INFO DMA-BUF is available on GPU device 7
wings-7283c2a3c493-master-0:850800:853167 [5] NCCL INFO Using network NCCL RDMA Plugin v9
wings-7283c2a3c493-master-0:850797:853165 [2] NCCL INFO DMA-BUF is available on GPU device 2
wings-7283c2a3c493-master-0:850799:853168 [4] NCCL INFO Using network NCCL RDMA Plugin v9
wings-7283c2a3c493-master-0:850800:853167 [5] NCCL INFO DMA-BUF is available on GPU device 5
wings-7283c2a3c493-master-0:850799:853168 [4] NCCL INFO DMA-BUF is available on GPU device 4
wings-7283c2a3c493-master-0:850795:853163 [0] NCCL INFO ncclCommInitRankConfig comm 0x563350f24a60 rank 0 nranks 8 cudaDev 0 nvmlDev 0 busId c000 commId 0x3fd6d625d1dd4fd2 - Init START
wings-7283c2a3c493-master-0:850798:853169 [3] NCCL INFO Assigned NET plugin NCCL RDMA Plugin v9 to comm
wings-7283c2a3c493-master-0:850796:853170 [1] NCCL INFO Assigned NET plugin NCCL RDMA Plugin v9 to comm
wings-7283c2a3c493-master-0:850801:853164 [6] NCCL INFO ncclCommInitRankConfig comm 0x558213019180 rank 6 nranks 8 cudaDev 6 nvmlDev 6 busId 91000 commId 0x3fd6d625d1dd4fd2 - Init START
wings-7283c2a3c493-master-0:850798:853169 [3] NCCL INFO Using network NCCL RDMA Plugin v9
wings-7283c2a3c493-master-0:850796:853170 [1] NCCL INFO Using network NCCL RDMA Plugin v9
wings-7283c2a3c493-master-0:850796:853170 [1] NCCL INFO DMA-BUF is available on GPU device 1
wings-7283c2a3c493-master-0:850798:853169 [3] NCCL INFO DMA-BUF is available on GPU device 3
wings-7283c2a3c493-master-0:850802:853166 [7] NCCL INFO ncclCommInitRankConfig comm 0x55de4cef2ac0 rank 7 nranks 8 cudaDev 7 nvmlDev 7 busId e4000 commId 0x3fd6d625d1dd4fd2 - Init START
wings-7283c2a3c493-master-0:850797:853165 [2] NCCL INFO ncclCommInitRankConfig comm 0x55ff0fc1b930 rank 2 nranks 8 cudaDev 2 nvmlDev 2 busId 19000 commId 0x3fd6d625d1dd4fd2 - Init START
wings-7283c2a3c493-master-0:850800:853167 [5] NCCL INFO ncclCommInitRankConfig comm 0x5625848ee0e0 rank 5 nranks 8 cudaDev 5 nvmlDev 5 busId 8b000 commId 0x3fd6d625d1dd4fd2 - Init START
wings-7283c2a3c493-master-0:850799:853168 [4] NCCL INFO ncclCommInitRankConfig comm 0x55724a60fb00 rank 4 nranks 8 cudaDev 4 nvmlDev 4 busId 84000 commId 0x3fd6d625d1dd4fd2 - Init START
wings-7283c2a3c493-master-0:850796:853170 [1] NCCL INFO ncclCommInitRankConfig comm 0x564065e14310 rank 1 nranks 8 cudaDev 1 nvmlDev 1 busId 13000 commId 0x3fd6d625d1dd4fd2 - Init START
wings-7283c2a3c493-master-0:850798:853169 [3] NCCL INFO ncclCommInitRankConfig comm 0x5586850f4780 rank 3 nranks 8 cudaDev 3 nvmlDev 3 busId 67000 commId 0x3fd6d625d1dd4fd2 - Init START
wings-7283c2a3c493-master-0:850796:853170 [1] NCCL INFO Bootstrap timings total 0.000409 (create 0.000019, send 0.000068, recv 0.000054, ring 0.000184, delay 0.000000)
wings-7283c2a3c493-master-0:850795:853163 [0] NCCL INFO Bootstrap timings total 0.000869 (create 0.000017, send 0.000072, recv 0.000484, ring 0.000210, delay 0.000000)
wings-7283c2a3c493-master-0:850797:853165 [2] NCCL INFO Bootstrap timings total 0.000663 (create 0.000018, send 0.000065, recv 0.000369, ring 0.000125, delay 0.000000)
wings-7283c2a3c493-master-0:850802:853166 [7] NCCL INFO Bootstrap timings total 0.000686 (create 0.000019, send 0.000062, recv 0.000103, ring 0.000416, delay 0.000000)
wings-7283c2a3c493-master-0:850799:853168 [4] NCCL INFO Bootstrap timings total 0.000651 (create 0.000025, send 0.000057, recv 0.000161, ring 0.000096, delay 0.000000)
wings-7283c2a3c493-master-0:850801:853164 [6] NCCL INFO Bootstrap timings total 0.000735 (create 0.000020, send 0.000081, recv 0.000093, ring 0.000359, delay 0.000000)
wings-7283c2a3c493-master-0:850800:853167 [5] NCCL INFO Bootstrap timings total 0.000660 (create 0.000031, send 0.000060, recv 0.000128, ring 0.000324, delay 0.000000)
wings-7283c2a3c493-master-0:850798:853169 [3] NCCL INFO Bootstrap timings total 0.000378 (create 0.000021, send 0.000066, recv 0.000110, ring 0.000081, delay 0.000000)
wings-7283c2a3c493-master-0:850796:853170 [1] NCCL INFO MNNVL busId 0x13000 fabric UUID 0.0 cliqueId 0x0 state 3 healthMask 0x0
wings-7283c2a3c493-master-0:850801:853164 [6] NCCL INFO MNNVL busId 0x91000 fabric UUID 0.0 cliqueId 0x0 state 3 healthMask 0x0
wings-7283c2a3c493-master-0:850797:853165 [2] NCCL INFO MNNVL busId 0x19000 fabric UUID 0.0 cliqueId 0x0 state 3 healthMask 0x0
wings-7283c2a3c493-master-0:850800:853167 [5] NCCL INFO MNNVL busId 0x8b000 fabric UUID 0.0 cliqueId 0x0 state 3 healthMask 0x0
wings-7283c2a3c493-master-0:850798:853169 [3] NCCL INFO MNNVL busId 0x67000 fabric UUID 0.0 cliqueId 0x0 state 3 healthMask 0x0
wings-7283c2a3c493-master-0:850799:853168 [4] NCCL INFO MNNVL busId 0x84000 fabric UUID 0.0 cliqueId 0x0 state 3 healthMask 0x0
wings-7283c2a3c493-master-0:850802:853166 [7] NCCL INFO MNNVL busId 0xe4000 fabric UUID 0.0 cliqueId 0x0 state 3 healthMask 0x0
wings-7283c2a3c493-master-0:850795:853163 [0] NCCL INFO MNNVL busId 0xc000 fabric UUID 0.0 cliqueId 0x0 state 3 healthMask 0x0
wings-7283c2a3c493-master-0:850802:853166 [7] NCCL INFO Setting affinity for GPU 7 to 72-95,168-191
wings-7283c2a3c493-master-0:850801:853164 [6] NCCL INFO Setting affinity for GPU 6 to 48-71,144-167
wings-7283c2a3c493-master-0:850800:853167 [5] NCCL INFO Setting affinity for GPU 5 to 48-71,144-167
wings-7283c2a3c493-master-0:850798:853169 [3] NCCL INFO Setting affinity for GPU 3 to 24-47,120-143
wings-7283c2a3c493-master-0:850799:853168 [4] NCCL INFO Setting affinity for GPU 4 to 48-71,144-167
wings-7283c2a3c493-master-0:850796:853170 [1] NCCL INFO Setting affinity for GPU 1 to 0-23,96-119
wings-7283c2a3c493-master-0:850795:853163 [0] NCCL INFO Setting affinity for GPU 0 to 0-23,96-119
wings-7283c2a3c493-master-0:850797:853165 [2] NCCL INFO Setting affinity for GPU 2 to 0-23,96-119
wings-7283c2a3c493-master-0:850797:853165 [2] NCCL INFO comm 0x55ff0fc1b930 rank 2 nRanks 8 nNodes 1 localRanks 8 localRank 2 MNNVL 0
wings-7283c2a3c493-master-0:850798:853169 [3] NCCL INFO comm 0x5586850f4780 rank 3 nRanks 8 nNodes 1 localRanks 8 localRank 3 MNNVL 0
wings-7283c2a3c493-master-0:850795:853163 [0] NCCL INFO comm 0x563350f24a60 rank 0 nRanks 8 nNodes 1 localRanks 8 localRank 0 MNNVL 0
wings-7283c2a3c493-master-0:850801:853164 [6] NCCL INFO comm 0x558213019180 rank 6 nRanks 8 nNodes 1 localRanks 8 localRank 6 MNNVL 0
wings-7283c2a3c493-master-0:850799:853168 [4] NCCL INFO comm 0x55724a60fb00 rank 4 nRanks 8 nNodes 1 localRanks 8 localRank 4 MNNVL 0
wings-7283c2a3c493-master-0:850800:853167 [5] NCCL INFO comm 0x5625848ee0e0 rank 5 nRanks 8 nNodes 1 localRanks 8 localRank 5 MNNVL 0
wings-7283c2a3c493-master-0:850796:853170 [1] NCCL INFO comm 0x564065e14310 rank 1 nRanks 8 nNodes 1 localRanks 8 localRank 1 MNNVL 0
wings-7283c2a3c493-master-0:850802:853166 [7] NCCL INFO comm 0x55de4cef2ac0 rank 7 nRanks 8 nNodes 1 localRanks 8 localRank 7 MNNVL 0
wings-7283c2a3c493-master-0:850797:853165 [2] NCCL INFO Trees [0] 3/-1/-1->2->1 [1] 3/-1/-1->2->1 [2] 3/-1/-1->2->1 [3] 3/-1/-1->2->1 [4] 3/-1/-1->2->1 [5] 3/-1/-1->2->1 [6] 3/-1/-1->2->1 [7] 3/-1/-1->2->1 [8] 3/-1/-1->2->1 [9] 3/-1/-1->2->1 [10] 3/-1/-1->2->1 [11] 3/-1/-1->2->1 [12] 3/-1/-1->2->1 [13] 3/-1/-1->2->1 [14] 3/-1/-1->2->1 [15] 3/-1/-1->2->1 [16] 3/-1/-1->2->1 [17] 3/-1/-1->2->1 [18] 3/-1/-1->2->1 [19] 3/-1/-1->2->1 [20] 3/-1/-1->2->1 [21] 3/-1/-1->2->1 [22] 3/-1/-1->2->1 [23] 3/-1/-1->2->1
wings-7283c2a3c493-master-0:850798:853169 [3] NCCL INFO Trees [0] 4/-1/-1->3->2 [1] 4/-1/-1->3->2 [2] 4/-1/-1->3->2 [3] 4/-1/-1->3->2 [4] 4/-1/-1->3->2 [5] 4/-1/-1->3->2 [6] 4/-1/-1->3->2 [7] 4/-1/-1->3->2 [8] 4/-1/-1->3->2 [9] 4/-1/-1->3->2 [10] 4/-1/-1->3->2 [11] 4/-1/-1->3->2 [12] 4/-1/-1->3->2 [13] 4/-1/-1->3->2 [14] 4/-1/-1->3->2 [15] 4/-1/-1->3->2 [16] 4/-1/-1->3->2 [17] 4/-1/-1->3->2 [18] 4/-1/-1->3->2 [19] 4/-1/-1->3->2 [20] 4/-1/-1->3->2 [21] 4/-1/-1->3->2 [22] 4/-1/-1->3->2 [23] 4/-1/-1->3->2
wings-7283c2a3c493-master-0:850795:853163 [0] NCCL INFO Channel 00/24 : 0 1 2 3 4 5 6 7
