(APIServer pid=868439) INFO 05-18 12:16:58 [utils.py:302] 
(APIServer pid=868439) INFO 05-18 12:16:58 [utils.py:302]        █     █     █▄   ▄█
(APIServer pid=868439) INFO 05-18 12:16:58 [utils.py:302]  ▄▄ ▄█ █     █     █ ▀▄▀ █  version 0.17.1
(APIServer pid=868439) INFO 05-18 12:16:58 [utils.py:302]   █▄█▀ █     █     █     █  model   /root/Qwen2.5-VL-3B-Instruct
(APIServer pid=868439) INFO 05-18 12:16:58 [utils.py:302]    ▀▀  ▀▀▀▀▀ ▀▀▀▀▀ ▀     ▀
(APIServer pid=868439) INFO 05-18 12:16:58 [utils.py:302] 
(APIServer pid=868439) INFO 05-18 12:16:58 [utils.py:238] non-default args: {'model_tag': '/root/Qwen2.5-VL-3B-Instruct', 'chat_template': '/root/training-v2/eval/deepeyes_tool_chat_template.jinja', 'host': '127.0.0.1', 'port': 18080, 'model': '/root/Qwen2.5-VL-3B-Instruct', 'trust_remote_code': True, 'max_model_len': 32768, 'served_model_name': ['qwen25vl3b_baseline_vstar_eval'], 'tensor_parallel_size': 4, 'gpu_memory_utilization': 0.7, 'limit_mm_per_prompt': {'image': 32}}
(APIServer pid=868439) WARNING 05-18 12:16:58 [envs.py:1710] Unknown vLLM environment variable detected: VLLM_USE_V1
(APIServer pid=868439) The argument `trust_remote_code` is to be used with Auto classes. It has no effect here and is ignored.
(APIServer pid=868439) The argument `trust_remote_code` is to be used with Auto classes. It has no effect here and is ignored.
(APIServer pid=868439) INFO 05-18 12:16:58 [model.py:531] Resolved architecture: Qwen2_5_VLForConditionalGeneration
(APIServer pid=868439) INFO 05-18 12:16:58 [model.py:1554] Using max model len 32768
(APIServer pid=868439) INFO 05-18 12:16:59 [scheduler.py:231] Chunked prefill is enabled with max_num_batched_tokens=8192.
(APIServer pid=868439) INFO 05-18 12:16:59 [vllm.py:747] Asynchronous scheduling is enabled.
(APIServer pid=868439) <frozen importlib._bootstrap_external>:1184: FutureWarning: The cuda.cudart module is deprecated and will be removed in a future release, please switch to use the cuda.bindings.runtime module instead.
(APIServer pid=868439) <frozen importlib._bootstrap_external>:1184: FutureWarning: The cuda.nvrtc module is deprecated and will be removed in a future release, please switch to use the cuda.bindings.nvrtc module instead.
(APIServer pid=868439) The image processor of type `Qwen2VLImageProcessor` is now loaded as a fast processor by default, even if the model checkpoint was saved with a slow processor. This is a breaking change and may produce slightly different outputs. To continue using the slow processor, instantiate this class with `use_fast=False`. Note that this behavior will be extended to all models in a future release.
(EngineCore_DP0 pid=868734) INFO 05-18 12:17:10 [core.py:101] Initializing a V1 LLM engine (v0.17.1) with config: model='/root/Qwen2.5-VL-3B-Instruct', speculative_config=None, tokenizer='/root/Qwen2.5-VL-3B-Instruct', skip_tokenizer_init=False, tokenizer_mode=auto, revision=None, tokenizer_revision=None, trust_remote_code=True, dtype=torch.bfloat16, max_seq_len=32768, download_dir=None, load_format=auto, tensor_parallel_size=4, pipeline_parallel_size=1, data_parallel_size=1, disable_custom_all_reduce=False, quantization=None, enforce_eager=False, enable_return_routed_experts=False, kv_cache_dtype=auto, device_config=cuda, structured_outputs_config=StructuredOutputsConfig(backend='auto', disable_fallback=False, disable_any_whitespace=False, disable_additional_properties=False, reasoning_parser='', reasoning_parser_plugin='', enable_in_reasoning=False), observability_config=ObservabilityConfig(show_hidden_metrics_for_version=None, otlp_traces_endpoint=None, collect_detailed_traces=None, kv_cache_metrics=False, kv_cache_metrics_sample=0.01, cudagraph_metrics=False, enable_layerwise_nvtx_tracing=False, enable_mfu_metrics=False, enable_mm_processor_stats=False, enable_logging_iteration_details=False), seed=0, served_model_name=qwen25vl3b_baseline_vstar_eval, enable_prefix_caching=True, enable_chunked_prefill=True, pooler_config=None, compilation_config={'level': None, 'mode': <CompilationMode.VLLM_COMPILE: 3>, 'debug_dump_path': None, 'cache_dir': '', 'compile_cache_save_format': 'binary', 'backend': 'inductor', 'custom_ops': ['none'], 'splitting_ops': ['vllm::unified_attention', 'vllm::unified_attention_with_output', 'vllm::unified_mla_attention', 'vllm::unified_mla_attention_with_output', 'vllm::mamba_mixer2', 'vllm::mamba_mixer', 'vllm::short_conv', 'vllm::linear_attention', 'vllm::plamo2_mamba_mixer', 'vllm::gdn_attention_core', 'vllm::kda_attention', 'vllm::sparse_attn_indexer', 'vllm::rocm_aiter_sparse_attn_indexer', 'vllm::unified_kv_cache_update', 'vllm::unified_mla_kv_cache_update'], 'compile_mm_encoder': False, 'compile_sizes': [], 'compile_ranges_split_points': [512, 8192], 'inductor_compile_config': {'enable_auto_functionalized_v2': False, 'combo_kernels': True, 'benchmark_combo_kernel': True}, 'inductor_passes': {}, 'cudagraph_mode': <CUDAGraphMode.FULL_AND_PIECEWISE: (2, 1)>, 'cudagraph_num_of_warmups': 1, 'cudagraph_capture_sizes': [1, 2, 4, 8, 16, 24, 32, 40, 48, 56, 64, 72, 80, 88, 96, 104, 112, 120, 128, 136, 144, 152, 160, 168, 176, 184, 192, 200, 208, 216, 224, 232, 240, 248, 256, 272, 288, 304, 320, 336, 352, 368, 384, 400, 416, 432, 448, 464, 480, 496, 512], 'cudagraph_copy_inputs': False, 'cudagraph_specialize_lora': True, 'use_inductor_graph_partition': False, 'pass_config': {'fuse_norm_quant': False, 'fuse_act_quant': False, 'fuse_attn_quant': False, 'enable_sp': False, 'fuse_gemm_comms': False, 'fuse_allreduce_rms': True}, 'max_cudagraph_capture_size': 512, 'dynamic_shapes_config': {'type': <DynamicShapesType.BACKED: 'backed'>, 'evaluate_guards': False, 'assume_32_bit_indexing': False}, 'local_cache_dir': None, 'fast_moe_cold_start': True, 'static_all_moe_layers': []}
(EngineCore_DP0 pid=868734) WARNING 05-18 12:17:10 [multiproc_executor.py:945] Reducing Torch parallelism from 192 threads to 1 to avoid unnecessary CPU contention. Set OMP_NUM_THREADS in the external environment to tune this value as needed.
(EngineCore_DP0 pid=868734) INFO 05-18 12:17:10 [multiproc_executor.py:134] DP group leader: node_rank=0, node_rank_within_dp=0, master_addr=127.0.0.1, mq_connect_ip=33.3.173.123 (local), world_size=4, local_world_size=4
(Worker pid=869618) INFO 05-18 12:17:20 [parallel_state.py:1393] world_size=4 rank=2 local_rank=2 distributed_init_method=tcp://127.0.0.1:55239 backend=nccl
(Worker pid=869616) INFO 05-18 12:17:20 [parallel_state.py:1393] world_size=4 rank=0 local_rank=0 distributed_init_method=tcp://127.0.0.1:55239 backend=nccl
(Worker pid=869617) INFO 05-18 12:17:20 [parallel_state.py:1393] world_size=4 rank=1 local_rank=1 distributed_init_method=tcp://127.0.0.1:55239 backend=nccl
(Worker pid=869619) INFO 05-18 12:17:20 [parallel_state.py:1393] world_size=4 rank=3 local_rank=3 distributed_init_method=tcp://127.0.0.1:55239 backend=nccl
(Worker pid=869618) <frozen importlib._bootstrap_external>:1184: FutureWarning: The cuda.cudart module is deprecated and will be removed in a future release, please switch to use the cuda.bindings.runtime module instead.
(Worker pid=869618) <frozen importlib._bootstrap_external>:1184: FutureWarning: The cuda.nvrtc module is deprecated and will be removed in a future release, please switch to use the cuda.bindings.nvrtc module instead.
(Worker pid=869616) <frozen importlib._bootstrap_external>:1184: FutureWarning: The cuda.cudart module is deprecated and will be removed in a future release, please switch to use the cuda.bindings.runtime module instead.
(Worker pid=869616) <frozen importlib._bootstrap_external>:1184: FutureWarning: The cuda.nvrtc module is deprecated and will be removed in a future release, please switch to use the cuda.bindings.nvrtc module instead.
(Worker pid=869619) <frozen importlib._bootstrap_external>:1184: FutureWarning: The cuda.cudart module is deprecated and will be removed in a future release, please switch to use the cuda.bindings.runtime module instead.
(Worker pid=869619) <frozen importlib._bootstrap_external>:1184: FutureWarning: The cuda.nvrtc module is deprecated and will be removed in a future release, please switch to use the cuda.bindings.nvrtc module instead.
(Worker pid=869617) <frozen importlib._bootstrap_external>:1184: FutureWarning: The cuda.cudart module is deprecated and will be removed in a future release, please switch to use the cuda.bindings.runtime module instead.
(Worker pid=869617) <frozen importlib._bootstrap_external>:1184: FutureWarning: The cuda.nvrtc module is deprecated and will be removed in a future release, please switch to use the cuda.bindings.nvrtc module instead.
wings-7283c2a3c493-master-0:869616:869616 [0] NCCL INFO NCCL_SOCKET_IFNAME set by environment to eth
wings-7283c2a3c493-master-0:869616:869616 [0] NCCL INFO Bootstrap: Using eth0:33.3.173.123<0>
(Worker pid=869616) INFO 05-18 12:17:21 [pynccl.py:111] vLLM is using nccl==2.27.5
wings-7283c2a3c493-master-0:869616:869616 [0] NCCL INFO cudaDriverVersion 13000
wings-7283c2a3c493-master-0:869616:869616 [0] NCCL INFO NCCL version 2.27.5+cuda12.9
wings-7283c2a3c493-master-0:869617:869617 [1] NCCL INFO cudaDriverVersion 13000
wings-7283c2a3c493-master-0:869617:869617 [1] NCCL INFO NCCL_SOCKET_IFNAME set by environment to eth
wings-7283c2a3c493-master-0:869617:869617 [1] NCCL INFO Bootstrap: Using eth0:33.3.173.123<0>
wings-7283c2a3c493-master-0:869617:869617 [1] NCCL INFO NCCL version 2.27.5+cuda12.9
wings-7283c2a3c493-master-0:869619:869619 [3] NCCL INFO cudaDriverVersion 13000
wings-7283c2a3c493-master-0:869619:869619 [3] NCCL INFO NCCL_SOCKET_IFNAME set by environment to eth
wings-7283c2a3c493-master-0:869619:869619 [3] NCCL INFO Bootstrap: Using eth0:33.3.173.123<0>
wings-7283c2a3c493-master-0:869619:869619 [3] NCCL INFO NCCL version 2.27.5+cuda12.9
wings-7283c2a3c493-master-0:869618:869618 [2] NCCL INFO cudaDriverVersion 13000
wings-7283c2a3c493-master-0:869618:869618 [2] NCCL INFO NCCL_SOCKET_IFNAME set by environment to eth
wings-7283c2a3c493-master-0:869618:869618 [2] NCCL INFO Bootstrap: Using eth0:33.3.173.123<0>
wings-7283c2a3c493-master-0:869618:869618 [2] NCCL INFO NCCL version 2.27.5+cuda12.9
wings-7283c2a3c493-master-0:869618:869618 [2] NCCL INFO NET/Plugin: Plugin name set by env to libnccl-net.so
wings-7283c2a3c493-master-0:869617:869617 [1] NCCL INFO NET/Plugin: Plugin name set by env to libnccl-net.so
wings-7283c2a3c493-master-0:869616:869616 [0] NCCL INFO NET/Plugin: Plugin name set by env to libnccl-net.so
wings-7283c2a3c493-master-0:869618:869618 [2] NCCL INFO NET/Plugin: Failed to find ncclNetPlugin_v10 symbol.
wings-7283c2a3c493-master-0:869619:869619 [3] NCCL INFO NET/Plugin: Plugin name set by env to libnccl-net.so
wings-7283c2a3c493-master-0:869617:869617 [1] NCCL INFO NET/Plugin: Failed to find ncclNetPlugin_v10 symbol.
wings-7283c2a3c493-master-0:869616:869616 [0] NCCL INFO NET/Plugin: Failed to find ncclNetPlugin_v10 symbol.
wings-7283c2a3c493-master-0:869618:869618 [2] NCCL INFO NET/Plugin: Loaded net plugin NCCL RDMA Plugin v9 (v9)
wings-7283c2a3c493-master-0:869619:869619 [3] NCCL INFO NET/Plugin: Failed to find ncclNetPlugin_v10 symbol.
wings-7283c2a3c493-master-0:869617:869617 [1] NCCL INFO NET/Plugin: Loaded net plugin NCCL RDMA Plugin v9 (v9)
wings-7283c2a3c493-master-0:869618:869618 [2] NCCL INFO NET/Plugin: Failed to find ncclCollNetPlugin_v10 symbol.
wings-7283c2a3c493-master-0:869616:869616 [0] NCCL INFO NET/Plugin: Loaded net plugin NCCL RDMA Plugin v9 (v9)
wings-7283c2a3c493-master-0:869617:869617 [1] NCCL INFO NET/Plugin: Failed to find ncclCollNetPlugin_v10 symbol.
wings-7283c2a3c493-master-0:869619:869619 [3] NCCL INFO NET/Plugin: Loaded net plugin NCCL RDMA Plugin v9 (v9)
wings-7283c2a3c493-master-0:869618:869618 [2] NCCL INFO NET/Plugin: Loaded collnet plugin SHARP (v9)
wings-7283c2a3c493-master-0:869616:869616 [0] NCCL INFO NET/Plugin: Failed to find ncclCollNetPlugin_v10 symbol.
wings-7283c2a3c493-master-0:869617:869617 [1] NCCL INFO NET/Plugin: Loaded collnet plugin SHARP (v9)
wings-7283c2a3c493-master-0:869619:869619 [3] NCCL INFO NET/Plugin: Failed to find ncclCollNetPlugin_v10 symbol.
wings-7283c2a3c493-master-0:869618:869618 [2] NCCL INFO Successfully loaded external plugin libnccl-net.so
wings-7283c2a3c493-master-0:869616:869616 [0] NCCL INFO NET/Plugin: Loaded collnet plugin SHARP (v9)
wings-7283c2a3c493-master-0:869617:869617 [1] NCCL INFO Successfully loaded external plugin libnccl-net.so
wings-7283c2a3c493-master-0:869619:869619 [3] NCCL INFO NET/Plugin: Loaded collnet plugin SHARP (v9)
wings-7283c2a3c493-master-0:869616:869616 [0] NCCL INFO Successfully loaded external plugin libnccl-net.so
wings-7283c2a3c493-master-0:869619:869619 [3] NCCL INFO Successfully loaded external plugin libnccl-net.so
wings-7283c2a3c493-master-0:869618:869618 [2] NCCL INFO Plugin Path : /opt/hpcx/nccl_rdma_sharp_plugin/lib/libnccl-net.so
wings-7283c2a3c493-master-0:869617:869617 [1] NCCL INFO Plugin Path : /opt/hpcx/nccl_rdma_sharp_plugin/lib/libnccl-net.so
wings-7283c2a3c493-master-0:869616:869616 [0] NCCL INFO Plugin Path : /opt/hpcx/nccl_rdma_sharp_plugin/lib/libnccl-net.so
wings-7283c2a3c493-master-0:869618:869618 [2] NCCL INFO P2P plugin v9 IBext_v9
wings-7283c2a3c493-master-0:869619:869619 [3] NCCL INFO Plugin Path : /opt/hpcx/nccl_rdma_sharp_plugin/lib/libnccl-net.so
wings-7283c2a3c493-master-0:869617:869617 [1] NCCL INFO P2P plugin v9 IBext_v9
wings-7283c2a3c493-master-0:869616:869616 [0] NCCL INFO P2P plugin v9 IBext_v9
wings-7283c2a3c493-master-0:869619:869619 [3] NCCL INFO P2P plugin v9 IBext_v9
wings-7283c2a3c493-master-0:869616:869616 [0] NCCL INFO NCCL_SOCKET_IFNAME set by environment to eth
wings-7283c2a3c493-master-0:869617:869617 [1] NCCL INFO NCCL_SOCKET_IFNAME set by environment to eth
wings-7283c2a3c493-master-0:869618:869618 [2] NCCL INFO NCCL_SOCKET_IFNAME set by environment to eth
wings-7283c2a3c493-master-0:869619:869619 [3] NCCL INFO NCCL_SOCKET_IFNAME set by environment to eth
wings-7283c2a3c493-master-0:869616:869616 [0] NCCL INFO NET/IB : Using [0]mlx5_4:1/RoCE [1]mlx5_8:1/RoCE [2]mlx5_17:1/RoCE [3]mlx5_29:1/RoCE [4]mlx5_36:1/RoCE [5]mlx5_42:1/RoCE [6]mlx5_53:1/RoCE [7]mlx5_63:1/RoCE [RO]; OOB eth0:33.3.173.123<0>
wings-7283c2a3c493-master-0:869616:869616 [0] NCCL INFO Initialized NET plugin NCCL RDMA Plugin v9
wings-7283c2a3c493-master-0:869616:869616 [0] NCCL INFO Assigned NET plugin NCCL RDMA Plugin v9 to comm
wings-7283c2a3c493-master-0:869616:869616 [0] NCCL INFO Using network NCCL RDMA Plugin v9
wings-7283c2a3c493-master-0:869618:869618 [2] NCCL INFO NET/IB : Using [0]mlx5_4:1/RoCE [1]mlx5_8:1/RoCE [2]mlx5_17:1/RoCE [3]mlx5_29:1/RoCE [4]mlx5_36:1/RoCE [5]mlx5_42:1/RoCE [6]mlx5_53:1/RoCE [7]mlx5_63:1/RoCE [RO]; OOB eth0:33.3.173.123<0>
wings-7283c2a3c493-master-0:869618:869618 [2] NCCL INFO Initialized NET plugin NCCL RDMA Plugin v9
wings-7283c2a3c493-master-0:869619:869619 [3] NCCL INFO NET/IB : Using [0]mlx5_4:1/RoCE [1]mlx5_8:1/RoCE [2]mlx5_17:1/RoCE [3]mlx5_29:1/RoCE [4]mlx5_36:1/RoCE [5]mlx5_42:1/RoCE [6]mlx5_53:1/RoCE [7]mlx5_63:1/RoCE [RO]; OOB eth0:33.3.173.123<0>
wings-7283c2a3c493-master-0:869619:869619 [3] NCCL INFO Initialized NET plugin NCCL RDMA Plugin v9
wings-7283c2a3c493-master-0:869617:869617 [1] NCCL INFO NET/IB : Using [0]mlx5_4:1/RoCE [1]mlx5_8:1/RoCE [2]mlx5_17:1/RoCE [3]mlx5_29:1/RoCE [4]mlx5_36:1/RoCE [5]mlx5_42:1/RoCE [6]mlx5_53:1/RoCE [7]mlx5_63:1/RoCE [RO]; OOB eth0:33.3.173.123<0>
wings-7283c2a3c493-master-0:869617:869617 [1] NCCL INFO Initialized NET plugin NCCL RDMA Plugin v9
wings-7283c2a3c493-master-0:869618:869618 [2] NCCL INFO Assigned NET plugin NCCL RDMA Plugin v9 to comm
wings-7283c2a3c493-master-0:869618:869618 [2] NCCL INFO Using network NCCL RDMA Plugin v9
wings-7283c2a3c493-master-0:869619:869619 [3] NCCL INFO Assigned NET plugin NCCL RDMA Plugin v9 to comm
wings-7283c2a3c493-master-0:869619:869619 [3] NCCL INFO Using network NCCL RDMA Plugin v9
wings-7283c2a3c493-master-0:869617:869617 [1] NCCL INFO Assigned NET plugin NCCL RDMA Plugin v9 to comm
wings-7283c2a3c493-master-0:869617:869617 [1] NCCL INFO Using network NCCL RDMA Plugin v9
wings-7283c2a3c493-master-0:869616:869616 [0] NCCL INFO DMA-BUF is available on GPU device 0
wings-7283c2a3c493-master-0:869616:869616 [0] NCCL INFO ncclCommInitRank comm 0x556163cadc70 rank 0 nranks 4 cudaDev 0 nvmlDev 0 busId c000 commId 0xd82b06c74e295017 - Init START
wings-7283c2a3c493-master-0:869617:869617 [1] NCCL INFO DMA-BUF is available on GPU device 1
wings-7283c2a3c493-master-0:869617:869617 [1] NCCL INFO ncclCommInitRank comm 0x5572966adf30 rank 1 nranks 4 cudaDev 1 nvmlDev 1 busId 13000 commId 0xd82b06c74e295017 - Init START
wings-7283c2a3c493-master-0:869618:869618 [2] NCCL INFO DMA-BUF is available on GPU device 2
wings-7283c2a3c493-master-0:869618:869618 [2] NCCL INFO ncclCommInitRank comm 0x55e82a6af370 rank 2 nranks 4 cudaDev 2 nvmlDev 2 busId 19000 commId 0xd82b06c74e295017 - Init START
wings-7283c2a3c493-master-0:869617:869617 [1] NCCL INFO RAS client listening socket at ::1<28028>
wings-7283c2a3c493-master-0:869619:869619 [3] NCCL INFO DMA-BUF is available on GPU device 3
wings-7283c2a3c493-master-0:869619:869619 [3] NCCL INFO ncclCommInitRank comm 0x55b30f4ae290 rank 3 nranks 4 cudaDev 3 nvmlDev 3 busId 67000 commId 0xd82b06c74e295017 - Init START
wings-7283c2a3c493-master-0:869618:869618 [2] NCCL INFO RAS client listening socket at ::1<28028>
wings-7283c2a3c493-master-0:869619:869619 [3] NCCL INFO RAS client listening socket at ::1<28028>
wings-7283c2a3c493-master-0:869616:869616 [0] NCCL INFO RAS client listening socket at ::1<28028>
wings-7283c2a3c493-master-0:869618:869618 [2] NCCL INFO Bootstrap timings total 0.001984 (create 0.000030, send 0.000066, recv 0.001541, ring 0.000057, delay 0.000003)
wings-7283c2a3c493-master-0:869619:869619 [3] NCCL INFO Bootstrap timings total 0.000471 (create 0.000027, send 0.000067, recv 0.000053, ring 0.000038, delay 0.000003)
wings-7283c2a3c493-master-0:869616:869616 [0] NCCL INFO Bootstrap timings total 0.057718 (create 0.000024, send 0.000068, recv 0.052254, ring 0.000031, delay 0.000003)
wings-7283c2a3c493-master-0:869617:869617 [1] NCCL INFO Bootstrap timings total 0.005521 (create 0.000027, send 0.000066, recv 0.003575, ring 0.001343, delay 0.000003)
wings-7283c2a3c493-master-0:869618:869618 [2] NCCL INFO MNNVL busId 0x19000 fabric UUID 0.0 cliqueId 0x0 state 3 healthMask 0x0
wings-7283c2a3c493-master-0:869616:869616 [0] NCCL INFO MNNVL busId 0xc000 fabric UUID 0.0 cliqueId 0x0 state 3 healthMask 0x0
wings-7283c2a3c493-master-0:869617:869617 [1] NCCL INFO MNNVL busId 0x13000 fabric UUID 0.0 cliqueId 0x0 state 3 healthMask 0x0
wings-7283c2a3c493-master-0:869619:869619 [3] NCCL INFO MNNVL busId 0x67000 fabric UUID 0.0 cliqueId 0x0 state 3 healthMask 0x0
wings-7283c2a3c493-master-0:869616:869616 [0] NCCL INFO Setting affinity for GPU 0 to 0-23,96-119
wings-7283c2a3c493-master-0:869618:869618 [2] NCCL INFO Setting affinity for GPU 2 to 0-23,96-119
wings-7283c2a3c493-master-0:869617:869617 [1] NCCL INFO Setting affinity for GPU 1 to 0-23,96-119
wings-7283c2a3c493-master-0:869616:869616 [0] NCCL INFO NCCL_NVLS_ENABLE set by environment to 0.
wings-7283c2a3c493-master-0:869619:869619 [3] NCCL INFO Setting affinity for GPU 3 to 24-47,120-143
wings-7283c2a3c493-master-0:869618:869618 [2] NCCL INFO NCCL_NVLS_ENABLE set by environment to 0.
wings-7283c2a3c493-master-0:869619:869619 [3] NCCL INFO NCCL_NVLS_ENABLE set by environment to 0.
wings-7283c2a3c493-master-0:869617:869617 [1] NCCL INFO NCCL_NVLS_ENABLE set by environment to 0.
wings-7283c2a3c493-master-0:869617:869617 [1] NCCL INFO comm 0x5572966adf30 rank 1 nRanks 4 nNodes 1 localRanks 4 localRank 1 MNNVL 0
wings-7283c2a3c493-master-0:869618:869618 [2] NCCL INFO comm 0x55e82a6af370 rank 2 nRanks 4 nNodes 1 localRanks 4 localRank 2 MNNVL 0
wings-7283c2a3c493-master-0:869616:869616 [0] NCCL INFO comm 0x556163cadc70 rank 0 nRanks 4 nNodes 1 localRanks 4 localRank 0 MNNVL 0
wings-7283c2a3c493-master-0:869619:869619 [3] NCCL INFO comm 0x55b30f4ae290 rank 3 nRanks 4 nNodes 1 localRanks 4 localRank 3 MNNVL 0
wings-7283c2a3c493-master-0:869617:869617 [1] NCCL INFO Trees [0] 2/-1/-1->1->0 [1] 2/-1/-1->1->0 [2] 2/-1/-1->1->0 [3] 2/-1/-1->1->0 [4] 2/-1/-1->1->0 [5] 2/-1/-1->1->0 [6] 2/-1/-1->1->0 [7] 2/-1/-1->1->0 [8] 2/-1/-1->1->0 [9] 2/-1/-1->1->0 [10] 2/-1/-1->1->0 [11] 2/-1/-1->1->0 [12] 2/-1/-1->1->0 [13] 2/-1/-1->1->0 [14] 2/-1/-1->1->0 [15] 2/-1/-1->1->0 [16] 2/-1/-1->1->0 [17] 2/-1/-1->1->0 [18] 2/-1/-1->1->0 [19] 2/-1/-1->1->0 [20] 2/-1/-1->1->0 [21] 2/-1/-1->1->0 [22] 2/-1/-1->1->0 [23] 2/-1/-1->1->0
wings-7283c2a3c493-master-0:869616:869616 [0] NCCL INFO Channel 00/24 : 0 1 2 3
wings-7283c2a3c493-master-0:869618:869618 [2] NCCL INFO Trees [0] 3/-1/-1->2->1 [1] 3/-1/-1->2->1 [2] 3/-1/-1->2->1 [3] 3/-1/-1->2->1 [4] 3/-1/-1->2->1 [5] 3/-1/-1->2->1 [6] 3/-1/-1->2->1 [7] 3/-1/-1->2->1 [8] 3/-1/-1->2->1 [9] 3/-1/-1->2->1 [10] 3/-1/-1->2->1 [11] 3/-1/-1->2->1 [12] 3/-1/-1->2->1 [13] 3/-1/-1->2->1 [14] 3/-1/-1->2->1 [15] 3/-1/-1->2->1 [16] 3/-1/-1->2->1 [17] 3/-1/-1->2->1 [18] 3/-1/-1->2->1 [19] 3/-1/-1->2->1 [20] 3/-1/-1->2->1 [21] 3/-1/-1->2->1 [22] 3/-1/-1->2->1 [23] 3/-1/-1->2->1
wings-7283c2a3c493-master-0:869616:869616 [0] NCCL INFO Channel 01/24 : 0 1 2 3
wings-7283c2a3c493-master-0:869616:869616 [0] NCCL INFO Channel 02/24 : 0 1 2 3
wings-7283c2a3c493-master-0:869619:869619 [3] NCCL INFO Trees [0] -1/-1/-1->3->2 [1] -1/-1/-1->3->2 [2] -1/-1/-1->3->2 [3] -1/-1/-1->3->2 [4] -1/-1/-1->3->2 [5] -1/-1/-1->3->2 [6] -1/-1/-1->3->2 [7] -1/-1/-1->3->2 [8] -1/-1/-1->3->2 [9] -1/-1/-1->3->2 [10] -1/-1/-1->3->2 [11] -1/-1/-1->3->2 [12] -1/-1/-1->3->2 [13] -1/-1/-1->3->2 [14] -1/-1/-1->3->2 [15] -1/-1/-1->3->2 [16] -1/-1/-1->3->2 [17] -1/-1/-1->3->2 [18] -1/-1/-1->3->2 [19] -1/-1/-1->3->2 [20] -1/-1/-1->3->2 [21] -1/-1/-1->3->2 [22] -1/-1/-1->3->2 [23] -1/-1/-1->3->2
wings-7283c2a3c493-master-0:869616:869616 [0] NCCL INFO Channel 03/24 : 0 1 2 3
wings-7283c2a3c493-master-0:869617:869617 [1] NCCL INFO P2P Chunksize set to 524288
wings-7283c2a3c493-master-0:869616:869616 [0] NCCL INFO Channel 04/24 : 0 1 2 3
wings-7283c2a3c493-master-0:869618:869618 [2] NCCL INFO P2P Chunksize set to 524288
wings-7283c2a3c493-master-0:869616:869616 [0] NCCL INFO Channel 05/24 : 0 1 2 3
wings-7283c2a3c493-master-0:869616:869616 [0] NCCL INFO Channel 06/24 : 0 1 2 3
wings-7283c2a3c493-master-0:869619:869619 [3] NCCL INFO P2P Chunksize set to 524288
wings-7283c2a3c493-master-0:869616:869616 [0] NCCL INFO Channel 07/24 : 0 1 2 3
wings-7283c2a3c493-master-0:869616:869616 [0] NCCL INFO Channel 08/24 : 0 1 2 3
wings-7283c2a3c493-master-0:869616:869616 [0] NCCL INFO Channel 09/24 : 0 1 2 3
wings-7283c2a3c493-master-0:869616:869616 [0] NCCL INFO Channel 10/24 : 0 1 2 3
wings-7283c2a3c493-master-0:869616:869616 [0] NCCL INFO Channel 11/24 : 0 1 2 3
wings-7283c2a3c493-master-0:869616:869616 [0] NCCL INFO Channel 12/24 : 0 1 2 3
wings-7283c2a3c493-master-0:869616:869616 [0] NCCL INFO Channel 13/24 : 0 1 2 3
wings-7283c2a3c493-master-0:869616:869616 [0] NCCL INFO Channel 14/24 : 0 1 2 3
wings-7283c2a3c493-master-0:869616:869616 [0] NCCL INFO Channel 15/24 : 0 1 2 3
wings-7283c2a3c493-master-0:869616:869616 [0] NCCL INFO Channel 16/24 : 0 1 2 3
wings-7283c2a3c493-master-0:869616:869616 [0] NCCL INFO Channel 17/24 : 0 1 2 3
wings-7283c2a3c493-master-0:869616:869616 [0] NCCL INFO Channel 18/24 : 0 1 2 3
wings-7283c2a3c493-master-0:869616:869616 [0] NCCL INFO Channel 19/24 : 0 1 2 3
wings-7283c2a3c493-master-0:869616:869616 [0] NCCL INFO Channel 20/24 : 0 1 2 3
wings-7283c2a3c493-master-0:869616:869616 [0] NCCL INFO Channel 21/24 : 0 1 2 3
wings-7283c2a3c493-master-0:869616:869616 [0] NCCL INFO Channel 22/24 : 0 1 2 3
wings-7283c2a3c493-master-0:869616:869616 [0] NCCL INFO Channel 23/24 : 0 1 2 3
wings-7283c2a3c493-master-0:869616:869616 [0] NCCL INFO Trees [0] 1/-1/-1->0->-1 [1] 1/-1/-1->0->-1 [2] 1/-1/-1->0->-1 [3] 1/-1/-1->0->-1 [4] 1/-1/-1->0->-1 [5] 1/-1/-1->0->-1 [6] 1/-1/-1->0->-1 [7] 1/-1/-1->0->-1 [8] 1/-1/-1->0->-1 [9] 1/-1/-1->0->-1 [10] 1/-1/-1->0->-1 [11] 1/-1/-1->0->-1 [12] 1/-1/-1->0->-1 [13] 1/-1/-1->0->-1 [14] 1/-1/-1->0->-1 [15] 1/-1/-1->0->-1 [16] 1/-1/-1->0->-1 [17] 1/-1/-1->0->-1 [18] 1/-1/-1->0->-1 [19] 1/-1/-1->0->-1 [20] 1/-1/-1->0->-1 [21] 1/-1/-1->0->-1 [22] 1/-1/-1->0->-1 [23] 1/-1/-1->0->-1
wings-7283c2a3c493-master-0:869616:869616 [0] NCCL INFO P2P Chunksize set to 524288
wings-7283c2a3c493-master-0:869617:869617 [1] NCCL INFO PROFILER/Plugin: Could not find: libnccl-profiler.so. 
wings-7283c2a3c493-master-0:869617:869766 [1] NCCL INFO [Proxy Service] Device 1 CPU core 3
wings-7283c2a3c493-master-0:869617:869767 [1] NCCL INFO [Proxy Service UDS] Device 1 CPU core 4
wings-7283c2a3c493-master-0:869619:869619 [3] NCCL INFO PROFILER/Plugin: Could not find: libnccl-profiler.so. 
wings-7283c2a3c493-master-0:869619:869769 [3] NCCL INFO [Proxy Service UDS] Device 3 CPU core 122
wings-7283c2a3c493-master-0:869619:869768 [3] NCCL INFO [Proxy Service] Device 3 CPU core 121
wings-7283c2a3c493-master-0:869618:869618 [2] NCCL INFO PROFILER/Plugin: Could not find: libnccl-profiler.so. 
wings-7283c2a3c493-master-0:869618:869770 [2] NCCL INFO [Proxy Service] Device 2 CPU core 113
wings-7283c2a3c493-master-0:869618:869771 [2] NCCL INFO [Proxy Service UDS] Device 2 CPU core 114
wings-7283c2a3c493-master-0:869616:869616 [0] NCCL INFO PROFILER/Plugin: Could not find: libnccl-profiler.so. 
wings-7283c2a3c493-master-0:869616:869616 [0] NCCL INFO Check P2P Type isAllDirectP2p 1 directMode 0
wings-7283c2a3c493-master-0:869616:869773 [0] NCCL INFO [Proxy Service UDS] Device 0 CPU core 98
wings-7283c2a3c493-master-0:869616:869772 [0] NCCL INFO [Proxy Service] Device 0 CPU core 97
wings-7283c2a3c493-master-0:869618:869618 [2] NCCL INFO threadThresholds 8/8/64 | 32/8/64 | 512 | 512
wings-7283c2a3c493-master-0:869618:869618 [2] NCCL INFO 24 coll channels, 24 collnet channels, 0 nvls channels, 32 p2p channels, 32 p2p channels per peer
wings-7283c2a3c493-master-0:869616:869616 [0] NCCL INFO threadThresholds 8/8/64 | 32/8/64 | 512 | 512
wings-7283c2a3c493-master-0:869616:869616 [0] NCCL INFO 24 coll channels, 24 collnet channels, 0 nvls channels, 32 p2p channels, 32 p2p channels per peer
wings-7283c2a3c493-master-0:869617:869617 [1] NCCL INFO threadThresholds 8/8/64 | 32/8/64 | 512 | 512
wings-7283c2a3c493-master-0:869617:869617 [1] NCCL INFO 24 coll channels, 24 collnet channels, 0 nvls channels, 32 p2p channels, 32 p2p channels per peer
wings-7283c2a3c493-master-0:869619:869619 [3] NCCL INFO threadThresholds 8/8/64 | 32/8/64 | 512 | 512
wings-7283c2a3c493-master-0:869619:869619 [3] NCCL INFO 24 coll channels, 24 collnet channels, 0 nvls channels, 32 p2p channels, 32 p2p channels per peer
wings-7283c2a3c493-master-0:869616:869616 [0] NCCL INFO CC Off, workFifoBytes 1048576
wings-7283c2a3c493-master-0:869616:869616 [0] NCCL INFO TUNER/Plugin: Could not find: libnccl-tuner.so. Using internal tuner plugin.
wings-7283c2a3c493-master-0:869617:869617 [1] NCCL INFO TUNER/Plugin: Could not find: libnccl-tuner.so. Using internal tuner plugin.
wings-7283c2a3c493-master-0:869616:869616 [0] NCCL INFO TUNER/Plugin: Failed to find ncclTunerPlugin_v4 symbol.
wings-7283c2a3c493-master-0:869619:869619 [3] NCCL INFO TUNER/Plugin: Could not find: libnccl-tuner.so. Using internal tuner plugin.
wings-7283c2a3c493-master-0:869616:869616 [0] NCCL INFO TUNER/Plugin: Failed to find ncclTunerPlugin_v3 symbol.
wings-7283c2a3c493-master-0:869617:869617 [1] NCCL INFO TUNER/Plugin: Failed to find ncclTunerPlugin_v4 symbol.
wings-7283c2a3c493-master-0:869616:869616 [0] NCCL INFO TUNER/Plugin: Failed to find ncclTunerPlugin_v2 symbol, using internal tuner instead.
wings-7283c2a3c493-master-0:869619:869619 [3] NCCL INFO TUNER/Plugin: Failed to find ncclTunerPlugin_v4 symbol.
wings-7283c2a3c493-master-0:869617:869617 [1] NCCL INFO TUNER/Plugin: Failed to find ncclTunerPlugin_v3 symbol.
wings-7283c2a3c493-master-0:869616:869616 [0] NCCL INFO ncclCommInitRank comm 0x556163cadc70 rank 0 nranks 4 cudaDev 0 nvmlDev 0 busId c000 commId 0xd82b06c74e295017 - Init COMPLETE
wings-7283c2a3c493-master-0:869619:869619 [3] NCCL INFO TUNER/Plugin: Failed to find ncclTunerPlugin_v3 symbol.
wings-7283c2a3c493-master-0:869617:869617 [1] NCCL INFO TUNER/Plugin: Failed to find ncclTunerPlugin_v2 symbol, using internal tuner instead.
wings-7283c2a3c493-master-0:869619:869619 [3] NCCL INFO TUNER/Plugin: Failed to find ncclTunerPlugin_v2 symbol, using internal tuner instead.
wings-7283c2a3c493-master-0:869616:869616 [0] NCCL INFO Init timings - ncclCommInitRank: rank 0 nranks 4 total 1.42 (kernels 0.39, alloc 0.75, bootstrap 0.06, allgathers 0.01, topo 0.04, graphs 0.01, connections 0.14, rest 0.03)
wings-7283c2a3c493-master-0:869617:869617 [1] NCCL INFO ncclCommInitRank comm 0x5572966adf30 rank 1 nranks 4 cudaDev 1 nvmlDev 1 busId 13000 commId 0xd82b06c74e295017 - Init COMPLETE
wings-7283c2a3c493-master-0:869619:869619 [3] NCCL INFO ncclCommInitRank comm 0x55b30f4ae290 rank 3 nranks 4 cudaDev 3 nvmlDev 3 busId 67000 commId 0xd82b06c74e295017 - Init COMPLETE
wings-7283c2a3c493-master-0:869618:869618 [2] NCCL INFO TUNER/Plugin: Could not find: libnccl-tuner.so. Using internal tuner plugin.
wings-7283c2a3c493-master-0:869617:869617 [1] NCCL INFO Init timings - ncclCommInitRank: rank 1 nranks 4 total 1.41 (kernels 0.38, alloc 0.80, bootstrap 0.01, allgathers 0.01, topo 0.04, graphs 0.01, connections 0.14, rest 0.02)
wings-7283c2a3c493-master-0:869619:869619 [3] NCCL INFO Init timings - ncclCommInitRank: rank 3 nranks 4 total 1.41 (kernels 0.37, alloc 0.81, bootstrap 0.00, allgathers 0.01, topo 0.04, graphs 0.01, connections 0.14, rest 0.03)
wings-7283c2a3c493-master-0:869618:869618 [2] NCCL INFO TUNER/Plugin: Failed to find ncclTunerPlugin_v4 symbol.
wings-7283c2a3c493-master-0:869618:869618 [2] NCCL INFO TUNER/Plugin: Failed to find ncclTunerPlugin_v3 symbol.
wings-7283c2a3c493-master-0:869618:869618 [2] NCCL INFO TUNER/Plugin: Failed to find ncclTunerPlugin_v2 symbol, using internal tuner instead.
wings-7283c2a3c493-master-0:869618:869618 [2] NCCL INFO ncclCommInitRank comm 0x55e82a6af370 rank 2 nranks 4 cudaDev 2 nvmlDev 2 busId 19000 commId 0xd82b06c74e295017 - Init COMPLETE
wings-7283c2a3c493-master-0:869618:869618 [2] NCCL INFO Init timings - ncclCommInitRank: rank 2 nranks 4 total 1.41 (kernels 0.36, alloc 0.82, bootstrap 0.00, allgathers 0.01, topo 0.04, graphs 0.01, connections 0.13, rest 0.03)
wings-7283c2a3c493-master-0:869619:869774 [3] NCCL INFO Channel 00/0 : 3[3] -> 0[0] via P2P/CUMEM
wings-7283c2a3c493-master-0:869618:869775 [2] NCCL INFO Channel 00/0 : 2[2] -> 3[3] via P2P/CUMEM
wings-7283c2a3c493-master-0:869617:869776 [1] NCCL INFO Channel 00/0 : 1[1] -> 2[2] via P2P/CUMEM
wings-7283c2a3c493-master-0:869619:869774 [3] NCCL INFO Channel 01/0 : 3[3] -> 0[0] via P2P/CUMEM
wings-7283c2a3c493-master-0:869617:869776 [1] NCCL INFO Channel 01/0 : 1[1] -> 2[2] via P2P/CUMEM
wings-7283c2a3c493-master-0:869619:869774 [3] NCCL INFO Channel 02/0 : 3[3] -> 0[0] via P2P/CUMEM
wings-7283c2a3c493-master-0:869618:869775 [2] NCCL INFO Channel 01/0 : 2[2] -> 3[3] via P2P/CUMEM
wings-7283c2a3c493-master-0:869617:869776 [1] NCCL INFO Channel 02/0 : 1[1] -> 2[2] via P2P/CUMEM
wings-7283c2a3c493-master-0:869619:869774 [3] NCCL INFO Channel 03/0 : 3[3] -> 0[0] via P2P/CUMEM
wings-7283c2a3c493-master-0:869618:869775 [2] NCCL INFO Channel 02/0 : 2[2] -> 3[3] via P2P/CUMEM
wings-7283c2a3c493-master-0:869616:869777 [0] NCCL INFO Channel 00/0 : 0[0] -> 1[1] via P2P/CUMEM
wings-7283c2a3c493-master-0:869619:869774 [3] NCCL INFO Channel 04/0 : 3[3] -> 0[0] via P2P/CUMEM
wings-7283c2a3c493-master-0:869617:869776 [1] NCCL INFO Channel 03/0 : 1[1] -> 2[2] via P2P/CUMEM
wings-7283c2a3c493-master-0:869618:869775 [2] NCCL INFO Channel 03/0 : 2[2] -> 3[3] via P2P/CUMEM
wings-7283c2a3c493-master-0:869616:869777 [0] NCCL INFO Channel 01/0 : 0[0] -> 1[1] via P2P/CUMEM
wings-7283c2a3c493-master-0:869617:869776 [1] NCCL INFO Channel 04/0 : 1[1] -> 2[2] via P2P/CUMEM
wings-7283c2a3c493-master-0:869619:869774 [3] NCCL INFO Channel 05/0 : 3[3] -> 0[0] via P2P/CUMEM
wings-7283c2a3c493-master-0:869618:869775 [2] NCCL INFO Channel 04/0 : 2[2] -> 3[3] via P2P/CUMEM
wings-7283c2a3c493-master-0:869616:869777 [0] NCCL INFO Channel 02/0 : 0[0] -> 1[1] via P2P/CUMEM
wings-7283c2a3c493-master-0:869617:869776 [1] NCCL INFO Channel 05/0 : 1[1] -> 2[2] via P2P/CUMEM
wings-7283c2a3c493-master-0:869619:869774 [3] NCCL INFO Channel 06/0 : 3[3] -> 0[0] via P2P/CUMEM
wings-7283c2a3c493-master-0:869616:869777 [0] NCCL INFO Channel 03/0 : 0[0] -> 1[1] via P2P/CUMEM
wings-7283c2a3c493-master-0:869618:869775 [2] NCCL INFO Channel 05/0 : 2[2] -> 3[3] via P2P/CUMEM
wings-7283c2a3c493-master-0:869617:869776 [1] NCCL INFO Channel 06/0 : 1[1] -> 2[2] via P2P/CUMEM
wings-7283c2a3c493-master-0:869619:869774 [3] NCCL INFO Channel 07/0 : 3[3] -> 0[0] via P2P/CUMEM
wings-7283c2a3c493-master-0:869616:869777 [0] NCCL INFO Channel 04/0 : 0[0] -> 1[1] via P2P/CUMEM
wings-7283c2a3c493-master-0:869617:869776 [1] NCCL INFO Channel 07/0 : 1[1] -> 2[2] via P2P/CUMEM
wings-7283c2a3c493-master-0:869618:869775 [2] NCCL INFO Channel 06/0 : 2[2] -> 3[3] via P2P/CUMEM
wings-7283c2a3c493-master-0:869616:869777 [0] NCCL INFO Channel 05/0 : 0[0] -> 1[1] via P2P/CUMEM
wings-7283c2a3c493-master-0:869619:869774 [3] NCCL INFO Channel 08/0 : 3[3] -> 0[0] via P2P/CUMEM
wings-7283c2a3c493-master-0:869617:869776 [1] NCCL INFO Channel 08/0 : 1[1] -> 2[2] via P2P/CUMEM
wings-7283c2a3c493-master-0:869618:869775 [2] NCCL INFO Channel 07/0 : 2[2] -> 3[3] via P2P/CUMEM
wings-7283c2a3c493-master-0:869619:869774 [3] NCCL INFO Channel 09/0 : 3[3] -> 0[0] via P2P/CUMEM
wings-7283c2a3c493-master-0:869616:869777 [0] NCCL INFO Channel 06/0 : 0[0] -> 1[1] via P2P/CUMEM
wings-7283c2a3c493-master-0:869618:869775 [2] NCCL INFO Channel 08/0 : 2[2] -> 3[3] via P2P/CUMEM
wings-7283c2a3c493-master-0:869617:869776 [1] NCCL INFO Channel 09/0 : 1[1] -> 2[2] via P2P/CUMEM
wings-7283c2a3c493-master-0:869616:869777 [0] NCCL INFO Channel 07/0 : 0[0] -> 1[1] via P2P/CUMEM
wings-7283c2a3c493-master-0:869619:869774 [3] NCCL INFO Channel 10/0 : 3[3] -> 0[0] via P2P/CUMEM
wings-7283c2a3c493-master-0:869618:869775 [2] NCCL INFO Channel 09/0 : 2[2] -> 3[3] via P2P/CUMEM
wings-7283c2a3c493-master-0:869617:869776 [1] NCCL INFO Channel 10/0 : 1[1] -> 2[2] via P2P/CUMEM
wings-7283c2a3c493-master-0:869616:869777 [0] NCCL INFO Channel 08/0 : 0[0] -> 1[1] via P2P/CUMEM
wings-7283c2a3c493-master-0:869619:869774 [3] NCCL INFO Channel 11/0 : 3[3] -> 0[0] via P2P/CUMEM
wings-7283c2a3c493-master-0:869617:869776 [1] NCCL INFO Channel 11/0 : 1[1] -> 2[2] via P2P/CUMEM
wings-7283c2a3c493-master-0:869618:869775 [2] NCCL INFO Channel 10/0 : 2[2] -> 3[3] via P2P/CUMEM
wings-7283c2a3c493-master-0:869616:869777 [0] NCCL INFO Channel 09/0 : 0[0] -> 1[1] via P2P/CUMEM
wings-7283c2a3c493-master-0:869619:869774 [3] NCCL INFO Channel 12/0 : 3[3] -> 0[0] via P2P/CUMEM
wings-7283c2a3c493-master-0:869618:869775 [2] NCCL INFO Channel 11/0 : 2[2] -> 3[3] via P2P/CUMEM
wings-7283c2a3c493-master-0:869617:869776 [1] NCCL INFO Channel 12/0 : 1[1] -> 2[2] via P2P/CUMEM
wings-7283c2a3c493-master-0:869619:869774 [3] NCCL INFO Channel 13/0 : 3[3] -> 0[0] via P2P/CUMEM
wings-7283c2a3c493-master-0:869616:869777 [0] NCCL INFO Channel 10/0 : 0[0] -> 1[1] via P2P/CUMEM
wings-7283c2a3c493-master-0:869618:869775 [2] NCCL INFO Channel 12/0 : 2[2] -> 3[3] via P2P/CUMEM
wings-7283c2a3c493-master-0:869617:869776 [1] NCCL INFO Channel 13/0 : 1[1] -> 2[2] via P2P/CUMEM
wings-7283c2a3c493-master-0:869619:869774 [3] NCCL INFO Channel 14/0 : 3[3] -> 0[0] via P2P/CUMEM
wings-7283c2a3c493-master-0:869616:869777 [0] NCCL INFO Channel 11/0 : 0[0] -> 1[1] via P2P/CUMEM
wings-7283c2a3c493-master-0:869617:869776 [1] NCCL INFO Channel 14/0 : 1[1] -> 2[2] via P2P/CUMEM
wings-7283c2a3c493-master-0:869618:869775 [2] NCCL INFO Channel 13/0 : 2[2] -> 3[3] via P2P/CUMEM
wings-7283c2a3c493-master-0:869619:869774 [3] NCCL INFO Channel 15/0 : 3[3] -> 0[0] via P2P/CUMEM
wings-7283c2a3c493-master-0:869616:869777 [0] NCCL INFO Channel 12/0 : 0[0] -> 1[1] via P2P/CUMEM
wings-7283c2a3c493-master-0:869617:869776 [1] NCCL INFO Channel 15/0 : 1[1] -> 2[2] via P2P/CUMEM
wings-7283c2a3c493-master-0:869618:869775 [2] NCCL INFO Channel 14/0 : 2[2] -> 3[3] via P2P/CUMEM
wings-7283c2a3c493-master-0:869619:869774 [3] NCCL INFO Channel 16/0 : 3[3] -> 0[0] via P2P/CUMEM
wings-7283c2a3c493-master-0:869616:869777 [0] NCCL INFO Channel 13/0 : 0[0] -> 1[1] via P2P/CUMEM
wings-7283c2a3c493-master-0:869618:869775 [2] NCCL INFO Channel 15/0 : 2[2] -> 3[3] via P2P/CUMEM
wings-7283c2a3c493-master-0:869619:869774 [3] NCCL INFO Channel 17/0 : 3[3] -> 0[0] via P2P/CUMEM
wings-7283c2a3c493-master-0:869617:869776 [1] NCCL INFO Channel 16/0 : 1[1] -> 2[2] via P2P/CUMEM
wings-7283c2a3c493-master-0:869618:869775 [2] NCCL INFO Channel 16/0 : 2[2] -> 3[3] via P2P/CUMEM
wings-7283c2a3c493-master-0:869616:869777 [0] NCCL INFO Channel 14/0 : 0[0] -> 1[1] via P2P/CUMEM
wings-7283c2a3c493-master-0:869619:869774 [3] NCCL INFO Channel 18/0 : 3[3] -> 0[0] via P2P/CUMEM
wings-7283c2a3c493-master-0:869617:869776 [1] NCCL INFO Channel 17/0 : 1[1] -> 2[2] via P2P/CUMEM
wings-7283c2a3c493-master-0:869616:869777 [0] NCCL INFO Channel 15/0 : 0[0] -> 1[1] via P2P/CUMEM
wings-7283c2a3c493-master-0:869619:869774 [3] NCCL INFO Channel 19/0 : 3[3] -> 0[0] via P2P/CUMEM
wings-7283c2a3c493-master-0:869618:869775 [2] NCCL INFO Channel 17/0 : 2[2] -> 3[3] via P2P/CUMEM
wings-7283c2a3c493-master-0:869617:869776 [1] NCCL INFO Channel 18/0 : 1[1] -> 2[2] via P2P/CUMEM
wings-7283c2a3c493-master-0:869616:869777 [0] NCCL INFO Channel 16/0 : 0[0] -> 1[1] via P2P/CUMEM
wings-7283c2a3c493-master-0:869619:869774 [3] NCCL INFO Channel 20/0 : 3[3] -> 0[0] via P2P/CUMEM
wings-7283c2a3c493-master-0:869617:869776 [1] NCCL INFO Channel 19/0 : 1[1] -> 2[2] via P2P/CUMEM
wings-7283c2a3c493-master-0:869616:869777 [0] NCCL INFO Channel 17/0 : 0[0] -> 1[1] via P2P/CUMEM
wings-7283c2a3c493-master-0:869618:869775 [2] NCCL INFO Channel 18/0 : 2[2] -> 3[3] via P2P/CUMEM
wings-7283c2a3c493-master-0:869617:869776 [1] NCCL INFO Channel 20/0 : 1[1] -> 2[2] via P2P/CUMEM
wings-7283c2a3c493-master-0:869619:869774 [3] NCCL INFO Channel 21/0 : 3[3] -> 0[0] via P2P/CUMEM
wings-7283c2a3c493-master-0:869618:869775 [2] NCCL INFO Channel 19/0 : 2[2] -> 3[3] via P2P/CUMEM
wings-7283c2a3c493-master-0:869616:869777 [0] NCCL INFO Channel 18/0 : 0[0] -> 1[1] via P2P/CUMEM
wings-7283c2a3c493-master-0:869617:869776 [1] NCCL INFO Channel 21/0 : 1[1] -> 2[2] via P2P/CUMEM
wings-7283c2a3c493-master-0:869619:869774 [3] NCCL INFO Channel 22/0 : 3[3] -> 0[0] via P2P/CUMEM
wings-7283c2a3c493-master-0:869618:869775 [2] NCCL INFO Channel 20/0 : 2[2] -> 3[3] via P2P/CUMEM
wings-7283c2a3c493-master-0:869617:869776 [1] NCCL INFO Channel 22/0 : 1[1] -> 2[2] via P2P/CUMEM
wings-7283c2a3c493-master-0:869616:869777 [0] NCCL INFO Channel 19/0 : 0[0] -> 1[1] via P2P/CUMEM
wings-7283c2a3c493-master-0:869619:869774 [3] NCCL INFO Channel 23/0 : 3[3] -> 0[0] via P2P/CUMEM
wings-7283c2a3c493-master-0:869618:869775 [2] NCCL INFO Channel 21/0 : 2[2] -> 3[3] via P2P/CUMEM
wings-7283c2a3c493-master-0:869616:869777 [0] NCCL INFO Channel 20/0 : 0[0] -> 1[1] via P2P/CUMEM
wings-7283c2a3c493-master-0:869617:869776 [1] NCCL INFO Channel 23/0 : 1[1] -> 2[2] via P2P/CUMEM
wings-7283c2a3c493-master-0:869616:869777 [0] NCCL INFO Channel 21/0 : 0[0] -> 1[1] via P2P/CUMEM
wings-7283c2a3c493-master-0:869618:869775 [2] NCCL INFO Channel 22/0 : 2[2] -> 3[3] via P2P/CUMEM
wings-7283c2a3c493-master-0:869616:869777 [0] NCCL INFO Channel 22/0 : 0[0] -> 1[1] via P2P/CUMEM
wings-7283c2a3c493-master-0:869618:869775 [2] NCCL INFO Channel 23/0 : 2[2] -> 3[3] via P2P/CUMEM
wings-7283c2a3c493-master-0:869616:869777 [0] NCCL INFO Channel 23/0 : 0[0] -> 1[1] via P2P/CUMEM
wings-7283c2a3c493-master-0:869618:869775 [2] NCCL INFO Connected all rings, use ring PXN 0 GDR 1
wings-7283c2a3c493-master-0:869617:869776 [1] NCCL INFO Connected all rings, use ring PXN 0 GDR 1
wings-7283c2a3c493-master-0:869619:869774 [3] NCCL INFO Connected all rings, use ring PXN 0 GDR 1
wings-7283c2a3c493-master-0:869616:869777 [0] NCCL INFO Connected all rings, use ring PXN 0 GDR 1
(Worker pid=869618) INFO 05-18 12:17:24 [parallel_state.py:1715] rank 2 in world size 4 is assigned as DP rank 0, PP rank 0, PCP rank 0, TP rank 2, EP rank N/A, EPLB rank N/A
(Worker pid=869616) INFO 05-18 12:17:24 [parallel_state.py:1715] rank 0 in world size 4 is assigned as DP rank 0, PP rank 0, PCP rank 0, TP rank 0, EP rank N/A, EPLB rank N/A
(Worker pid=869617) INFO 05-18 12:17:24 [parallel_state.py:1715] rank 1 in world size 4 is assigned as DP rank 0, PP rank 0, PCP rank 0, TP rank 1, EP rank N/A, EPLB rank N/A
(Worker pid=869619) INFO 05-18 12:17:24 [parallel_state.py:1715] rank 3 in world size 4 is assigned as DP rank 0, PP rank 0, PCP rank 0, TP rank 3, EP rank N/A, EPLB rank N/A
(Worker pid=869619) The image processor of type `Qwen2VLImageProcessor` is now loaded as a fast processor by default, even if the model checkpoint was saved with a slow processor. This is a breaking change and may produce slightly different outputs. To continue using the slow processor, instantiate this class with `use_fast=False`. Note that this behavior will be extended to all models in a future release.
(Worker pid=869616) The image processor of type `Qwen2VLImageProcessor` is now loaded as a fast processor by default, even if the model checkpoint was saved with a slow processor. This is a breaking change and may produce slightly different outputs. To continue using the slow processor, instantiate this class with `use_fast=False`. Note that this behavior will be extended to all models in a future release.
(Worker pid=869618) The image processor of type `Qwen2VLImageProcessor` is now loaded as a fast processor by default, even if the model checkpoint was saved with a slow processor. This is a breaking change and may produce slightly different outputs. To continue using the slow processor, instantiate this class with `use_fast=False`. Note that this behavior will be extended to all models in a future release.
(Worker pid=869617) The image processor of type `Qwen2VLImageProcessor` is now loaded as a fast processor by default, even if the model checkpoint was saved with a slow processor. This is a breaking change and may produce slightly different outputs. To continue using the slow processor, instantiate this class with `use_fast=False`. Note that this behavior will be extended to all models in a future release.
(Worker pid=869616) INFO 05-18 12:17:26 [base.py:106] Offloader set to NoopOffloader
(Worker pid=869619) INFO 05-18 12:17:26 [base.py:106] Offloader set to NoopOffloader
(Worker pid=869616) (Worker_TP0 pid=869616) INFO 05-18 12:17:26 [gpu_model_runner.py:4281] Starting to load model /root/Qwen2.5-VL-3B-Instruct...
(Worker pid=869618) INFO 05-18 12:17:26 [base.py:106] Offloader set to NoopOffloader
(Worker pid=869617) INFO 05-18 12:17:27 [base.py:106] Offloader set to NoopOffloader
(Worker pid=869619) (Worker pid=869618) (Worker_TP3 pid=869619) (Worker_TP2 pid=869618) INFO 05-18 12:17:27 [cuda.py:453] Using backend AttentionBackendEnum.FLASH_ATTN for vit attention
INFO 05-18 12:17:27 [cuda.py:453] Using backend AttentionBackendEnum.FLASH_ATTN for vit attention
(Worker pid=869616) (Worker_TP0 pid=869616) INFO 05-18 12:17:27 [cuda.py:453] Using backend AttentionBackendEnum.FLASH_ATTN for vit attention
(Worker pid=869618) (Worker_TP2 pid=869618) INFO 05-18 12:17:27 [mm_encoder_attention.py:215] Using AttentionBackendEnum.FLASH_ATTN for MMEncoderAttention.
(Worker pid=869619) (Worker_TP3 pid=869619) INFO 05-18 12:17:27 [mm_encoder_attention.py:215] Using AttentionBackendEnum.FLASH_ATTN for MMEncoderAttention.
(Worker pid=869616) (Worker_TP0 pid=869616) INFO 05-18 12:17:27 [mm_encoder_attention.py:215] Using AttentionBackendEnum.FLASH_ATTN for MMEncoderAttention.
(Worker pid=869617) (Worker_TP1 pid=869617) INFO 05-18 12:17:27 [cuda.py:453] Using backend AttentionBackendEnum.FLASH_ATTN for vit attention
(Worker pid=869617) (Worker_TP1 pid=869617) INFO 05-18 12:17:27 [mm_encoder_attention.py:215] Using AttentionBackendEnum.FLASH_ATTN for MMEncoderAttention.
(Worker pid=869619) (Worker_TP3 pid=869619) INFO 05-18 12:17:27 [vllm.py:747] Asynchronous scheduling is enabled.
(Worker pid=869618) (Worker_TP2 pid=869618) INFO 05-18 12:17:27 [vllm.py:747] Asynchronous scheduling is enabled.
(Worker pid=869616) (Worker_TP0 pid=869616) INFO 05-18 12:17:27 [vllm.py:747] Asynchronous scheduling is enabled.
(Worker pid=869616) (Worker_TP0 pid=869616) INFO 05-18 12:17:27 [cuda.py:405] Using FLASH_ATTN attention backend out of potential backends: ['FLASH_ATTN', 'FLASHINFER', 'TRITON_ATTN', 'FLEX_ATTENTION'].
(Worker pid=869616) (Worker_TP0 pid=869616) INFO 05-18 12:17:27 [flash_attn.py:587] Using FlashAttention version 3
(Worker pid=869617) (Worker_TP1 pid=869617) INFO 05-18 12:17:27 [vllm.py:747] Asynchronous scheduling is enabled.
(Worker pid=869616) (Worker_TP0 pid=869616) Loading safetensors checkpoint shards:   0% Completed | 0/2 [00:00<?, ?it/s]
(Worker pid=869616) (Worker_TP0 pid=869616) Loading safetensors checkpoint shards:  50% Completed | 1/2 [00:00<00:00,  1.11it/s]
(Worker pid=869616) (Worker_TP0 pid=869616) Loading safetensors checkpoint shards: 100% Completed | 2/2 [00:01<00:00,  1.13it/s]
(Worker pid=869616) (Worker_TP0 pid=869616) Loading safetensors checkpoint shards: 100% Completed | 2/2 [00:01<00:00,  1.13it/s]
(Worker pid=869616) (Worker_TP0 pid=869616) 
(Worker pid=869616) (Worker_TP0 pid=869616) INFO 05-18 12:17:29 [default_loader.py:293] Loading weights took 1.95 seconds
(Worker pid=869616) (Worker_TP0 pid=869616) INFO 05-18 12:17:30 [gpu_model_runner.py:4364] Model loading took 1.91 GiB memory and 2.397935 seconds
(Worker pid=869617) (Worker_TP1 pid=869617) INFO 05-18 12:17:30 [gpu_model_runner.py:5280] Encoder cache will be initialized with a budget of 32768 tokens, and profiled with 1 video items of the maximum feature size.
(Worker pid=869616) (Worker_TP0 pid=869616) INFO 05-18 12:17:30 [gpu_model_runner.py:5280] Encoder cache will be initialized with a budget of 32768 tokens, and profiled with 1 video items of the maximum feature size.
(Worker pid=869619) (Worker_TP3 pid=869619) INFO 05-18 12:17:30 [gpu_model_runner.py:5280] Encoder cache will be initialized with a budget of 32768 tokens, and profiled with 1 video items of the maximum feature size.
(Worker pid=869618) (Worker_TP2 pid=869618) INFO 05-18 12:17:30 [gpu_model_runner.py:5280] Encoder cache will be initialized with a budget of 32768 tokens, and profiled with 1 video items of the maximum feature size.
(Worker pid=869617) (Worker_TP1 pid=869617) INFO 05-18 12:17:38 [decorators.py:465] Directly load AOT compilation from path /root/.cache/vllm/torch_compile_cache/torch_aot_compile/d839a17f4a8b2d0a19e6c94cb0200f319222fa0037ed80fd555ec6a72eed7ad9/rank_1_0/model
(Worker pid=869617) (Worker_TP1 pid=869617) [2026-05-18 12:17:38] INFO mnnvl.py:942: [SymmDeviceMemory] Rank: 1, Group size: 4, device_idx: 1, Signal pad offset: 8388608
(Worker pid=869619) (Worker_TP3 pid=869619) INFO 05-18 12:17:38 [decorators.py:465] Directly load AOT compilation from path /root/.cache/vllm/torch_compile_cache/torch_aot_compile/d839a17f4a8b2d0a19e6c94cb0200f319222fa0037ed80fd555ec6a72eed7ad9/rank_3_0/model
(Worker pid=869616) (Worker_TP0 pid=869616) INFO 05-18 12:17:38 [decorators.py:465] Directly load AOT compilation from path /root/.cache/vllm/torch_compile_cache/torch_aot_compile/d839a17f4a8b2d0a19e6c94cb0200f319222fa0037ed80fd555ec6a72eed7ad9/rank_0_0/model
(Worker pid=869616) (Worker_TP0 pid=869616) INFO 05-18 12:17:38 [backends.py:916] Using cache directory: /root/.cache/vllm/torch_compile_cache/f81be78fe3/rank_0_0/backbone for vLLM's torch.compile
(Worker pid=869619) (Worker_TP3 pid=869619) [2026-05-18 12:17:38] INFO mnnvl.py:942: [SymmDeviceMemory] Rank: 3, Group size: 4, device_idx: 3, Signal pad offset: 8388608
(Worker pid=869616) (Worker_TP0 pid=869616) INFO 05-18 12:17:38 [backends.py:976] Dynamo bytecode transform time: 3.10 s
(Worker pid=869616) (Worker_TP0 pid=869616) [2026-05-18 12:17:38] INFO mnnvl.py:942: [SymmDeviceMemory] Rank: 0, Group size: 4, device_idx: 0, Signal pad offset: 8388608
wings-7283c2a3c493-master-0:869616:869616 [0] NCCL INFO Comm config Blocking set to 1
wings-7283c2a3c493-master-0:869619:869619 [3] NCCL INFO Comm config Blocking set to 1
wings-7283c2a3c493-master-0:869617:869617 [1] NCCL INFO Comm config Blocking set to 1
wings-7283c2a3c493-master-0:869616:871267 [0] NCCL INFO Assigned NET plugin NCCL RDMA Plugin v9 to comm
wings-7283c2a3c493-master-0:869616:871267 [0] NCCL INFO Using network NCCL RDMA Plugin v9
wings-7283c2a3c493-master-0:869616:871267 [0] NCCL INFO DMA-BUF is available on GPU device 0
wings-7283c2a3c493-master-0:869619:871268 [3] NCCL INFO Assigned NET plugin NCCL RDMA Plugin v9 to comm
wings-7283c2a3c493-master-0:869619:871268 [3] NCCL INFO Using network NCCL RDMA Plugin v9
wings-7283c2a3c493-master-0:869616:871267 [0] NCCL INFO ncclCommInitRankConfig comm 0x556187fe1bf0 rank 0 nranks 4 cudaDev 0 nvmlDev 0 busId c000 commId 0x2d371a027744ef02 - Init START
wings-7283c2a3c493-master-0:869619:871268 [3] NCCL INFO DMA-BUF is available on GPU device 3
wings-7283c2a3c493-master-0:869617:871269 [1] NCCL INFO Assigned NET plugin NCCL RDMA Plugin v9 to comm
wings-7283c2a3c493-master-0:869617:871269 [1] NCCL INFO Using network NCCL RDMA Plugin v9
wings-7283c2a3c493-master-0:869617:871269 [1] NCCL INFO DMA-BUF is available on GPU device 1
wings-7283c2a3c493-master-0:869619:871268 [3] NCCL INFO ncclCommInitRankConfig comm 0x55b334c21590 rank 3 nranks 4 cudaDev 3 nvmlDev 3 busId 67000 commId 0x2d371a027744ef02 - Init START
