wings-7283c2a3c493-master-0:823028:824169 [2] NCCL INFO Bootstrap timings total 0.000891 (create 0.000018, send 0.000067, recv 0.000627, ring 0.000098, delay 0.000000)
wings-7283c2a3c493-master-0:823027:824170 [1] NCCL INFO Bootstrap timings total 0.000742 (create 0.000018, send 0.000073, recv 0.000079, ring 0.000488, delay 0.000000)
wings-7283c2a3c493-master-0:823026:824168 [0] NCCL INFO Bootstrap timings total 0.000901 (create 0.000017, send 0.000061, recv 0.000218, ring 0.000065, delay 0.000000)
wings-7283c2a3c493-master-0:823029:824171 [3] NCCL INFO Bootstrap timings total 0.000339 (create 0.000025, send 0.000070, recv 0.000087, ring 0.000057, delay 0.000000)
wings-7283c2a3c493-master-0:823028:824169 [2] NCCL INFO MNNVL busId 0x19000 fabric UUID 0.0 cliqueId 0x0 state 3 healthMask 0x0
wings-7283c2a3c493-master-0:823027:824170 [1] NCCL INFO MNNVL busId 0x13000 fabric UUID 0.0 cliqueId 0x0 state 3 healthMask 0x0
wings-7283c2a3c493-master-0:823026:824168 [0] NCCL INFO MNNVL busId 0xc000 fabric UUID 0.0 cliqueId 0x0 state 3 healthMask 0x0
wings-7283c2a3c493-master-0:823029:824171 [3] NCCL INFO MNNVL busId 0x67000 fabric UUID 0.0 cliqueId 0x0 state 3 healthMask 0x0
wings-7283c2a3c493-master-0:823028:824169 [2] NCCL INFO Setting affinity for GPU 2 to 0-23,96-119
wings-7283c2a3c493-master-0:823027:824170 [1] NCCL INFO Setting affinity for GPU 1 to 0-23,96-119
wings-7283c2a3c493-master-0:823026:824168 [0] NCCL INFO Setting affinity for GPU 0 to 0-23,96-119
wings-7283c2a3c493-master-0:823029:824171 [3] NCCL INFO Setting affinity for GPU 3 to 24-47,120-143
wings-7283c2a3c493-master-0:823027:824170 [1] NCCL INFO comm 0x56476c3b43d0 rank 1 nRanks 4 nNodes 1 localRanks 4 localRank 1 MNNVL 0
wings-7283c2a3c493-master-0:823027:824170 [1] NCCL INFO Trees [0] 2/-1/-1->1->0 [1] 2/-1/-1->1->0 [2] 2/-1/-1->1->0 [3] 2/-1/-1->1->0 [4] 2/-1/-1->1->0 [5] 2/-1/-1->1->0 [6] 2/-1/-1->1->0 [7] 2/-1/-1->1->0 [8] 2/-1/-1->1->0 [9] 2/-1/-1->1->0 [10] 2/-1/-1->1->0 [11] 2/-1/-1->1->0 [12] 2/-1/-1->1->0 [13] 2/-1/-1->1->0 [14] 2/-1/-1->1->0 [15] 2/-1/-1->1->0 [16] 2/-1/-1->1->0 [17] 2/-1/-1->1->0 [18] 2/-1/-1->1->0 [19] 2/-1/-1->1->0 [20] 2/-1/-1->1->0 [21] 2/-1/-1->1->0 [22] 2/-1/-1->1->0 [23] 2/-1/-1->1->0
wings-7283c2a3c493-master-0:823027:824170 [1] NCCL INFO P2P Chunksize set to 524288
wings-7283c2a3c493-master-0:823029:824171 [3] NCCL INFO comm 0x55b01b599fc0 rank 3 nRanks 4 nNodes 1 localRanks 4 localRank 3 MNNVL 0
wings-7283c2a3c493-master-0:823028:824169 [2] NCCL INFO comm 0x5567cd20c7f0 rank 2 nRanks 4 nNodes 1 localRanks 4 localRank 2 MNNVL 0
wings-7283c2a3c493-master-0:823026:824168 [0] NCCL INFO comm 0x55c6c17e1050 rank 0 nRanks 4 nNodes 1 localRanks 4 localRank 0 MNNVL 0
wings-7283c2a3c493-master-0:823029:824171 [3] NCCL INFO Trees [0] -1/-1/-1->3->2 [1] -1/-1/-1->3->2 [2] -1/-1/-1->3->2 [3] -1/-1/-1->3->2 [4] -1/-1/-1->3->2 [5] -1/-1/-1->3->2 [6] -1/-1/-1->3->2 [7] -1/-1/-1->3->2 [8] -1/-1/-1->3->2 [9] -1/-1/-1->3->2 [10] -1/-1/-1->3->2 [11] -1/-1/-1->3->2 [12] -1/-1/-1->3->2 [13] -1/-1/-1->3->2 [14] -1/-1/-1->3->2 [15] -1/-1/-1->3->2 [16] -1/-1/-1->3->2 [17] -1/-1/-1->3->2 [18] -1/-1/-1->3->2 [19] -1/-1/-1->3->2 [20] -1/-1/-1->3->2 [21] -1/-1/-1->3->2 [22] -1/-1/-1->3->2 [23] -1/-1/-1->3->2
wings-7283c2a3c493-master-0:823028:824169 [2] NCCL INFO Trees [0] 3/-1/-1->2->1 [1] 3/-1/-1->2->1 [2] 3/-1/-1->2->1 [3] 3/-1/-1->2->1 [4] 3/-1/-1->2->1 [5] 3/-1/-1->2->1 [6] 3/-1/-1->2->1 [7] 3/-1/-1->2->1 [8] 3/-1/-1->2->1 [9] 3/-1/-1->2->1 [10] 3/-1/-1->2->1 [11] 3/-1/-1->2->1 [12] 3/-1/-1->2->1 [13] 3/-1/-1->2->1 [14] 3/-1/-1->2->1 [15] 3/-1/-1->2->1 [16] 3/-1/-1->2->1 [17] 3/-1/-1->2->1 [18] 3/-1/-1->2->1 [19] 3/-1/-1->2->1 [20] 3/-1/-1->2->1 [21] 3/-1/-1->2->1 [22] 3/-1/-1->2->1 [23] 3/-1/-1->2->1
wings-7283c2a3c493-master-0:823026:824168 [0] NCCL INFO Channel 00/24 : 0 1 2 3
wings-7283c2a3c493-master-0:823029:824171 [3] NCCL INFO P2P Chunksize set to 524288
wings-7283c2a3c493-master-0:823028:824169 [2] NCCL INFO P2P Chunksize set to 524288
wings-7283c2a3c493-master-0:823026:824168 [0] NCCL INFO Channel 01/24 : 0 1 2 3
wings-7283c2a3c493-master-0:823026:824168 [0] NCCL INFO Channel 02/24 : 0 1 2 3
wings-7283c2a3c493-master-0:823026:824168 [0] NCCL INFO Channel 03/24 : 0 1 2 3
wings-7283c2a3c493-master-0:823026:824168 [0] NCCL INFO Channel 04/24 : 0 1 2 3
wings-7283c2a3c493-master-0:823026:824168 [0] NCCL INFO Channel 05/24 : 0 1 2 3
wings-7283c2a3c493-master-0:823026:824168 [0] NCCL INFO Channel 06/24 : 0 1 2 3
wings-7283c2a3c493-master-0:823026:824168 [0] NCCL INFO Channel 07/24 : 0 1 2 3
wings-7283c2a3c493-master-0:823026:824168 [0] NCCL INFO Channel 08/24 : 0 1 2 3
wings-7283c2a3c493-master-0:823026:824168 [0] NCCL INFO Channel 09/24 : 0 1 2 3
wings-7283c2a3c493-master-0:823026:824168 [0] NCCL INFO Channel 10/24 : 0 1 2 3
wings-7283c2a3c493-master-0:823026:824168 [0] NCCL INFO Channel 11/24 : 0 1 2 3
wings-7283c2a3c493-master-0:823026:824168 [0] NCCL INFO Channel 12/24 : 0 1 2 3
wings-7283c2a3c493-master-0:823026:824168 [0] NCCL INFO Channel 13/24 : 0 1 2 3
wings-7283c2a3c493-master-0:823026:824168 [0] NCCL INFO Channel 14/24 : 0 1 2 3
wings-7283c2a3c493-master-0:823026:824168 [0] NCCL INFO Channel 15/24 : 0 1 2 3
wings-7283c2a3c493-master-0:823026:824168 [0] NCCL INFO Channel 16/24 : 0 1 2 3
wings-7283c2a3c493-master-0:823026:824168 [0] NCCL INFO Channel 17/24 : 0 1 2 3
wings-7283c2a3c493-master-0:823026:824168 [0] NCCL INFO Channel 18/24 : 0 1 2 3
wings-7283c2a3c493-master-0:823026:824168 [0] NCCL INFO Channel 19/24 : 0 1 2 3
wings-7283c2a3c493-master-0:823026:824168 [0] NCCL INFO Channel 20/24 : 0 1 2 3
wings-7283c2a3c493-master-0:823026:824168 [0] NCCL INFO Channel 21/24 : 0 1 2 3
wings-7283c2a3c493-master-0:823026:824168 [0] NCCL INFO Channel 22/24 : 0 1 2 3
wings-7283c2a3c493-master-0:823026:824168 [0] NCCL INFO Channel 23/24 : 0 1 2 3
wings-7283c2a3c493-master-0:823026:824168 [0] NCCL INFO Trees [0] 1/-1/-1->0->-1 [1] 1/-1/-1->0->-1 [2] 1/-1/-1->0->-1 [3] 1/-1/-1->0->-1 [4] 1/-1/-1->0->-1 [5] 1/-1/-1->0->-1 [6] 1/-1/-1->0->-1 [7] 1/-1/-1->0->-1 [8] 1/-1/-1->0->-1 [9] 1/-1/-1->0->-1 [10] 1/-1/-1->0->-1 [11] 1/-1/-1->0->-1 [12] 1/-1/-1->0->-1 [13] 1/-1/-1->0->-1 [14] 1/-1/-1->0->-1 [15] 1/-1/-1->0->-1 [16] 1/-1/-1->0->-1 [17] 1/-1/-1->0->-1 [18] 1/-1/-1->0->-1 [19] 1/-1/-1->0->-1 [20] 1/-1/-1->0->-1 [21] 1/-1/-1->0->-1 [22] 1/-1/-1->0->-1 [23] 1/-1/-1->0->-1
wings-7283c2a3c493-master-0:823026:824168 [0] NCCL INFO P2P Chunksize set to 524288
wings-7283c2a3c493-master-0:823026:824168 [0] NCCL INFO Check P2P Type isAllDirectP2p 1 directMode 0
wings-7283c2a3c493-master-0:823029:824172 [3] NCCL INFO [Proxy Service] Device 3 CPU core 29
wings-7283c2a3c493-master-0:823027:824174 [1] NCCL INFO [Proxy Service] Device 1 CPU core 2
wings-7283c2a3c493-master-0:823028:824175 [2] NCCL INFO [Proxy Service] Device 2 CPU core 99
wings-7283c2a3c493-master-0:823029:824178 [3] NCCL INFO [Proxy Service UDS] Device 3 CPU core 30
wings-7283c2a3c493-master-0:823027:824176 [1] NCCL INFO [Proxy Service UDS] Device 1 CPU core 4
wings-7283c2a3c493-master-0:823026:824173 [0] NCCL INFO [Proxy Service] Device 0 CPU core 10
wings-7283c2a3c493-master-0:823028:824177 [2] NCCL INFO [Proxy Service UDS] Device 2 CPU core 101
wings-7283c2a3c493-master-0:823026:824179 [0] NCCL INFO [Proxy Service UDS] Device 0 CPU core 11
wings-7283c2a3c493-master-0:823028:824169 [2] NCCL INFO threadThresholds 8/8/64 | 32/8/64 | 512 | 512
wings-7283c2a3c493-master-0:823028:824169 [2] NCCL INFO 24 coll channels, 24 collnet channels, 0 nvls channels, 32 p2p channels, 32 p2p channels per peer
wings-7283c2a3c493-master-0:823027:824170 [1] NCCL INFO threadThresholds 8/8/64 | 32/8/64 | 512 | 512
wings-7283c2a3c493-master-0:823027:824170 [1] NCCL INFO 24 coll channels, 24 collnet channels, 0 nvls channels, 32 p2p channels, 32 p2p channels per peer
wings-7283c2a3c493-master-0:823029:824171 [3] NCCL INFO threadThresholds 8/8/64 | 32/8/64 | 512 | 512
wings-7283c2a3c493-master-0:823029:824171 [3] NCCL INFO 24 coll channels, 24 collnet channels, 0 nvls channels, 32 p2p channels, 32 p2p channels per peer
wings-7283c2a3c493-master-0:823026:824168 [0] NCCL INFO threadThresholds 8/8/64 | 32/8/64 | 512 | 512
wings-7283c2a3c493-master-0:823026:824168 [0] NCCL INFO 24 coll channels, 24 collnet channels, 0 nvls channels, 32 p2p channels, 32 p2p channels per peer
wings-7283c2a3c493-master-0:823026:824168 [0] NCCL INFO CC Off, workFifoBytes 1048576
wings-7283c2a3c493-master-0:823029:824171 [3] NCCL INFO ncclCommInitRankConfig comm 0x55b01b599fc0 rank 3 nranks 4 cudaDev 3 nvmlDev 3 busId 67000 commId 0x4b6f04759f4b943c - Init COMPLETE
wings-7283c2a3c493-master-0:823027:824170 [1] NCCL INFO ncclCommInitRankConfig comm 0x56476c3b43d0 rank 1 nranks 4 cudaDev 1 nvmlDev 1 busId 13000 commId 0x4b6f04759f4b943c - Init COMPLETE
wings-7283c2a3c493-master-0:823029:824171 [3] NCCL INFO Init timings - ncclCommInitRankConfig: rank 3 nranks 4 total 0.09 (kernels 0.00, alloc 0.00, bootstrap 0.00, allgathers 0.02, topo 0.03, graphs 0.01, connections 0.03, rest 0.01)
wings-7283c2a3c493-master-0:823027:824170 [1] NCCL INFO Init timings - ncclCommInitRankConfig: rank 1 nranks 4 total 0.09 (kernels 0.00, alloc 0.00, bootstrap 0.00, allgathers 0.01, topo 0.03, graphs 0.01, connections 0.03, rest 0.01)
wings-7283c2a3c493-master-0:823028:824169 [2] NCCL INFO ncclCommInitRankConfig comm 0x5567cd20c7f0 rank 2 nranks 4 cudaDev 2 nvmlDev 2 busId 19000 commId 0x4b6f04759f4b943c - Init COMPLETE
wings-7283c2a3c493-master-0:823026:824168 [0] NCCL INFO ncclCommInitRankConfig comm 0x55c6c17e1050 rank 0 nranks 4 cudaDev 0 nvmlDev 0 busId c000 commId 0x4b6f04759f4b943c - Init COMPLETE
wings-7283c2a3c493-master-0:823028:824169 [2] NCCL INFO Init timings - ncclCommInitRankConfig: rank 2 nranks 4 total 0.09 (kernels 0.00, alloc 0.00, bootstrap 0.00, allgathers 0.01, topo 0.03, graphs 0.01, connections 0.03, rest 0.01)
wings-7283c2a3c493-master-0:823026:824168 [0] NCCL INFO Init timings - ncclCommInitRankConfig: rank 0 nranks 4 total 0.09 (kernels 0.00, alloc 0.00, bootstrap 0.00, allgathers 0.01, topo 0.03, graphs 0.01, connections 0.03, rest 0.01)
wings-7283c2a3c493-master-0:823026:824183 [0] NCCL INFO Channel 00/0 : 0[0] -> 1[1] via P2P/CUMEM
wings-7283c2a3c493-master-0:823026:824183 [0] NCCL INFO Channel 01/0 : 0[0] -> 1[1] via P2P/CUMEM
wings-7283c2a3c493-master-0:823027:824181 [1] NCCL INFO Channel 00/0 : 1[1] -> 2[2] via P2P/CUMEM
wings-7283c2a3c493-master-0:823028:824182 [2] NCCL INFO Channel 00/0 : 2[2] -> 3[3] via P2P/CUMEM
wings-7283c2a3c493-master-0:823027:824181 [1] NCCL INFO Channel 01/0 : 1[1] -> 2[2] via P2P/CUMEM
wings-7283c2a3c493-master-0:823026:824183 [0] NCCL INFO Channel 02/0 : 0[0] -> 1[1] via P2P/CUMEM
wings-7283c2a3c493-master-0:823029:824180 [3] NCCL INFO Channel 00/0 : 3[3] -> 0[0] via P2P/CUMEM
wings-7283c2a3c493-master-0:823028:824182 [2] NCCL INFO Channel 01/0 : 2[2] -> 3[3] via P2P/CUMEM
wings-7283c2a3c493-master-0:823027:824181 [1] NCCL INFO Channel 02/0 : 1[1] -> 2[2] via P2P/CUMEM
wings-7283c2a3c493-master-0:823026:824183 [0] NCCL INFO Channel 03/0 : 0[0] -> 1[1] via P2P/CUMEM
wings-7283c2a3c493-master-0:823029:824180 [3] NCCL INFO Channel 01/0 : 3[3] -> 0[0] via P2P/CUMEM
wings-7283c2a3c493-master-0:823028:824182 [2] NCCL INFO Channel 02/0 : 2[2] -> 3[3] via P2P/CUMEM
wings-7283c2a3c493-master-0:823027:824181 [1] NCCL INFO Channel 03/0 : 1[1] -> 2[2] via P2P/CUMEM
wings-7283c2a3c493-master-0:823026:824183 [0] NCCL INFO Channel 04/0 : 0[0] -> 1[1] via P2P/CUMEM
wings-7283c2a3c493-master-0:823029:824180 [3] NCCL INFO Channel 02/0 : 3[3] -> 0[0] via P2P/CUMEM
wings-7283c2a3c493-master-0:823028:824182 [2] NCCL INFO Channel 03/0 : 2[2] -> 3[3] via P2P/CUMEM
wings-7283c2a3c493-master-0:823027:824181 [1] NCCL INFO Channel 04/0 : 1[1] -> 2[2] via P2P/CUMEM
wings-7283c2a3c493-master-0:823026:824183 [0] NCCL INFO Channel 05/0 : 0[0] -> 1[1] via P2P/CUMEM
wings-7283c2a3c493-master-0:823028:824182 [2] NCCL INFO Channel 04/0 : 2[2] -> 3[3] via P2P/CUMEM
wings-7283c2a3c493-master-0:823027:824181 [1] NCCL INFO Channel 05/0 : 1[1] -> 2[2] via P2P/CUMEM
wings-7283c2a3c493-master-0:823026:824183 [0] NCCL INFO Channel 06/0 : 0[0] -> 1[1] via P2P/CUMEM
wings-7283c2a3c493-master-0:823029:824180 [3] NCCL INFO Channel 03/0 : 3[3] -> 0[0] via P2P/CUMEM
wings-7283c2a3c493-master-0:823028:824182 [2] NCCL INFO Channel 05/0 : 2[2] -> 3[3] via P2P/CUMEM
wings-7283c2a3c493-master-0:823027:824181 [1] NCCL INFO Channel 06/0 : 1[1] -> 2[2] via P2P/CUMEM
wings-7283c2a3c493-master-0:823026:824183 [0] NCCL INFO Channel 07/0 : 0[0] -> 1[1] via P2P/CUMEM
wings-7283c2a3c493-master-0:823029:824180 [3] NCCL INFO Channel 04/0 : 3[3] -> 0[0] via P2P/CUMEM
wings-7283c2a3c493-master-0:823028:824182 [2] NCCL INFO Channel 06/0 : 2[2] -> 3[3] via P2P/CUMEM
wings-7283c2a3c493-master-0:823027:824181 [1] NCCL INFO Channel 07/0 : 1[1] -> 2[2] via P2P/CUMEM
wings-7283c2a3c493-master-0:823026:824183 [0] NCCL INFO Channel 08/0 : 0[0] -> 1[1] via P2P/CUMEM
wings-7283c2a3c493-master-0:823029:824180 [3] NCCL INFO Channel 05/0 : 3[3] -> 0[0] via P2P/CUMEM
wings-7283c2a3c493-master-0:823028:824182 [2] NCCL INFO Channel 07/0 : 2[2] -> 3[3] via P2P/CUMEM
wings-7283c2a3c493-master-0:823027:824181 [1] NCCL INFO Channel 08/0 : 1[1] -> 2[2] via P2P/CUMEM
wings-7283c2a3c493-master-0:823029:824180 [3] NCCL INFO Channel 06/0 : 3[3] -> 0[0] via P2P/CUMEM
wings-7283c2a3c493-master-0:823028:824182 [2] NCCL INFO Channel 08/0 : 2[2] -> 3[3] via P2P/CUMEM
wings-7283c2a3c493-master-0:823027:824181 [1] NCCL INFO Channel 09/0 : 1[1] -> 2[2] via P2P/CUMEM
wings-7283c2a3c493-master-0:823029:824180 [3] NCCL INFO Channel 07/0 : 3[3] -> 0[0] via P2P/CUMEM
wings-7283c2a3c493-master-0:823027:824181 [1] NCCL INFO Channel 10/0 : 1[1] -> 2[2] via P2P/CUMEM
wings-7283c2a3c493-master-0:823026:824183 [0] NCCL INFO Channel 09/0 : 0[0] -> 1[1] via P2P/CUMEM
wings-7283c2a3c493-master-0:823028:824182 [2] NCCL INFO Channel 09/0 : 2[2] -> 3[3] via P2P/CUMEM
wings-7283c2a3c493-master-0:823029:824180 [3] NCCL INFO Channel 08/0 : 3[3] -> 0[0] via P2P/CUMEM
wings-7283c2a3c493-master-0:823026:824183 [0] NCCL INFO Channel 10/0 : 0[0] -> 1[1] via P2P/CUMEM
wings-7283c2a3c493-master-0:823028:824182 [2] NCCL INFO Channel 10/0 : 2[2] -> 3[3] via P2P/CUMEM
wings-7283c2a3c493-master-0:823027:824181 [1] NCCL INFO Channel 11/0 : 1[1] -> 2[2] via P2P/CUMEM
wings-7283c2a3c493-master-0:823029:824180 [3] NCCL INFO Channel 09/0 : 3[3] -> 0[0] via P2P/CUMEM
wings-7283c2a3c493-master-0:823026:824183 [0] NCCL INFO Channel 11/0 : 0[0] -> 1[1] via P2P/CUMEM
wings-7283c2a3c493-master-0:823029:824180 [3] NCCL INFO Channel 10/0 : 3[3] -> 0[0] via P2P/CUMEM
wings-7283c2a3c493-master-0:823027:824181 [1] NCCL INFO Channel 12/0 : 1[1] -> 2[2] via P2P/CUMEM
wings-7283c2a3c493-master-0:823028:824182 [2] NCCL INFO Channel 11/0 : 2[2] -> 3[3] via P2P/CUMEM
wings-7283c2a3c493-master-0:823026:824183 [0] NCCL INFO Channel 12/0 : 0[0] -> 1[1] via P2P/CUMEM
wings-7283c2a3c493-master-0:823027:824181 [1] NCCL INFO Channel 13/0 : 1[1] -> 2[2] via P2P/CUMEM
wings-7283c2a3c493-master-0:823028:824182 [2] NCCL INFO Channel 12/0 : 2[2] -> 3[3] via P2P/CUMEM
wings-7283c2a3c493-master-0:823029:824180 [3] NCCL INFO Channel 11/0 : 3[3] -> 0[0] via P2P/CUMEM
wings-7283c2a3c493-master-0:823026:824183 [0] NCCL INFO Channel 13/0 : 0[0] -> 1[1] via P2P/CUMEM
wings-7283c2a3c493-master-0:823027:824181 [1] NCCL INFO Channel 14/0 : 1[1] -> 2[2] via P2P/CUMEM
wings-7283c2a3c493-master-0:823028:824182 [2] NCCL INFO Channel 13/0 : 2[2] -> 3[3] via P2P/CUMEM
wings-7283c2a3c493-master-0:823029:824180 [3] NCCL INFO Channel 12/0 : 3[3] -> 0[0] via P2P/CUMEM
wings-7283c2a3c493-master-0:823026:824183 [0] NCCL INFO Channel 14/0 : 0[0] -> 1[1] via P2P/CUMEM
wings-7283c2a3c493-master-0:823028:824182 [2] NCCL INFO Channel 14/0 : 2[2] -> 3[3] via P2P/CUMEM
wings-7283c2a3c493-master-0:823029:824180 [3] NCCL INFO Channel 13/0 : 3[3] -> 0[0] via P2P/CUMEM
wings-7283c2a3c493-master-0:823026:824183 [0] NCCL INFO Channel 15/0 : 0[0] -> 1[1] via P2P/CUMEM
wings-7283c2a3c493-master-0:823028:824182 [2] NCCL INFO Channel 15/0 : 2[2] -> 3[3] via P2P/CUMEM
wings-7283c2a3c493-master-0:823029:824180 [3] NCCL INFO Channel 14/0 : 3[3] -> 0[0] via P2P/CUMEM
wings-7283c2a3c493-master-0:823026:824183 [0] NCCL INFO Channel 16/0 : 0[0] -> 1[1] via P2P/CUMEM
wings-7283c2a3c493-master-0:823028:824182 [2] NCCL INFO Channel 16/0 : 2[2] -> 3[3] via P2P/CUMEM
wings-7283c2a3c493-master-0:823029:824180 [3] NCCL INFO Channel 15/0 : 3[3] -> 0[0] via P2P/CUMEM
wings-7283c2a3c493-master-0:823026:824183 [0] NCCL INFO Channel 17/0 : 0[0] -> 1[1] via P2P/CUMEM
wings-7283c2a3c493-master-0:823028:824182 [2] NCCL INFO Channel 17/0 : 2[2] -> 3[3] via P2P/CUMEM
wings-7283c2a3c493-master-0:823029:824180 [3] NCCL INFO Channel 16/0 : 3[3] -> 0[0] via P2P/CUMEM
wings-7283c2a3c493-master-0:823026:824183 [0] NCCL INFO Channel 18/0 : 0[0] -> 1[1] via P2P/CUMEM
wings-7283c2a3c493-master-0:823028:824182 [2] NCCL INFO Channel 18/0 : 2[2] -> 3[3] via P2P/CUMEM
wings-7283c2a3c493-master-0:823029:824180 [3] NCCL INFO Channel 17/0 : 3[3] -> 0[0] via P2P/CUMEM
wings-7283c2a3c493-master-0:823026:824183 [0] NCCL INFO Channel 19/0 : 0[0] -> 1[1] via P2P/CUMEM
wings-7283c2a3c493-master-0:823028:824182 [2] NCCL INFO Channel 19/0 : 2[2] -> 3[3] via P2P/CUMEM
wings-7283c2a3c493-master-0:823029:824180 [3] NCCL INFO Channel 18/0 : 3[3] -> 0[0] via P2P/CUMEM
wings-7283c2a3c493-master-0:823026:824183 [0] NCCL INFO Channel 20/0 : 0[0] -> 1[1] via P2P/CUMEM
wings-7283c2a3c493-master-0:823028:824182 [2] NCCL INFO Channel 20/0 : 2[2] -> 3[3] via P2P/CUMEM
wings-7283c2a3c493-master-0:823029:824180 [3] NCCL INFO Channel 19/0 : 3[3] -> 0[0] via P2P/CUMEM
wings-7283c2a3c493-master-0:823026:824183 [0] NCCL INFO Channel 21/0 : 0[0] -> 1[1] via P2P/CUMEM
wings-7283c2a3c493-master-0:823028:824182 [2] NCCL INFO Channel 21/0 : 2[2] -> 3[3] via P2P/CUMEM
wings-7283c2a3c493-master-0:823029:824180 [3] NCCL INFO Channel 20/0 : 3[3] -> 0[0] via P2P/CUMEM
wings-7283c2a3c493-master-0:823026:824183 [0] NCCL INFO Channel 22/0 : 0[0] -> 1[1] via P2P/CUMEM
wings-7283c2a3c493-master-0:823028:824182 [2] NCCL INFO Channel 22/0 : 2[2] -> 3[3] via P2P/CUMEM
wings-7283c2a3c493-master-0:823029:824180 [3] NCCL INFO Channel 21/0 : 3[3] -> 0[0] via P2P/CUMEM
wings-7283c2a3c493-master-0:823026:824183 [0] NCCL INFO Channel 23/0 : 0[0] -> 1[1] via P2P/CUMEM
wings-7283c2a3c493-master-0:823028:824182 [2] NCCL INFO Channel 23/0 : 2[2] -> 3[3] via P2P/CUMEM
wings-7283c2a3c493-master-0:823029:824180 [3] NCCL INFO Channel 22/0 : 3[3] -> 0[0] via P2P/CUMEM
wings-7283c2a3c493-master-0:823029:824180 [3] NCCL INFO Channel 23/0 : 3[3] -> 0[0] via P2P/CUMEM
wings-7283c2a3c493-master-0:823027:824181 [1] NCCL INFO Channel 15/0 : 1[1] -> 2[2] via P2P/CUMEM
wings-7283c2a3c493-master-0:823027:824181 [1] NCCL INFO Channel 16/0 : 1[1] -> 2[2] via P2P/CUMEM
wings-7283c2a3c493-master-0:823027:824181 [1] NCCL INFO Channel 17/0 : 1[1] -> 2[2] via P2P/CUMEM
wings-7283c2a3c493-master-0:823027:824181 [1] NCCL INFO Channel 18/0 : 1[1] -> 2[2] via P2P/CUMEM
wings-7283c2a3c493-master-0:823027:824181 [1] NCCL INFO Channel 19/0 : 1[1] -> 2[2] via P2P/CUMEM
wings-7283c2a3c493-master-0:823027:824181 [1] NCCL INFO Channel 20/0 : 1[1] -> 2[2] via P2P/CUMEM
wings-7283c2a3c493-master-0:823027:824181 [1] NCCL INFO Channel 21/0 : 1[1] -> 2[2] via P2P/CUMEM
wings-7283c2a3c493-master-0:823027:824181 [1] NCCL INFO Channel 22/0 : 1[1] -> 2[2] via P2P/CUMEM
wings-7283c2a3c493-master-0:823027:824181 [1] NCCL INFO Channel 23/0 : 1[1] -> 2[2] via P2P/CUMEM
wings-7283c2a3c493-master-0:823028:824182 [2] NCCL INFO Connected all rings, use ring PXN 0 GDR 1
wings-7283c2a3c493-master-0:823029:824180 [3] NCCL INFO Connected all rings, use ring PXN 0 GDR 1
wings-7283c2a3c493-master-0:823026:824183 [0] NCCL INFO Connected all rings, use ring PXN 0 GDR 1
wings-7283c2a3c493-master-0:823027:824181 [1] NCCL INFO Connected all rings, use ring PXN 0 GDR 1
(Worker pid=823026) (Worker_TP0 pid=823026) /root/.venvs/vtool-r1-v2/lib/python3.10/site-packages/torch/distributed/c10d_logger.py:83: UserWarning: barrier(): using the device under current context. You can specify `device_id` in `init_process_group` to mute this warning.
(Worker pid=823026) (Worker_TP0 pid=823026)   return func(*args, **kwargs)
(Worker pid=823028) (Worker_TP2 pid=823028) [2026-05-17 12:28:37] INFO mnnvl.py:942: [SymmDeviceMemory] Rank: 2, Group size: 4, device_idx: 2, Signal pad offset: 2097152
(Worker pid=823027) (Worker_TP1 pid=823027) [2026-05-17 12:28:37] INFO mnnvl.py:942: [SymmDeviceMemory] Rank: 1, Group size: 4, device_idx: 1, Signal pad offset: 2097152
(Worker pid=823029) (Worker_TP3 pid=823029) [2026-05-17 12:28:37] INFO mnnvl.py:942: [SymmDeviceMemory] Rank: 3, Group size: 4, device_idx: 3, Signal pad offset: 2097152
(Worker pid=823026) (Worker_TP0 pid=823026) [2026-05-17 12:28:37] INFO mnnvl.py:942: [SymmDeviceMemory] Rank: 0, Group size: 4, device_idx: 0, Signal pad offset: 2097152
(Worker pid=823026) (Worker_TP0 pid=823026) [2026-05-17 12:28:37] INFO mnnvl.py:942: [SymmDeviceMemory] Rank: 0, Group size: 4, device_idx: 0, Signal pad offset: 25165824
(Worker pid=823028) (Worker_TP2 pid=823028) [2026-05-17 12:28:37] INFO mnnvl.py:942: [SymmDeviceMemory] Rank: 2, Group size: 4, device_idx: 2, Signal pad offset: 25165824
(Worker pid=823029) (Worker_TP3 pid=823029) [2026-05-17 12:28:37] INFO mnnvl.py:942: [SymmDeviceMemory] Rank: 3, Group size: 4, device_idx: 3, Signal pad offset: 25165824
(Worker pid=823027) (Worker_TP1 pid=823027) [2026-05-17 12:28:37] INFO mnnvl.py:942: [SymmDeviceMemory] Rank: 1, Group size: 4, device_idx: 1, Signal pad offset: 25165824
(Worker pid=823026) (Worker_TP0 pid=823026) rank 0 allocated ipc_handles: [['0x55a0000000', '0x55c0000000', '0x55e0000000', '0x5600000000'], ['0x5620000000', '0x5640000000', '0x5660000000', '0x5680000000'], ['0x56a0000000', '0x56c0000000', '0x56e0000000', '0x5700000000']]
(Worker pid=823027) (Worker_TP1 pid=823027) rank 1 allocated ipc_handles: [['0x55a0000000', '0x55c0000000', '0x55e0000000', '0x5600000000'], ['0x5620000000', '0x5640000000', '0x5660000000', '0x5680000000'], ['0x56a0000000', '0x56c0000000', '0x56e0000000', '0x5700000000']]
(Worker pid=823029) (Worker_TP3 pid=823029) rank 3 allocated ipc_handles: [['0x55a0000000', '0x55c0000000', '0x55e0000000', '0x5600000000'], ['0x5620000000', '0x5640000000', '0x5660000000', '0x5680000000'], ['0x56a0000000', '0x56c0000000', '0x56e0000000', '0x5700000000']]
(Worker pid=823028) (Worker_TP2 pid=823028) rank 2 allocated ipc_handles: [['0x55a0000000', '0x55c0000000', '0x55e0000000', '0x5600000000'], ['0x5620000000', '0x5640000000', '0x5660000000', '0x5680000000'], ['0x56a0000000', '0x56c0000000', '0x56e0000000', '0x5700000000']]
[2026-05-17 12:28:37.822] [info] lamportInitialize start: buffer: 0x56a0000000, size: 12582912
(Worker pid=823026) (Worker_TP0 pid=823026) set flag_ptr[3] = lamport_comm_size:  8388608
(Worker pid=823026) (Worker_TP0 pid=823026) Rank 0 workspace[0] 0x55a0000000
(Worker pid=823026) (Worker_TP0 pid=823026) Rank 0 workspace[1] 0x55c0000000
(Worker pid=823026) (Worker_TP0 pid=823026) Rank 0 workspace[2] 0x55e0000000
(Worker pid=823026) (Worker_TP0 pid=823026) Rank 0 workspace[3] 0x5600000000
(Worker pid=823026) (Worker_TP0 pid=823026) Rank 0 workspace[4] 0x5620000000
(Worker pid=823026) (Worker_TP0 pid=823026) Rank 0 workspace[5] 0x5640000000
(Worker pid=823026) (Worker_TP0 pid=823026) Rank 0 workspace[6] 0x5660000000
(Worker pid=823026) (Worker_TP0 pid=823026) Rank 0 workspace[7] 0x5680000000
(Worker pid=823026) (Worker_TP0 pid=823026) Rank 0 workspace[8] 0x56a0000000
(Worker pid=823026) (Worker_TP0 pid=823026) Rank 0 workspace[9] 0x56c0000000
(Worker pid=823026) (Worker_TP0 pid=823026) Rank 0 workspace[10] 0x56e0000000
(Worker pid=823026) (Worker_TP0 pid=823026) Rank 0 workspace[11] 0x5700000000
(Worker pid=823026) (Worker_TP0 pid=823026) Rank 0 workspace[12] 0x7f49c2620a00
(Worker pid=823026) (Worker_TP0 pid=823026) /root/.venvs/vtool-r1-v2/lib/python3.10/site-packages/torch/distributed/c10d_logger.py:83: UserWarning: barrier(): using the device under current context. You can specify `device_id` in `init_process_group` to mute this warning.
(Worker pid=823026) (Worker_TP0 pid=823026)   return func(*args, **kwargs)
[2026-05-17 12:28:37.867] [info] lamportInitialize start: buffer: 0x56c0000000, size: 12582912
(Worker pid=823027) (Worker_TP1 pid=823027) set flag_ptr[3] = lamport_comm_size:  8388608
(Worker pid=823027) (Worker_TP1 pid=823027) Rank 1 workspace[0] 0x55a0000000
(Worker pid=823027) (Worker_TP1 pid=823027) Rank 1 workspace[1] 0x55c0000000
(Worker pid=823027) (Worker_TP1 pid=823027) Rank 1 workspace[2] 0x55e0000000
(Worker pid=823027) (Worker_TP1 pid=823027) Rank 1 workspace[3] 0x5600000000
(Worker pid=823027) (Worker_TP1 pid=823027) Rank 1 workspace[4] 0x5620000000
(Worker pid=823027) (Worker_TP1 pid=823027) Rank 1 workspace[5] 0x5640000000
(Worker pid=823027) (Worker_TP1 pid=823027) Rank 1 workspace[6] 0x5660000000
(Worker pid=823027) (Worker_TP1 pid=823027) Rank 1 workspace[7] 0x5680000000
(Worker pid=823027) (Worker_TP1 pid=823027) Rank 1 workspace[8] 0x56a0000000
(Worker pid=823027) (Worker_TP1 pid=823027) Rank 1 workspace[9] 0x56c0000000
(Worker pid=823027) (Worker_TP1 pid=823027) Rank 1 workspace[10] 0x56e0000000
(Worker pid=823027) (Worker_TP1 pid=823027) Rank 1 workspace[11] 0x5700000000
(Worker pid=823027) (Worker_TP1 pid=823027) Rank 1 workspace[12] 0x7fc5ae620a00
[2026-05-17 12:28:37.919] [info] lamportInitialize start: buffer: 0x5700000000, size: 12582912
(Worker pid=823029) (Worker_TP3 pid=823029) set flag_ptr[3] = lamport_comm_size:  8388608
(Worker pid=823029) (Worker_TP3 pid=823029) Rank 3 workspace[0] 0x55a0000000
(Worker pid=823029) (Worker_TP3 pid=823029) Rank 3 workspace[1] 0x55c0000000
(Worker pid=823029) (Worker_TP3 pid=823029) Rank 3 workspace[2] 0x55e0000000
(Worker pid=823029) (Worker_TP3 pid=823029) Rank 3 workspace[3] 0x5600000000
(Worker pid=823029) (Worker_TP3 pid=823029) Rank 3 workspace[4] 0x5620000000
(Worker pid=823029) (Worker_TP3 pid=823029) Rank 3 workspace[5] 0x5640000000
(Worker pid=823029) (Worker_TP3 pid=823029) Rank 3 workspace[6] 0x5660000000
(Worker pid=823029) (Worker_TP3 pid=823029) Rank 3 workspace[7] 0x5680000000
(Worker pid=823029) (Worker_TP3 pid=823029) Rank 3 workspace[8] 0x56a0000000
(Worker pid=823029) (Worker_TP3 pid=823029) Rank 3 workspace[9] 0x56c0000000
(Worker pid=823029) (Worker_TP3 pid=823029) Rank 3 workspace[10] 0x56e0000000
(Worker pid=823029) (Worker_TP3 pid=823029) Rank 3 workspace[11] 0x5700000000
(Worker pid=823029) (Worker_TP3 pid=823029) Rank 3 workspace[12] 0x7f750e620a00
[2026-05-17 12:28:37.967] [info] lamportInitialize start: buffer: 0x56e0000000, size: 12582912
(Worker pid=823028) (Worker_TP2 pid=823028) set flag_ptr[3] = lamport_comm_size:  8388608
(Worker pid=823028) (Worker_TP2 pid=823028) Rank 2 workspace[0] 0x55a0000000
(Worker pid=823028) (Worker_TP2 pid=823028) Rank 2 workspace[1] 0x55c0000000
(Worker pid=823028) (Worker_TP2 pid=823028) Rank 2 workspace[2] 0x55e0000000
(Worker pid=823028) (Worker_TP2 pid=823028) Rank 2 workspace[3] 0x5600000000
(Worker pid=823028) (Worker_TP2 pid=823028) Rank 2 workspace[4] 0x5620000000
(Worker pid=823028) (Worker_TP2 pid=823028) Rank 2 workspace[5] 0x5640000000
(Worker pid=823028) (Worker_TP2 pid=823028) Rank 2 workspace[6] 0x5660000000
(Worker pid=823028) (Worker_TP2 pid=823028) Rank 2 workspace[7] 0x5680000000
(Worker pid=823028) (Worker_TP2 pid=823028) Rank 2 workspace[8] 0x56a0000000
(Worker pid=823028) (Worker_TP2 pid=823028) Rank 2 workspace[9] 0x56c0000000
(Worker pid=823028) (Worker_TP2 pid=823028) Rank 2 workspace[10] 0x56e0000000
(Worker pid=823028) (Worker_TP2 pid=823028) Rank 2 workspace[11] 0x5700000000
(Worker pid=823028) (Worker_TP2 pid=823028) Rank 2 workspace[12] 0x7ef96a620a00
(Worker pid=823026) (Worker_TP0 pid=823026) INFO 05-17 12:28:42 [backends.py:350] Cache the graph of compile range (513, 8192) for later use
(Worker pid=823028) (Worker_TP2 pid=823028) INFO 05-17 12:28:42 [backends.py:350] Cache the graph of compile range (513, 8192) for later use
(Worker pid=823029) (Worker_TP3 pid=823029) INFO 05-17 12:28:42 [backends.py:350] Cache the graph of compile range (513, 8192) for later use
(Worker pid=823027) (Worker_TP1 pid=823027) INFO 05-17 12:28:42 [backends.py:350] Cache the graph of compile range (513, 8192) for later use
(Worker pid=823026) (Worker_TP0 pid=823026) INFO 05-17 12:28:48 [backends.py:366] Compiling a graph for compile range (513, 8192) takes 8.06 s
(Worker pid=823026) (Worker_TP0 pid=823026) INFO 05-17 12:28:49 [gpu_worker.py:424] Available KV cache memory: 48.61 GiB
(EngineCore_DP0 pid=822760) INFO 05-17 12:28:55 [kv_cache_utils.py:1314] GPU KV cache size: 2,831,616 tokens
(EngineCore_DP0 pid=822760) INFO 05-17 12:28:55 [kv_cache_utils.py:1319] Maximum concurrency for 32,768 tokens per request: 86.41x
(Worker pid=823029) (Worker_TP3 pid=823029) INFO 05-17 12:28:55 [gpu_worker.py:520] Compile and warming up model for size 8192
(Worker pid=823026) (Worker_TP0 pid=823026) INFO 05-17 12:28:55 [gpu_worker.py:520] Compile and warming up model for size 8192
(Worker pid=823027) (Worker_TP1 pid=823027) INFO 05-17 12:28:55 [gpu_worker.py:520] Compile and warming up model for size 8192
(Worker pid=823028) (Worker_TP2 pid=823028) INFO 05-17 12:28:55 [gpu_worker.py:520] Compile and warming up model for size 8192
(Worker pid=823027) (Worker_TP1 pid=823027) 2026-05-17 12:28:55,705 - INFO - autotuner.py:256 - flashinfer.jit: [Autotuner]: Autotuning process starts ...
(Worker pid=823029) (Worker_TP3 pid=823029) 2026-05-17 12:28:55,706 - INFO - autotuner.py:256 - flashinfer.jit: [Autotuner]: Autotuning process starts ...
(Worker pid=823028) (Worker_TP2 pid=823028) 2026-05-17 12:28:55,706 - INFO - autotuner.py:256 - flashinfer.jit: [Autotuner]: Autotuning process starts ...
(Worker pid=823026) (Worker_TP0 pid=823026) 2026-05-17 12:28:55,708 - INFO - autotuner.py:256 - flashinfer.jit: [Autotuner]: Autotuning process starts ...
(Worker pid=823029) (Worker_TP3 pid=823029) 2026-05-17 12:28:55,721 - INFO - autotuner.py:262 - flashinfer.jit: [Autotuner]: Autotuning process ends
(Worker pid=823028) (Worker_TP2 pid=823028) 2026-05-17 12:28:55,721 - INFO - autotuner.py:262 - flashinfer.jit: [Autotuner]: Autotuning process ends
(Worker pid=823027) (Worker_TP1 pid=823027) 2026-05-17 12:28:55,721 - INFO - autotuner.py:262 - flashinfer.jit: [Autotuner]: Autotuning process ends
(Worker pid=823026) (Worker_TP0 pid=823026) 2026-05-17 12:28:55,722 - INFO - autotuner.py:262 - flashinfer.jit: [Autotuner]: Autotuning process ends
(Worker pid=823026) (Worker_TP0 pid=823026) Capturing CUDA graphs (mixed prefill-decode, PIECEWISE):   0%|          | 0/51 [00:00<?, ?it/s](Worker pid=823029) (Worker_TP3 pid=823029) INFO 05-17 12:28:56 [backends.py:350] Cache the graph of compile range (1, 512) for later use
(Worker pid=823027) (Worker_TP1 pid=823027) INFO 05-17 12:28:57 [backends.py:350] Cache the graph of compile range (1, 512) for later use
(Worker pid=823028) (Worker_TP2 pid=823028) INFO 05-17 12:28:57 [backends.py:350] Cache the graph of compile range (1, 512) for later use
(Worker pid=823026) (Worker_TP0 pid=823026) INFO 05-17 12:28:57 [backends.py:350] Cache the graph of compile range (1, 512) for later use
(Worker pid=823026) (Worker_TP0 pid=823026) INFO 05-17 12:29:01 [backends.py:366] Compiling a graph for compile range (1, 512) takes 5.05 s
(Worker pid=823026) (Worker_TP0 pid=823026) INFO 05-17 12:29:01 [monitor.py:35] torch.compile takes 30.82 s in total
(Worker pid=823026) (Worker_TP0 pid=823026) INFO 05-17 12:29:01 [decorators.py:580] saving AOT compiled function to /root/.cache/vllm/torch_compile_cache/torch_aot_compile/d839a17f4a8b2d0a19e6c94cb0200f319222fa0037ed80fd555ec6a72eed7ad9/rank_0_0/model
(Worker pid=823028) (Worker_TP2 pid=823028) INFO 05-17 12:29:01 [decorators.py:580] saving AOT compiled function to /root/.cache/vllm/torch_compile_cache/torch_aot_compile/d839a17f4a8b2d0a19e6c94cb0200f319222fa0037ed80fd555ec6a72eed7ad9/rank_2_0/model
(Worker pid=823029) (Worker_TP3 pid=823029) INFO 05-17 12:29:01 [decorators.py:580] saving AOT compiled function to /root/.cache/vllm/torch_compile_cache/torch_aot_compile/d839a17f4a8b2d0a19e6c94cb0200f319222fa0037ed80fd555ec6a72eed7ad9/rank_3_0/model
(Worker pid=823027) (Worker_TP1 pid=823027) INFO 05-17 12:29:01 [decorators.py:580] saving AOT compiled function to /root/.cache/vllm/torch_compile_cache/torch_aot_compile/d839a17f4a8b2d0a19e6c94cb0200f319222fa0037ed80fd555ec6a72eed7ad9/rank_1_0/model
(Worker pid=823029) (Worker_TP3 pid=823029) INFO 05-17 12:29:02 [decorators.py:588] saved AOT compiled function to /root/.cache/vllm/torch_compile_cache/torch_aot_compile/d839a17f4a8b2d0a19e6c94cb0200f319222fa0037ed80fd555ec6a72eed7ad9/rank_3_0/model
(Worker pid=823026) (Worker_TP0 pid=823026) INFO 05-17 12:29:02 [decorators.py:588] saved AOT compiled function to /root/.cache/vllm/torch_compile_cache/torch_aot_compile/d839a17f4a8b2d0a19e6c94cb0200f319222fa0037ed80fd555ec6a72eed7ad9/rank_0_0/model
(Worker pid=823028) (Worker_TP2 pid=823028) INFO 05-17 12:29:02 [decorators.py:588] saved AOT compiled function to /root/.cache/vllm/torch_compile_cache/torch_aot_compile/d839a17f4a8b2d0a19e6c94cb0200f319222fa0037ed80fd555ec6a72eed7ad9/rank_2_0/model
(Worker pid=823027) (Worker_TP1 pid=823027) INFO 05-17 12:29:02 [decorators.py:588] saved AOT compiled function to /root/.cache/vllm/torch_compile_cache/torch_aot_compile/d839a17f4a8b2d0a19e6c94cb0200f319222fa0037ed80fd555ec6a72eed7ad9/rank_1_0/model
Capturing CUDA graphs (mixed prefill-decode, PIECEWISE):   2%|▏         | 1/51 [00:05<04:58,  5.97s/it]Capturing CUDA graphs (mixed prefill-decode, PIECEWISE):   6%|▌         | 3/51 [00:06<01:16,  1.59s/it]Capturing CUDA graphs (mixed prefill-decode, PIECEWISE):  10%|▉         | 5/51 [00:06<00:36,  1.25it/s]Capturing CUDA graphs (mixed prefill-decode, PIECEWISE):  16%|█▌        | 8/51 [00:06<00:17,  2.47it/s]Capturing CUDA graphs (mixed prefill-decode, PIECEWISE):  22%|██▏       | 11/51 [00:06<00:10,  3.95it/s]Capturing CUDA graphs (mixed prefill-decode, PIECEWISE):  25%|██▌       | 13/51 [00:06<00:07,  5.10it/s]Capturing CUDA graphs (mixed prefill-decode, PIECEWISE):  29%|██▉       | 15/51 [00:06<00:05,  6.51it/s]Capturing CUDA graphs (mixed prefill-decode, PIECEWISE):  33%|███▎      | 17/51 [00:06<00:04,  8.09it/s]Capturing CUDA graphs (mixed prefill-decode, PIECEWISE):  37%|███▋      | 19/51 [00:06<00:03,  9.72it/s]Capturing CUDA graphs (mixed prefill-decode, PIECEWISE):  41%|████      | 21/51 [00:07<00:02, 11.36it/s]Capturing CUDA graphs (mixed prefill-decode, PIECEWISE):  45%|████▌     | 23/51 [00:07<00:02, 13.02it/s]Capturing CUDA graphs (mixed prefill-decode, PIECEWISE):  49%|████▉     | 25/51 [00:07<00:01, 14.31it/s]Capturing CUDA graphs (mixed prefill-decode, PIECEWISE):  55%|█████▍    | 28/51 [00:07<00:01, 15.70it/s]Capturing CUDA graphs (mixed prefill-decode, PIECEWISE):  59%|█████▉    | 30/51 [00:07<00:01, 16.39it/s]Capturing CUDA graphs (mixed prefill-decode, PIECEWISE):  63%|██████▎   | 32/51 [00:07<00:01, 17.03it/s]Capturing CUDA graphs (mixed prefill-decode, PIECEWISE):  67%|██████▋   | 34/51 [00:07<00:00, 17.43it/s]Capturing CUDA graphs (mixed prefill-decode, PIECEWISE):  71%|███████   | 36/51 [00:07<00:00, 17.56it/s]Capturing CUDA graphs (mixed prefill-decode, PIECEWISE):  75%|███████▍  | 38/51 [00:07<00:00, 17.39it/s]Capturing CUDA graphs (mixed prefill-decode, PIECEWISE):  78%|███████▊  | 40/51 [00:08<00:00, 17.68it/s]Capturing CUDA graphs (mixed prefill-decode, PIECEWISE):  82%|████████▏ | 42/51 [00:08<00:00, 17.89it/s]Capturing CUDA graphs (mixed prefill-decode, PIECEWISE):  86%|████████▋ | 44/51 [00:08<00:00, 18.31it/s]Capturing CUDA graphs (mixed prefill-decode, PIECEWISE):  90%|█████████ | 46/51 [00:08<00:00, 17.83it/s]Capturing CUDA graphs (mixed prefill-decode, PIECEWISE):  96%|█████████▌| 49/51 [00:08<00:00, 18.88it/s]Capturing CUDA graphs (mixed prefill-decode, PIECEWISE): 100%|██████████| 51/51 [00:08<00:00,  5.92it/s]
(Worker pid=823026) (Worker_TP0 pid=823026) Capturing CUDA graphs (decode, FULL):   0%|          | 0/51 [00:00<?, ?it/s]Capturing CUDA graphs (decode, FULL):   6%|▌         | 3/51 [00:00<00:01, 26.34it/s]Capturing CUDA graphs (decode, FULL):  12%|█▏        | 6/51 [00:00<00:01, 27.97it/s]Capturing CUDA graphs (decode, FULL):  18%|█▊        | 9/51 [00:00<00:01, 28.21it/s]Capturing CUDA graphs (decode, FULL):  24%|██▎       | 12/51 [00:00<00:01, 28.79it/s]Capturing CUDA graphs (decode, FULL):  29%|██▉       | 15/51 [00:00<00:01, 29.04it/s]Capturing CUDA graphs (decode, FULL):  35%|███▌      | 18/51 [00:00<00:01, 28.97it/s]Capturing CUDA graphs (decode, FULL):  41%|████      | 21/51 [00:00<00:01, 27.43it/s]Capturing CUDA graphs (decode, FULL):  47%|████▋     | 24/51 [00:00<00:00, 27.99it/s]Capturing CUDA graphs (decode, FULL):  53%|█████▎    | 27/51 [00:00<00:00, 28.42it/s]Capturing CUDA graphs (decode, FULL):  59%|█████▉    | 30/51 [00:01<00:00, 28.58it/s]Capturing CUDA graphs (decode, FULL):  65%|██████▍   | 33/51 [00:01<00:00, 28.79it/s]Capturing CUDA graphs (decode, FULL):  71%|███████   | 36/51 [00:01<00:00, 28.87it/s]Capturing CUDA graphs (decode, FULL):  76%|███████▋  | 39/51 [00:01<00:00, 28.63it/s]Capturing CUDA graphs (decode, FULL):  82%|████████▏ | 42/51 [00:01<00:00, 28.89it/s]Capturing CUDA graphs (decode, FULL):  88%|████████▊ | 45/51 [00:01<00:00, 28.91it/s]Capturing CUDA graphs (decode, FULL):  94%|█████████▍| 48/51 [00:01<00:00, 28.71it/s]Capturing CUDA graphs (decode, FULL): 100%|██████████| 51/51 [00:01<00:00, 28.66it/s]Capturing CUDA graphs (decode, FULL): 100%|██████████| 51/51 [00:01<00:00, 28.54it/s]
(Worker pid=823029) (Worker_TP3 pid=823029) INFO 05-17 12:29:06 [custom_all_reduce.py:216] Registering 0 cuda graph addresses
(Worker pid=823026) (Worker_TP0 pid=823026) INFO 05-17 12:29:06 [custom_all_reduce.py:216] Registering 0 cuda graph addresses
(Worker pid=823027) (Worker_TP1 pid=823027) INFO 05-17 12:29:06 [custom_all_reduce.py:216] Registering 0 cuda graph addresses
(Worker pid=823028) (Worker_TP2 pid=823028) INFO 05-17 12:29:06 [custom_all_reduce.py:216] Registering 0 cuda graph addresses
(Worker pid=823026) (Worker_TP0 pid=823026) INFO 05-17 12:29:07 [gpu_model_runner.py:5386] Graph capturing finished in 11 secs, took 0.41 GiB
(EngineCore_DP0 pid=822760) INFO 05-17 12:29:07 [core.py:282] init engine (profile, create kv cache, warmup model) took 41.51 seconds
(EngineCore_DP0 pid=822760) The image processor of type `Qwen2VLImageProcessor` is now loaded as a fast processor by default, even if the model checkpoint was saved with a slow processor. This is a breaking change and may produce slightly different outputs. To continue using the slow processor, instantiate this class with `use_fast=False`. Note that this behavior will be extended to all models in a future release.
(EngineCore_DP0 pid=822760) INFO 05-17 12:29:10 [vllm.py:747] Asynchronous scheduling is enabled.
(EngineCore_DP0 pid=822760) <frozen importlib._bootstrap_external>:1184: FutureWarning: The cuda.cudart module is deprecated and will be removed in a future release, please switch to use the cuda.bindings.runtime module instead.
(EngineCore_DP0 pid=822760) <frozen importlib._bootstrap_external>:1184: FutureWarning: The cuda.nvrtc module is deprecated and will be removed in a future release, please switch to use the cuda.bindings.nvrtc module instead.
(APIServer pid=822468) INFO 05-17 12:29:10 [api_server.py:495] Supported tasks: ['generate']
(APIServer pid=822468) WARNING 05-17 12:29:10 [model.py:1355] Default vLLM sampling parameters have been overridden by the model's `generation_config.json`: `{'repetition_penalty': 1.05, 'temperature': 1e-06}`. If this is not intended, please relaunch vLLM instance with `--generation-config vllm`.
(APIServer pid=822468) INFO 05-17 12:29:10 [serving.py:185] Warming up chat template processing...
(APIServer pid=822468) INFO 05-17 12:29:10 [hf.py:318] Detected the chat template content format to be 'openai'. You can set `--chat-template-content-format` to override this.
(APIServer pid=822468) INFO 05-17 12:29:10 [serving.py:210] Chat template warmup completed in 47.8ms
(APIServer pid=822468) INFO 05-17 12:29:10 [api_server.py:500] Starting vLLM API server 0 on http://127.0.0.1:18080
(APIServer pid=822468) INFO 05-17 12:29:10 [launcher.py:38] Available routes are:
(APIServer pid=822468) INFO 05-17 12:29:10 [launcher.py:47] Route: /openapi.json, Methods: HEAD, GET
(APIServer pid=822468) INFO 05-17 12:29:10 [launcher.py:47] Route: /docs, Methods: HEAD, GET
(APIServer pid=822468) INFO 05-17 12:29:10 [launcher.py:47] Route: /docs/oauth2-redirect, Methods: HEAD, GET
(APIServer pid=822468) INFO 05-17 12:29:10 [launcher.py:47] Route: /redoc, Methods: HEAD, GET
(APIServer pid=822468) INFO 05-17 12:29:10 [launcher.py:47] Route: /tokenize, Methods: POST
(APIServer pid=822468) INFO 05-17 12:29:10 [launcher.py:47] Route: /detokenize, Methods: POST
(APIServer pid=822468) INFO 05-17 12:29:10 [launcher.py:47] Route: /load, Methods: GET
(APIServer pid=822468) INFO 05-17 12:29:10 [launcher.py:47] Route: /version, Methods: GET
(APIServer pid=822468) INFO 05-17 12:29:10 [launcher.py:47] Route: /health, Methods: GET
(APIServer pid=822468) INFO 05-17 12:29:10 [launcher.py:47] Route: /metrics, Methods: GET
(APIServer pid=822468) INFO 05-17 12:29:10 [launcher.py:47] Route: /v1/models, Methods: GET
(APIServer pid=822468) INFO 05-17 12:29:10 [launcher.py:47] Route: /ping, Methods: GET
(APIServer pid=822468) INFO 05-17 12:29:10 [launcher.py:47] Route: /ping, Methods: POST
(APIServer pid=822468) INFO 05-17 12:29:10 [launcher.py:47] Route: /invocations, Methods: POST
(APIServer pid=822468) INFO 05-17 12:29:10 [launcher.py:47] Route: /v1/chat/completions, Methods: POST
(APIServer pid=822468) INFO 05-17 12:29:10 [launcher.py:47] Route: /v1/chat/completions/render, Methods: POST
(APIServer pid=822468) INFO 05-17 12:29:10 [launcher.py:47] Route: /v1/responses, Methods: POST
(APIServer pid=822468) INFO 05-17 12:29:10 [launcher.py:47] Route: /v1/responses/{response_id}, Methods: GET
(APIServer pid=822468) INFO 05-17 12:29:10 [launcher.py:47] Route: /v1/responses/{response_id}/cancel, Methods: POST
(APIServer pid=822468) INFO 05-17 12:29:10 [launcher.py:47] Route: /v1/completions, Methods: POST
(APIServer pid=822468) INFO 05-17 12:29:10 [launcher.py:47] Route: /v1/completions/render, Methods: POST
(APIServer pid=822468) INFO 05-17 12:29:10 [launcher.py:47] Route: /v1/messages, Methods: POST
(APIServer pid=822468) INFO 05-17 12:29:10 [launcher.py:47] Route: /v1/messages/count_tokens, Methods: POST
(APIServer pid=822468) INFO 05-17 12:29:10 [launcher.py:47] Route: /inference/v1/generate, Methods: POST
(APIServer pid=822468) INFO 05-17 12:29:10 [launcher.py:47] Route: /scale_elastic_ep, Methods: POST
(APIServer pid=822468) INFO 05-17 12:29:10 [launcher.py:47] Route: /is_scaling_elastic_ep, Methods: POST
(APIServer pid=822468) INFO:     Started server process [822468]
(APIServer pid=822468) INFO:     Waiting for application startup.
(APIServer pid=822468) INFO:     Application startup complete.
(APIServer pid=822468) INFO:     127.0.0.1:49914 - "GET /v1/models HTTP/1.1" 200 OK
(APIServer pid=822468) INFO:     127.0.0.1:49928 - "POST /v1/chat/completions HTTP/1.1" 200 OK
(APIServer pid=822468) INFO:     127.0.0.1:49944 - "POST /v1/chat/completions HTTP/1.1" 200 OK
(APIServer pid=822468) INFO:     127.0.0.1:49960 - "POST /v1/chat/completions HTTP/1.1" 200 OK
(APIServer pid=822468) INFO 05-17 12:29:21 [loggers.py:259] Engine 000: Avg prompt throughput: 2024.0 tokens/s, Avg generation throughput: 18.9 tokens/s, Running: 3 reqs, Waiting: 0 reqs, GPU KV cache usage: 0.5%, Prefix cache hit rate: 0.0%, MM cache hit rate: 0.0%
(APIServer pid=822468) INFO:     127.0.0.1:49994 - "POST /v1/chat/completions HTTP/1.1" 200 OK
(APIServer pid=822468) INFO:     127.0.0.1:49980 - "POST /v1/chat/completions HTTP/1.1" 200 OK
(APIServer pid=822468) INFO:     127.0.0.1:49970 - "POST /v1/chat/completions HTTP/1.1" 200 OK
(APIServer pid=822468) INFO:     127.0.0.1:49984 - "POST /v1/chat/completions HTTP/1.1" 200 OK
(APIServer pid=822468) INFO:     127.0.0.1:50008 - "POST /v1/chat/completions HTTP/1.1" 200 OK
(APIServer pid=822468) INFO:     127.0.0.1:50026 - "POST /v1/chat/completions HTTP/1.1" 200 OK
(APIServer pid=822468) INFO:     127.0.0.1:49998 - "POST /v1/chat/completions HTTP/1.1" 200 OK
(APIServer pid=822468) INFO:     127.0.0.1:50054 - "POST /v1/chat/completions HTTP/1.1" 200 OK
(APIServer pid=822468) INFO:     127.0.0.1:50024 - "POST /v1/chat/completions HTTP/1.1" 200 OK
(APIServer pid=822468) INFO:     127.0.0.1:50050 - "POST /v1/chat/completions HTTP/1.1" 200 OK
(APIServer pid=822468) INFO:     127.0.0.1:50038 - "POST /v1/chat/completions HTTP/1.1" 200 OK
(APIServer pid=822468) INFO:     127.0.0.1:50068 - "POST /v1/chat/completions HTTP/1.1" 200 OK
(APIServer pid=822468) INFO:     127.0.0.1:50070 - "POST /v1/chat/completions HTTP/1.1" 200 OK
(APIServer pid=822468) INFO:     127.0.0.1:50076 - "POST /v1/chat/completions HTTP/1.1" 200 OK
(APIServer pid=822468) INFO:     127.0.0.1:50098 - "POST /v1/chat/completions HTTP/1.1" 200 OK
(APIServer pid=822468) INFO:     127.0.0.1:50110 - "POST /v1/chat/completions HTTP/1.1" 200 OK
(APIServer pid=822468) INFO:     127.0.0.1:50142 - "POST /v1/chat/completions HTTP/1.1" 200 OK
(APIServer pid=822468) INFO:     127.0.0.1:50114 - "POST /v1/chat/completions HTTP/1.1" 200 OK
(APIServer pid=822468) INFO:     127.0.0.1:50086 - "POST /v1/chat/completions HTTP/1.1" 200 OK
(APIServer pid=822468) INFO:     127.0.0.1:50128 - "POST /v1/chat/completions HTTP/1.1" 200 OK
(APIServer pid=822468) INFO:     127.0.0.1:58800 - "POST /v1/chat/completions HTTP/1.1" 200 OK
(APIServer pid=822468) INFO:     127.0.0.1:58806 - "POST /v1/chat/completions HTTP/1.1" 200 OK
(APIServer pid=822468) INFO:     127.0.0.1:58812 - "POST /v1/chat/completions HTTP/1.1" 200 OK
(APIServer pid=822468) INFO:     127.0.0.1:58818 - "POST /v1/chat/completions HTTP/1.1" 200 OK
(APIServer pid=822468) INFO:     127.0.0.1:58822 - "POST /v1/chat/completions HTTP/1.1" 200 OK
(APIServer pid=822468) INFO:     127.0.0.1:58836 - "POST /v1/chat/completions HTTP/1.1" 200 OK
(APIServer pid=822468) INFO:     127.0.0.1:58842 - "POST /v1/chat/completions HTTP/1.1" 200 OK
(APIServer pid=822468) INFO:     127.0.0.1:58876 - "POST /v1/chat/completions HTTP/1.1" 200 OK
(APIServer pid=822468) INFO:     127.0.0.1:58866 - "POST /v1/chat/completions HTTP/1.1" 200 OK
(APIServer pid=822468) INFO:     127.0.0.1:58852 - "POST /v1/chat/completions HTTP/1.1" 200 OK
(APIServer pid=822468) INFO:     127.0.0.1:58894 - "POST /v1/chat/completions HTTP/1.1" 200 OK
(APIServer pid=822468) INFO:     127.0.0.1:58896 - "POST /v1/chat/completions HTTP/1.1" 200 OK
(APIServer pid=822468) INFO:     127.0.0.1:58904 - "POST /v1/chat/completions HTTP/1.1" 200 OK
(APIServer pid=822468) INFO:     127.0.0.1:58884 - "POST /v1/chat/completions HTTP/1.1" 200 OK
(APIServer pid=822468) INFO:     127.0.0.1:58912 - "POST /v1/chat/completions HTTP/1.1" 200 OK
(APIServer pid=822468) INFO:     127.0.0.1:58880 - "POST /v1/chat/completions HTTP/1.1" 200 OK
(APIServer pid=822468) INFO:     127.0.0.1:58922 - "POST /v1/chat/completions HTTP/1.1" 200 OK
(APIServer pid=822468) INFO:     127.0.0.1:58928 - "POST /v1/chat/completions HTTP/1.1" 200 OK
(APIServer pid=822468) INFO:     127.0.0.1:58952 - "POST /v1/chat/completions HTTP/1.1" 200 OK
(APIServer pid=822468) INFO:     127.0.0.1:58942 - "POST /v1/chat/completions HTTP/1.1" 200 OK
(APIServer pid=822468) INFO:     127.0.0.1:58968 - "POST /v1/chat/completions HTTP/1.1" 200 OK
(APIServer pid=822468) INFO:     127.0.0.1:58972 - "POST /v1/chat/completions HTTP/1.1" 200 OK
(APIServer pid=822468) INFO:     127.0.0.1:58990 - "POST /v1/chat/completions HTTP/1.1" 200 OK
(APIServer pid=822468) INFO 05-17 12:29:31 [loggers.py:259] Engine 000: Avg prompt throughput: 5632.6 tokens/s, Avg generation throughput: 233.2 tokens/s, Running: 0 reqs, Waiting: 0 reqs, GPU KV cache usage: 0.0%, Prefix cache hit rate: 64.7%, MM cache hit rate: 63.8%
(APIServer pid=822468) INFO:     127.0.0.1:58984 - "POST /v1/chat/completions HTTP/1.1" 200 OK
(APIServer pid=822468) INFO:     127.0.0.1:58996 - "POST /v1/chat/completions HTTP/1.1" 200 OK
(APIServer pid=822468) INFO:     127.0.0.1:59024 - "POST /v1/chat/completions HTTP/1.1" 200 OK
(APIServer pid=822468) INFO:     127.0.0.1:59010 - "POST /v1/chat/completions HTTP/1.1" 200 OK
(APIServer pid=822468) INFO:     127.0.0.1:59020 - "POST /v1/chat/completions HTTP/1.1" 200 OK
(APIServer pid=822468) INFO:     127.0.0.1:59052 - "POST /v1/chat/completions HTTP/1.1" 200 OK
(APIServer pid=822468) INFO:     127.0.0.1:59038 - "POST /v1/chat/completions HTTP/1.1" 200 OK
(APIServer pid=822468) INFO:     127.0.0.1:59066 - "POST /v1/chat/completions HTTP/1.1" 200 OK
(APIServer pid=822468) INFO:     127.0.0.1:59086 - "POST /v1/chat/completions HTTP/1.1" 200 OK
(APIServer pid=822468) INFO:     127.0.0.1:59072 - "POST /v1/chat/completions HTTP/1.1" 200 OK
(APIServer pid=822468) INFO:     127.0.0.1:59062 - "POST /v1/chat/completions HTTP/1.1" 200 OK
(APIServer pid=822468) INFO:     127.0.0.1:59100 - "POST /v1/chat/completions HTTP/1.1" 200 OK
(APIServer pid=822468) INFO:     127.0.0.1:59080 - "POST /v1/chat/completions HTTP/1.1" 200 OK
(APIServer pid=822468) INFO:     127.0.0.1:59116 - "POST /v1/chat/completions HTTP/1.1" 200 OK
(APIServer pid=822468) INFO:     127.0.0.1:39878 - "POST /v1/chat/completions HTTP/1.1" 200 OK
(APIServer pid=822468) INFO:     127.0.0.1:39856 - "POST /v1/chat/completions HTTP/1.1" 200 OK
(APIServer pid=822468) INFO:     127.0.0.1:39864 - "POST /v1/chat/completions HTTP/1.1" 200 OK
(APIServer pid=822468) INFO:     127.0.0.1:39898 - "POST /v1/chat/completions HTTP/1.1" 200 OK
