wings-7283c2a3c493-master-0:772596:773733 [1] NCCL INFO ncclCommInitRankConfig comm 0x55cbbfa12ce0 rank 1 nranks 4 cudaDev 1 nvmlDev 1 busId 13000 commId 0xd0f5855f0b57c861 - Init START
wings-7283c2a3c493-master-0:772597:773734 [2] NCCL INFO ncclCommInitRankConfig comm 0x55fc525f9280 rank 2 nranks 4 cudaDev 2 nvmlDev 2 busId 19000 commId 0xd0f5855f0b57c861 - Init START
wings-7283c2a3c493-master-0:772598:773735 [3] NCCL INFO ncclCommInitRankConfig comm 0x563a02c104f0 rank 3 nranks 4 cudaDev 3 nvmlDev 3 busId 67000 commId 0xd0f5855f0b57c861 - Init START
wings-7283c2a3c493-master-0:772597:773734 [2] NCCL INFO Bootstrap timings total 0.000346 (create 0.000019, send 0.000060, recv 0.000126, ring 0.000061, delay 0.000000)
wings-7283c2a3c493-master-0:772596:773733 [1] NCCL INFO Bootstrap timings total 0.000373 (create 0.000024, send 0.000071, recv 0.000095, ring 0.000098, delay 0.000000)
wings-7283c2a3c493-master-0:772598:773735 [3] NCCL INFO Bootstrap timings total 0.000317 (create 0.000020, send 0.000061, recv 0.000122, ring 0.000024, delay 0.000000)
wings-7283c2a3c493-master-0:772595:773732 [0] NCCL INFO Bootstrap timings total 0.000476 (create 0.000016, send 0.000068, recv 0.000167, ring 0.000030, delay 0.000000)
wings-7283c2a3c493-master-0:772597:773734 [2] NCCL INFO MNNVL busId 0x19000 fabric UUID 0.0 cliqueId 0x0 state 3 healthMask 0x0
wings-7283c2a3c493-master-0:772596:773733 [1] NCCL INFO MNNVL busId 0x13000 fabric UUID 0.0 cliqueId 0x0 state 3 healthMask 0x0
wings-7283c2a3c493-master-0:772595:773732 [0] NCCL INFO MNNVL busId 0xc000 fabric UUID 0.0 cliqueId 0x0 state 3 healthMask 0x0
wings-7283c2a3c493-master-0:772598:773735 [3] NCCL INFO MNNVL busId 0x67000 fabric UUID 0.0 cliqueId 0x0 state 3 healthMask 0x0
wings-7283c2a3c493-master-0:772598:773735 [3] NCCL INFO Setting affinity for GPU 3 to 24-47,120-143
wings-7283c2a3c493-master-0:772595:773732 [0] NCCL INFO Setting affinity for GPU 0 to 0-23,96-119
wings-7283c2a3c493-master-0:772597:773734 [2] NCCL INFO Setting affinity for GPU 2 to 0-23,96-119
wings-7283c2a3c493-master-0:772596:773733 [1] NCCL INFO Setting affinity for GPU 1 to 0-23,96-119
wings-7283c2a3c493-master-0:772598:773735 [3] NCCL INFO comm 0x563a02c104f0 rank 3 nRanks 4 nNodes 1 localRanks 4 localRank 3 MNNVL 0
wings-7283c2a3c493-master-0:772595:773732 [0] NCCL INFO comm 0x5643d17cc720 rank 0 nRanks 4 nNodes 1 localRanks 4 localRank 0 MNNVL 0
wings-7283c2a3c493-master-0:772596:773733 [1] NCCL INFO comm 0x55cbbfa12ce0 rank 1 nRanks 4 nNodes 1 localRanks 4 localRank 1 MNNVL 0
wings-7283c2a3c493-master-0:772597:773734 [2] NCCL INFO comm 0x55fc525f9280 rank 2 nRanks 4 nNodes 1 localRanks 4 localRank 2 MNNVL 0
wings-7283c2a3c493-master-0:772595:773732 [0] NCCL INFO Channel 00/24 : 0 1 2 3
wings-7283c2a3c493-master-0:772598:773735 [3] NCCL INFO Trees [0] -1/-1/-1->3->2 [1] -1/-1/-1->3->2 [2] -1/-1/-1->3->2 [3] -1/-1/-1->3->2 [4] -1/-1/-1->3->2 [5] -1/-1/-1->3->2 [6] -1/-1/-1->3->2 [7] -1/-1/-1->3->2 [8] -1/-1/-1->3->2 [9] -1/-1/-1->3->2 [10] -1/-1/-1->3->2 [11] -1/-1/-1->3->2 [12] -1/-1/-1->3->2 [13] -1/-1/-1->3->2 [14] -1/-1/-1->3->2 [15] -1/-1/-1->3->2 [16] -1/-1/-1->3->2 [17] -1/-1/-1->3->2 [18] -1/-1/-1->3->2 [19] -1/-1/-1->3->2 [20] -1/-1/-1->3->2 [21] -1/-1/-1->3->2 [22] -1/-1/-1->3->2 [23] -1/-1/-1->3->2
wings-7283c2a3c493-master-0:772595:773732 [0] NCCL INFO Channel 01/24 : 0 1 2 3
wings-7283c2a3c493-master-0:772598:773735 [3] NCCL INFO P2P Chunksize set to 524288
wings-7283c2a3c493-master-0:772596:773733 [1] NCCL INFO Trees [0] 2/-1/-1->1->0 [1] 2/-1/-1->1->0 [2] 2/-1/-1->1->0 [3] 2/-1/-1->1->0 [4] 2/-1/-1->1->0 [5] 2/-1/-1->1->0 [6] 2/-1/-1->1->0 [7] 2/-1/-1->1->0 [8] 2/-1/-1->1->0 [9] 2/-1/-1->1->0 [10] 2/-1/-1->1->0 [11] 2/-1/-1->1->0 [12] 2/-1/-1->1->0 [13] 2/-1/-1->1->0 [14] 2/-1/-1->1->0 [15] 2/-1/-1->1->0 [16] 2/-1/-1->1->0 [17] 2/-1/-1->1->0 [18] 2/-1/-1->1->0 [19] 2/-1/-1->1->0 [20] 2/-1/-1->1->0 [21] 2/-1/-1->1->0 [22] 2/-1/-1->1->0 [23] 2/-1/-1->1->0
wings-7283c2a3c493-master-0:772597:773734 [2] NCCL INFO Trees [0] 3/-1/-1->2->1 [1] 3/-1/-1->2->1 [2] 3/-1/-1->2->1 [3] 3/-1/-1->2->1 [4] 3/-1/-1->2->1 [5] 3/-1/-1->2->1 [6] 3/-1/-1->2->1 [7] 3/-1/-1->2->1 [8] 3/-1/-1->2->1 [9] 3/-1/-1->2->1 [10] 3/-1/-1->2->1 [11] 3/-1/-1->2->1 [12] 3/-1/-1->2->1 [13] 3/-1/-1->2->1 [14] 3/-1/-1->2->1 [15] 3/-1/-1->2->1 [16] 3/-1/-1->2->1 [17] 3/-1/-1->2->1 [18] 3/-1/-1->2->1 [19] 3/-1/-1->2->1 [20] 3/-1/-1->2->1 [21] 3/-1/-1->2->1 [22] 3/-1/-1->2->1 [23] 3/-1/-1->2->1
wings-7283c2a3c493-master-0:772595:773732 [0] NCCL INFO Channel 02/24 : 0 1 2 3
wings-7283c2a3c493-master-0:772596:773733 [1] NCCL INFO P2P Chunksize set to 524288
wings-7283c2a3c493-master-0:772597:773734 [2] NCCL INFO P2P Chunksize set to 524288
wings-7283c2a3c493-master-0:772595:773732 [0] NCCL INFO Channel 03/24 : 0 1 2 3
wings-7283c2a3c493-master-0:772595:773732 [0] NCCL INFO Channel 04/24 : 0 1 2 3
wings-7283c2a3c493-master-0:772595:773732 [0] NCCL INFO Channel 05/24 : 0 1 2 3
wings-7283c2a3c493-master-0:772595:773732 [0] NCCL INFO Channel 06/24 : 0 1 2 3
wings-7283c2a3c493-master-0:772595:773732 [0] NCCL INFO Channel 07/24 : 0 1 2 3
wings-7283c2a3c493-master-0:772595:773732 [0] NCCL INFO Channel 08/24 : 0 1 2 3
wings-7283c2a3c493-master-0:772595:773732 [0] NCCL INFO Channel 09/24 : 0 1 2 3
wings-7283c2a3c493-master-0:772595:773732 [0] NCCL INFO Channel 10/24 : 0 1 2 3
wings-7283c2a3c493-master-0:772595:773732 [0] NCCL INFO Channel 11/24 : 0 1 2 3
wings-7283c2a3c493-master-0:772595:773732 [0] NCCL INFO Channel 12/24 : 0 1 2 3
wings-7283c2a3c493-master-0:772595:773732 [0] NCCL INFO Channel 13/24 : 0 1 2 3
wings-7283c2a3c493-master-0:772595:773732 [0] NCCL INFO Channel 14/24 : 0 1 2 3
wings-7283c2a3c493-master-0:772595:773732 [0] NCCL INFO Channel 15/24 : 0 1 2 3
wings-7283c2a3c493-master-0:772595:773732 [0] NCCL INFO Channel 16/24 : 0 1 2 3
wings-7283c2a3c493-master-0:772595:773732 [0] NCCL INFO Channel 17/24 : 0 1 2 3
wings-7283c2a3c493-master-0:772595:773732 [0] NCCL INFO Channel 18/24 : 0 1 2 3
wings-7283c2a3c493-master-0:772595:773732 [0] NCCL INFO Channel 19/24 : 0 1 2 3
wings-7283c2a3c493-master-0:772595:773732 [0] NCCL INFO Channel 20/24 : 0 1 2 3
wings-7283c2a3c493-master-0:772595:773732 [0] NCCL INFO Channel 21/24 : 0 1 2 3
wings-7283c2a3c493-master-0:772595:773732 [0] NCCL INFO Channel 22/24 : 0 1 2 3
wings-7283c2a3c493-master-0:772595:773732 [0] NCCL INFO Channel 23/24 : 0 1 2 3
wings-7283c2a3c493-master-0:772595:773732 [0] NCCL INFO Trees [0] 1/-1/-1->0->-1 [1] 1/-1/-1->0->-1 [2] 1/-1/-1->0->-1 [3] 1/-1/-1->0->-1 [4] 1/-1/-1->0->-1 [5] 1/-1/-1->0->-1 [6] 1/-1/-1->0->-1 [7] 1/-1/-1->0->-1 [8] 1/-1/-1->0->-1 [9] 1/-1/-1->0->-1 [10] 1/-1/-1->0->-1 [11] 1/-1/-1->0->-1 [12] 1/-1/-1->0->-1 [13] 1/-1/-1->0->-1 [14] 1/-1/-1->0->-1 [15] 1/-1/-1->0->-1 [16] 1/-1/-1->0->-1 [17] 1/-1/-1->0->-1 [18] 1/-1/-1->0->-1 [19] 1/-1/-1->0->-1 [20] 1/-1/-1->0->-1 [21] 1/-1/-1->0->-1 [22] 1/-1/-1->0->-1 [23] 1/-1/-1->0->-1
wings-7283c2a3c493-master-0:772595:773732 [0] NCCL INFO P2P Chunksize set to 524288
wings-7283c2a3c493-master-0:772597:773736 [2] NCCL INFO [Proxy Service] Device 2 CPU core 14
wings-7283c2a3c493-master-0:772595:773732 [0] NCCL INFO Check P2P Type isAllDirectP2p 1 directMode 0
wings-7283c2a3c493-master-0:772597:773737 [2] NCCL INFO [Proxy Service UDS] Device 2 CPU core 16
wings-7283c2a3c493-master-0:772595:773738 [0] NCCL INFO [Proxy Service] Device 0 CPU core 16
wings-7283c2a3c493-master-0:772595:773739 [0] NCCL INFO [Proxy Service UDS] Device 0 CPU core 17
wings-7283c2a3c493-master-0:772598:773740 [3] NCCL INFO [Proxy Service] Device 3 CPU core 26
wings-7283c2a3c493-master-0:772598:773741 [3] NCCL INFO [Proxy Service UDS] Device 3 CPU core 27
wings-7283c2a3c493-master-0:772596:773742 [1] NCCL INFO [Proxy Service] Device 1 CPU core 9
wings-7283c2a3c493-master-0:772596:773743 [1] NCCL INFO [Proxy Service UDS] Device 1 CPU core 10
wings-7283c2a3c493-master-0:772598:773735 [3] NCCL INFO threadThresholds 8/8/64 | 32/8/64 | 512 | 512
wings-7283c2a3c493-master-0:772598:773735 [3] NCCL INFO 24 coll channels, 24 collnet channels, 0 nvls channels, 32 p2p channels, 32 p2p channels per peer
wings-7283c2a3c493-master-0:772595:773732 [0] NCCL INFO threadThresholds 8/8/64 | 32/8/64 | 512 | 512
wings-7283c2a3c493-master-0:772595:773732 [0] NCCL INFO 24 coll channels, 24 collnet channels, 0 nvls channels, 32 p2p channels, 32 p2p channels per peer
wings-7283c2a3c493-master-0:772597:773734 [2] NCCL INFO threadThresholds 8/8/64 | 32/8/64 | 512 | 512
wings-7283c2a3c493-master-0:772597:773734 [2] NCCL INFO 24 coll channels, 24 collnet channels, 0 nvls channels, 32 p2p channels, 32 p2p channels per peer
wings-7283c2a3c493-master-0:772595:773732 [0] NCCL INFO CC Off, workFifoBytes 1048576
wings-7283c2a3c493-master-0:772596:773733 [1] NCCL INFO threadThresholds 8/8/64 | 32/8/64 | 512 | 512
wings-7283c2a3c493-master-0:772596:773733 [1] NCCL INFO 24 coll channels, 24 collnet channels, 0 nvls channels, 32 p2p channels, 32 p2p channels per peer
wings-7283c2a3c493-master-0:772595:773732 [0] NCCL INFO ncclCommInitRankConfig comm 0x5643d17cc720 rank 0 nranks 4 cudaDev 0 nvmlDev 0 busId c000 commId 0xd0f5855f0b57c861 - Init COMPLETE
wings-7283c2a3c493-master-0:772597:773734 [2] NCCL INFO ncclCommInitRankConfig comm 0x55fc525f9280 rank 2 nranks 4 cudaDev 2 nvmlDev 2 busId 19000 commId 0xd0f5855f0b57c861 - Init COMPLETE
wings-7283c2a3c493-master-0:772595:773732 [0] NCCL INFO Init timings - ncclCommInitRankConfig: rank 0 nranks 4 total 0.08 (kernels 0.00, alloc 0.00, bootstrap 0.00, allgathers 0.02, topo 0.02, graphs 0.01, connections 0.02, rest 0.01)
wings-7283c2a3c493-master-0:772598:773735 [3] NCCL INFO ncclCommInitRankConfig comm 0x563a02c104f0 rank 3 nranks 4 cudaDev 3 nvmlDev 3 busId 67000 commId 0xd0f5855f0b57c861 - Init COMPLETE
wings-7283c2a3c493-master-0:772597:773734 [2] NCCL INFO Init timings - ncclCommInitRankConfig: rank 2 nranks 4 total 0.08 (kernels 0.00, alloc 0.00, bootstrap 0.00, allgathers 0.02, topo 0.02, graphs 0.01, connections 0.02, rest 0.01)
wings-7283c2a3c493-master-0:772596:773733 [1] NCCL INFO ncclCommInitRankConfig comm 0x55cbbfa12ce0 rank 1 nranks 4 cudaDev 1 nvmlDev 1 busId 13000 commId 0xd0f5855f0b57c861 - Init COMPLETE
wings-7283c2a3c493-master-0:772598:773735 [3] NCCL INFO Init timings - ncclCommInitRankConfig: rank 3 nranks 4 total 0.08 (kernels 0.00, alloc 0.00, bootstrap 0.00, allgathers 0.01, topo 0.02, graphs 0.01, connections 0.02, rest 0.01)
wings-7283c2a3c493-master-0:772596:773733 [1] NCCL INFO Init timings - ncclCommInitRankConfig: rank 1 nranks 4 total 0.08 (kernels 0.00, alloc 0.00, bootstrap 0.00, allgathers 0.02, topo 0.02, graphs 0.01, connections 0.02, rest 0.01)
wings-7283c2a3c493-master-0:772598:773745 [3] NCCL INFO Channel 00/0 : 3[3] -> 0[0] via P2P/CUMEM
wings-7283c2a3c493-master-0:772595:773744 [0] NCCL INFO Channel 00/0 : 0[0] -> 1[1] via P2P/CUMEM
wings-7283c2a3c493-master-0:772598:773745 [3] NCCL INFO Channel 01/0 : 3[3] -> 0[0] via P2P/CUMEM
wings-7283c2a3c493-master-0:772595:773744 [0] NCCL INFO Channel 01/0 : 0[0] -> 1[1] via P2P/CUMEM
wings-7283c2a3c493-master-0:772598:773745 [3] NCCL INFO Channel 02/0 : 3[3] -> 0[0] via P2P/CUMEM
wings-7283c2a3c493-master-0:772595:773744 [0] NCCL INFO Channel 02/0 : 0[0] -> 1[1] via P2P/CUMEM
wings-7283c2a3c493-master-0:772598:773745 [3] NCCL INFO Channel 03/0 : 3[3] -> 0[0] via P2P/CUMEM
wings-7283c2a3c493-master-0:772596:773747 [1] NCCL INFO Channel 00/0 : 1[1] -> 2[2] via P2P/CUMEM
wings-7283c2a3c493-master-0:772595:773744 [0] NCCL INFO Channel 03/0 : 0[0] -> 1[1] via P2P/CUMEM
wings-7283c2a3c493-master-0:772598:773745 [3] NCCL INFO Channel 04/0 : 3[3] -> 0[0] via P2P/CUMEM
wings-7283c2a3c493-master-0:772597:773746 [2] NCCL INFO Channel 00/0 : 2[2] -> 3[3] via P2P/CUMEM
wings-7283c2a3c493-master-0:772596:773747 [1] NCCL INFO Channel 01/0 : 1[1] -> 2[2] via P2P/CUMEM
wings-7283c2a3c493-master-0:772598:773745 [3] NCCL INFO Channel 05/0 : 3[3] -> 0[0] via P2P/CUMEM
wings-7283c2a3c493-master-0:772595:773744 [0] NCCL INFO Channel 04/0 : 0[0] -> 1[1] via P2P/CUMEM
wings-7283c2a3c493-master-0:772597:773746 [2] NCCL INFO Channel 01/0 : 2[2] -> 3[3] via P2P/CUMEM
wings-7283c2a3c493-master-0:772598:773745 [3] NCCL INFO Channel 06/0 : 3[3] -> 0[0] via P2P/CUMEM
wings-7283c2a3c493-master-0:772596:773747 [1] NCCL INFO Channel 02/0 : 1[1] -> 2[2] via P2P/CUMEM
wings-7283c2a3c493-master-0:772595:773744 [0] NCCL INFO Channel 05/0 : 0[0] -> 1[1] via P2P/CUMEM
wings-7283c2a3c493-master-0:772597:773746 [2] NCCL INFO Channel 02/0 : 2[2] -> 3[3] via P2P/CUMEM
wings-7283c2a3c493-master-0:772598:773745 [3] NCCL INFO Channel 07/0 : 3[3] -> 0[0] via P2P/CUMEM
wings-7283c2a3c493-master-0:772596:773747 [1] NCCL INFO Channel 03/0 : 1[1] -> 2[2] via P2P/CUMEM
wings-7283c2a3c493-master-0:772595:773744 [0] NCCL INFO Channel 06/0 : 0[0] -> 1[1] via P2P/CUMEM
wings-7283c2a3c493-master-0:772597:773746 [2] NCCL INFO Channel 03/0 : 2[2] -> 3[3] via P2P/CUMEM
wings-7283c2a3c493-master-0:772595:773744 [0] NCCL INFO Channel 07/0 : 0[0] -> 1[1] via P2P/CUMEM
wings-7283c2a3c493-master-0:772598:773745 [3] NCCL INFO Channel 08/0 : 3[3] -> 0[0] via P2P/CUMEM
wings-7283c2a3c493-master-0:772596:773747 [1] NCCL INFO Channel 04/0 : 1[1] -> 2[2] via P2P/CUMEM
wings-7283c2a3c493-master-0:772597:773746 [2] NCCL INFO Channel 04/0 : 2[2] -> 3[3] via P2P/CUMEM
wings-7283c2a3c493-master-0:772595:773744 [0] NCCL INFO Channel 08/0 : 0[0] -> 1[1] via P2P/CUMEM
wings-7283c2a3c493-master-0:772598:773745 [3] NCCL INFO Channel 09/0 : 3[3] -> 0[0] via P2P/CUMEM
wings-7283c2a3c493-master-0:772597:773746 [2] NCCL INFO Channel 05/0 : 2[2] -> 3[3] via P2P/CUMEM
wings-7283c2a3c493-master-0:772596:773747 [1] NCCL INFO Channel 05/0 : 1[1] -> 2[2] via P2P/CUMEM
wings-7283c2a3c493-master-0:772595:773744 [0] NCCL INFO Channel 09/0 : 0[0] -> 1[1] via P2P/CUMEM
wings-7283c2a3c493-master-0:772598:773745 [3] NCCL INFO Channel 10/0 : 3[3] -> 0[0] via P2P/CUMEM
wings-7283c2a3c493-master-0:772596:773747 [1] NCCL INFO Channel 06/0 : 1[1] -> 2[2] via P2P/CUMEM
wings-7283c2a3c493-master-0:772595:773744 [0] NCCL INFO Channel 10/0 : 0[0] -> 1[1] via P2P/CUMEM
wings-7283c2a3c493-master-0:772598:773745 [3] NCCL INFO Channel 11/0 : 3[3] -> 0[0] via P2P/CUMEM
wings-7283c2a3c493-master-0:772597:773746 [2] NCCL INFO Channel 06/0 : 2[2] -> 3[3] via P2P/CUMEM
wings-7283c2a3c493-master-0:772596:773747 [1] NCCL INFO Channel 07/0 : 1[1] -> 2[2] via P2P/CUMEM
wings-7283c2a3c493-master-0:772598:773745 [3] NCCL INFO Channel 12/0 : 3[3] -> 0[0] via P2P/CUMEM
wings-7283c2a3c493-master-0:772595:773744 [0] NCCL INFO Channel 11/0 : 0[0] -> 1[1] via P2P/CUMEM
wings-7283c2a3c493-master-0:772596:773747 [1] NCCL INFO Channel 08/0 : 1[1] -> 2[2] via P2P/CUMEM
wings-7283c2a3c493-master-0:772597:773746 [2] NCCL INFO Channel 07/0 : 2[2] -> 3[3] via P2P/CUMEM
wings-7283c2a3c493-master-0:772598:773745 [3] NCCL INFO Channel 13/0 : 3[3] -> 0[0] via P2P/CUMEM
wings-7283c2a3c493-master-0:772595:773744 [0] NCCL INFO Channel 12/0 : 0[0] -> 1[1] via P2P/CUMEM
wings-7283c2a3c493-master-0:772596:773747 [1] NCCL INFO Channel 09/0 : 1[1] -> 2[2] via P2P/CUMEM
wings-7283c2a3c493-master-0:772597:773746 [2] NCCL INFO Channel 08/0 : 2[2] -> 3[3] via P2P/CUMEM
wings-7283c2a3c493-master-0:772598:773745 [3] NCCL INFO Channel 14/0 : 3[3] -> 0[0] via P2P/CUMEM
wings-7283c2a3c493-master-0:772596:773747 [1] NCCL INFO Channel 10/0 : 1[1] -> 2[2] via P2P/CUMEM
wings-7283c2a3c493-master-0:772597:773746 [2] NCCL INFO Channel 09/0 : 2[2] -> 3[3] via P2P/CUMEM
wings-7283c2a3c493-master-0:772598:773745 [3] NCCL INFO Channel 15/0 : 3[3] -> 0[0] via P2P/CUMEM
wings-7283c2a3c493-master-0:772595:773744 [0] NCCL INFO Channel 13/0 : 0[0] -> 1[1] via P2P/CUMEM
wings-7283c2a3c493-master-0:772596:773747 [1] NCCL INFO Channel 11/0 : 1[1] -> 2[2] via P2P/CUMEM
wings-7283c2a3c493-master-0:772597:773746 [2] NCCL INFO Channel 10/0 : 2[2] -> 3[3] via P2P/CUMEM
wings-7283c2a3c493-master-0:772598:773745 [3] NCCL INFO Channel 16/0 : 3[3] -> 0[0] via P2P/CUMEM
wings-7283c2a3c493-master-0:772595:773744 [0] NCCL INFO Channel 14/0 : 0[0] -> 1[1] via P2P/CUMEM
wings-7283c2a3c493-master-0:772596:773747 [1] NCCL INFO Channel 12/0 : 1[1] -> 2[2] via P2P/CUMEM
wings-7283c2a3c493-master-0:772598:773745 [3] NCCL INFO Channel 17/0 : 3[3] -> 0[0] via P2P/CUMEM
wings-7283c2a3c493-master-0:772597:773746 [2] NCCL INFO Channel 11/0 : 2[2] -> 3[3] via P2P/CUMEM
wings-7283c2a3c493-master-0:772595:773744 [0] NCCL INFO Channel 15/0 : 0[0] -> 1[1] via P2P/CUMEM
wings-7283c2a3c493-master-0:772598:773745 [3] NCCL INFO Channel 18/0 : 3[3] -> 0[0] via P2P/CUMEM
wings-7283c2a3c493-master-0:772595:773744 [0] NCCL INFO Channel 16/0 : 0[0] -> 1[1] via P2P/CUMEM
wings-7283c2a3c493-master-0:772596:773747 [1] NCCL INFO Channel 13/0 : 1[1] -> 2[2] via P2P/CUMEM
wings-7283c2a3c493-master-0:772597:773746 [2] NCCL INFO Channel 12/0 : 2[2] -> 3[3] via P2P/CUMEM
wings-7283c2a3c493-master-0:772598:773745 [3] NCCL INFO Channel 19/0 : 3[3] -> 0[0] via P2P/CUMEM
wings-7283c2a3c493-master-0:772595:773744 [0] NCCL INFO Channel 17/0 : 0[0] -> 1[1] via P2P/CUMEM
wings-7283c2a3c493-master-0:772597:773746 [2] NCCL INFO Channel 13/0 : 2[2] -> 3[3] via P2P/CUMEM
wings-7283c2a3c493-master-0:772596:773747 [1] NCCL INFO Channel 14/0 : 1[1] -> 2[2] via P2P/CUMEM
wings-7283c2a3c493-master-0:772598:773745 [3] NCCL INFO Channel 20/0 : 3[3] -> 0[0] via P2P/CUMEM
wings-7283c2a3c493-master-0:772597:773746 [2] NCCL INFO Channel 14/0 : 2[2] -> 3[3] via P2P/CUMEM
wings-7283c2a3c493-master-0:772596:773747 [1] NCCL INFO Channel 15/0 : 1[1] -> 2[2] via P2P/CUMEM
wings-7283c2a3c493-master-0:772598:773745 [3] NCCL INFO Channel 21/0 : 3[3] -> 0[0] via P2P/CUMEM
wings-7283c2a3c493-master-0:772595:773744 [0] NCCL INFO Channel 18/0 : 0[0] -> 1[1] via P2P/CUMEM
wings-7283c2a3c493-master-0:772597:773746 [2] NCCL INFO Channel 15/0 : 2[2] -> 3[3] via P2P/CUMEM
wings-7283c2a3c493-master-0:772596:773747 [1] NCCL INFO Channel 16/0 : 1[1] -> 2[2] via P2P/CUMEM
wings-7283c2a3c493-master-0:772598:773745 [3] NCCL INFO Channel 22/0 : 3[3] -> 0[0] via P2P/CUMEM
wings-7283c2a3c493-master-0:772595:773744 [0] NCCL INFO Channel 19/0 : 0[0] -> 1[1] via P2P/CUMEM
wings-7283c2a3c493-master-0:772597:773746 [2] NCCL INFO Channel 16/0 : 2[2] -> 3[3] via P2P/CUMEM
wings-7283c2a3c493-master-0:772596:773747 [1] NCCL INFO Channel 17/0 : 1[1] -> 2[2] via P2P/CUMEM
wings-7283c2a3c493-master-0:772598:773745 [3] NCCL INFO Channel 23/0 : 3[3] -> 0[0] via P2P/CUMEM
wings-7283c2a3c493-master-0:772595:773744 [0] NCCL INFO Channel 20/0 : 0[0] -> 1[1] via P2P/CUMEM
wings-7283c2a3c493-master-0:772597:773746 [2] NCCL INFO Channel 17/0 : 2[2] -> 3[3] via P2P/CUMEM
wings-7283c2a3c493-master-0:772596:773747 [1] NCCL INFO Channel 18/0 : 1[1] -> 2[2] via P2P/CUMEM
wings-7283c2a3c493-master-0:772595:773744 [0] NCCL INFO Channel 21/0 : 0[0] -> 1[1] via P2P/CUMEM
wings-7283c2a3c493-master-0:772597:773746 [2] NCCL INFO Channel 18/0 : 2[2] -> 3[3] via P2P/CUMEM
wings-7283c2a3c493-master-0:772596:773747 [1] NCCL INFO Channel 19/0 : 1[1] -> 2[2] via P2P/CUMEM
wings-7283c2a3c493-master-0:772595:773744 [0] NCCL INFO Channel 22/0 : 0[0] -> 1[1] via P2P/CUMEM
wings-7283c2a3c493-master-0:772597:773746 [2] NCCL INFO Channel 19/0 : 2[2] -> 3[3] via P2P/CUMEM
wings-7283c2a3c493-master-0:772596:773747 [1] NCCL INFO Channel 20/0 : 1[1] -> 2[2] via P2P/CUMEM
wings-7283c2a3c493-master-0:772595:773744 [0] NCCL INFO Channel 23/0 : 0[0] -> 1[1] via P2P/CUMEM
wings-7283c2a3c493-master-0:772597:773746 [2] NCCL INFO Channel 20/0 : 2[2] -> 3[3] via P2P/CUMEM
wings-7283c2a3c493-master-0:772596:773747 [1] NCCL INFO Channel 21/0 : 1[1] -> 2[2] via P2P/CUMEM
wings-7283c2a3c493-master-0:772597:773746 [2] NCCL INFO Channel 21/0 : 2[2] -> 3[3] via P2P/CUMEM
wings-7283c2a3c493-master-0:772596:773747 [1] NCCL INFO Channel 22/0 : 1[1] -> 2[2] via P2P/CUMEM
wings-7283c2a3c493-master-0:772597:773746 [2] NCCL INFO Channel 22/0 : 2[2] -> 3[3] via P2P/CUMEM
wings-7283c2a3c493-master-0:772596:773747 [1] NCCL INFO Channel 23/0 : 1[1] -> 2[2] via P2P/CUMEM
wings-7283c2a3c493-master-0:772597:773746 [2] NCCL INFO Channel 23/0 : 2[2] -> 3[3] via P2P/CUMEM
wings-7283c2a3c493-master-0:772595:773744 [0] NCCL INFO Connected all rings, use ring PXN 0 GDR 1
wings-7283c2a3c493-master-0:772598:773745 [3] NCCL INFO Connected all rings, use ring PXN 0 GDR 1
wings-7283c2a3c493-master-0:772597:773746 [2] NCCL INFO Connected all rings, use ring PXN 0 GDR 1
wings-7283c2a3c493-master-0:772596:773747 [1] NCCL INFO Connected all rings, use ring PXN 0 GDR 1
(Worker pid=772595) (Worker_TP0 pid=772595) /root/.venvs/vtool-r1-v2/lib/python3.10/site-packages/torch/distributed/c10d_logger.py:83: UserWarning: barrier(): using the device under current context. You can specify `device_id` in `init_process_group` to mute this warning.
(Worker pid=772595) (Worker_TP0 pid=772595)   return func(*args, **kwargs)
(Worker pid=772597) (Worker_TP2 pid=772597) [2026-05-17 05:35:07] INFO mnnvl.py:942: [SymmDeviceMemory] Rank: 2, Group size: 4, device_idx: 2, Signal pad offset: 2097152
(Worker pid=772598) (Worker_TP3 pid=772598) [2026-05-17 05:35:07] INFO mnnvl.py:942: [SymmDeviceMemory] Rank: 3, Group size: 4, device_idx: 3, Signal pad offset: 2097152
(Worker pid=772595) (Worker_TP0 pid=772595) [2026-05-17 05:35:07] INFO mnnvl.py:942: [SymmDeviceMemory] Rank: 0, Group size: 4, device_idx: 0, Signal pad offset: 2097152
(Worker pid=772596) (Worker_TP1 pid=772596) [2026-05-17 05:35:07] INFO mnnvl.py:942: [SymmDeviceMemory] Rank: 1, Group size: 4, device_idx: 1, Signal pad offset: 2097152
(Worker pid=772596) (Worker_TP1 pid=772596) [2026-05-17 05:35:07] INFO mnnvl.py:942: [SymmDeviceMemory] Rank: 1, Group size: 4, device_idx: 1, Signal pad offset: 25165824
(Worker pid=772595) (Worker_TP0 pid=772595) [2026-05-17 05:35:07] INFO mnnvl.py:942: [SymmDeviceMemory] Rank: 0, Group size: 4, device_idx: 0, Signal pad offset: 25165824
(Worker pid=772597) (Worker_TP2 pid=772597) [2026-05-17 05:35:07] INFO mnnvl.py:942: [SymmDeviceMemory] Rank: 2, Group size: 4, device_idx: 2, Signal pad offset: 25165824
(Worker pid=772598) (Worker_TP3 pid=772598) [2026-05-17 05:35:07] INFO mnnvl.py:942: [SymmDeviceMemory] Rank: 3, Group size: 4, device_idx: 3, Signal pad offset: 25165824
(Worker pid=772597) (Worker_TP2 pid=772597) rank 2 allocated ipc_handles: [['0x5580000000', '0x55a0000000', '0x55c0000000', '0x55e0000000'], ['0x5600000000', '0x5620000000', '0x5640000000', '0x5660000000'], ['0x5680000000', '0x56a0000000', '0x56c0000000', '0x56e0000000']]
(Worker pid=772595) (Worker_TP0 pid=772595) rank 0 allocated ipc_handles: [['0x5580000000', '0x55a0000000', '0x55c0000000', '0x55e0000000'], ['0x5600000000', '0x5620000000', '0x5640000000', '0x5660000000'], ['0x5680000000', '0x56a0000000', '0x56c0000000', '0x56e0000000']]
(Worker pid=772598) (Worker_TP3 pid=772598) rank 3 allocated ipc_handles: [['0x5580000000', '0x55a0000000', '0x55c0000000', '0x55e0000000'], ['0x5600000000', '0x5620000000', '0x5640000000', '0x5660000000'], ['0x5680000000', '0x56a0000000', '0x56c0000000', '0x56e0000000']]
(Worker pid=772596) (Worker_TP1 pid=772596) rank 1 allocated ipc_handles: [['0x5580000000', '0x55a0000000', '0x55c0000000', '0x55e0000000'], ['0x5600000000', '0x5620000000', '0x5640000000', '0x5660000000'], ['0x5680000000', '0x56a0000000', '0x56c0000000', '0x56e0000000']]
[2026-05-17 05:35:07.448] [info] lamportInitialize start: buffer: 0x5680000000, size: 12582912
(Worker pid=772595) (Worker_TP0 pid=772595) set flag_ptr[3] = lamport_comm_size:  8372224
(Worker pid=772595) (Worker_TP0 pid=772595) Rank 0 workspace[0] 0x5580000000
(Worker pid=772595) (Worker_TP0 pid=772595) Rank 0 workspace[1] 0x55a0000000
(Worker pid=772595) (Worker_TP0 pid=772595) Rank 0 workspace[2] 0x55c0000000
(Worker pid=772595) (Worker_TP0 pid=772595) Rank 0 workspace[3] 0x55e0000000
(Worker pid=772595) (Worker_TP0 pid=772595) Rank 0 workspace[4] 0x5600000000
(Worker pid=772595) (Worker_TP0 pid=772595) Rank 0 workspace[5] 0x5620000000
(Worker pid=772595) (Worker_TP0 pid=772595) Rank 0 workspace[6] 0x5640000000
(Worker pid=772595) (Worker_TP0 pid=772595) Rank 0 workspace[7] 0x5660000000
(Worker pid=772595) (Worker_TP0 pid=772595) Rank 0 workspace[8] 0x5680000000
(Worker pid=772595) (Worker_TP0 pid=772595) Rank 0 workspace[9] 0x56a0000000
(Worker pid=772595) (Worker_TP0 pid=772595) Rank 0 workspace[10] 0x56c0000000
(Worker pid=772595) (Worker_TP0 pid=772595) Rank 0 workspace[11] 0x56e0000000
(Worker pid=772595) (Worker_TP0 pid=772595) Rank 0 workspace[12] 0x7f9fa2620a00
(Worker pid=772595) (Worker_TP0 pid=772595) /root/.venvs/vtool-r1-v2/lib/python3.10/site-packages/torch/distributed/c10d_logger.py:83: UserWarning: barrier(): using the device under current context. You can specify `device_id` in `init_process_group` to mute this warning.
(Worker pid=772595) (Worker_TP0 pid=772595)   return func(*args, **kwargs)
[2026-05-17 05:35:07.493] [info] lamportInitialize start: buffer: 0x56c0000000, size: 12582912
(Worker pid=772597) (Worker_TP2 pid=772597) set flag_ptr[3] = lamport_comm_size:  8372224
(Worker pid=772597) (Worker_TP2 pid=772597) Rank 2 workspace[0] 0x5580000000
(Worker pid=772597) (Worker_TP2 pid=772597) Rank 2 workspace[1] 0x55a0000000
(Worker pid=772597) (Worker_TP2 pid=772597) Rank 2 workspace[2] 0x55c0000000
(Worker pid=772597) (Worker_TP2 pid=772597) Rank 2 workspace[3] 0x55e0000000
(Worker pid=772597) (Worker_TP2 pid=772597) Rank 2 workspace[4] 0x5600000000
(Worker pid=772597) (Worker_TP2 pid=772597) Rank 2 workspace[5] 0x5620000000
(Worker pid=772597) (Worker_TP2 pid=772597) Rank 2 workspace[6] 0x5640000000
(Worker pid=772597) (Worker_TP2 pid=772597) Rank 2 workspace[7] 0x5660000000
(Worker pid=772597) (Worker_TP2 pid=772597) Rank 2 workspace[8] 0x5680000000
(Worker pid=772597) (Worker_TP2 pid=772597) Rank 2 workspace[9] 0x56a0000000
(Worker pid=772597) (Worker_TP2 pid=772597) Rank 2 workspace[10] 0x56c0000000
(Worker pid=772597) (Worker_TP2 pid=772597) Rank 2 workspace[11] 0x56e0000000
(Worker pid=772597) (Worker_TP2 pid=772597) Rank 2 workspace[12] 0x7f4876620a00
[2026-05-17 05:35:07.542] [info] lamportInitialize start: buffer: 0x56a0000000, size: 12582912
(Worker pid=772596) (Worker_TP1 pid=772596) set flag_ptr[3] = lamport_comm_size:  8372224
(Worker pid=772596) (Worker_TP1 pid=772596) Rank 1 workspace[0] 0x5580000000
(Worker pid=772596) (Worker_TP1 pid=772596) Rank 1 workspace[1] 0x55a0000000
(Worker pid=772596) (Worker_TP1 pid=772596) Rank 1 workspace[2] 0x55c0000000
(Worker pid=772596) (Worker_TP1 pid=772596) Rank 1 workspace[3] 0x55e0000000
(Worker pid=772596) (Worker_TP1 pid=772596) Rank 1 workspace[4] 0x5600000000
(Worker pid=772596) (Worker_TP1 pid=772596) Rank 1 workspace[5] 0x5620000000
(Worker pid=772596) (Worker_TP1 pid=772596) Rank 1 workspace[6] 0x5640000000
(Worker pid=772596) (Worker_TP1 pid=772596) Rank 1 workspace[7] 0x5660000000
(Worker pid=772596) (Worker_TP1 pid=772596) Rank 1 workspace[8] 0x5680000000
(Worker pid=772596) (Worker_TP1 pid=772596) Rank 1 workspace[9] 0x56a0000000
(Worker pid=772596) (Worker_TP1 pid=772596) Rank 1 workspace[10] 0x56c0000000
(Worker pid=772596) (Worker_TP1 pid=772596) Rank 1 workspace[11] 0x56e0000000
(Worker pid=772596) (Worker_TP1 pid=772596) Rank 1 workspace[12] 0x7f1f66620a00
[2026-05-17 05:35:07.593] [info] lamportInitialize start: buffer: 0x56e0000000, size: 12582912
(Worker pid=772598) (Worker_TP3 pid=772598) set flag_ptr[3] = lamport_comm_size:  8372224
(Worker pid=772598) (Worker_TP3 pid=772598) Rank 3 workspace[0] 0x5580000000
(Worker pid=772598) (Worker_TP3 pid=772598) Rank 3 workspace[1] 0x55a0000000
(Worker pid=772598) (Worker_TP3 pid=772598) Rank 3 workspace[2] 0x55c0000000
(Worker pid=772598) (Worker_TP3 pid=772598) Rank 3 workspace[3] 0x55e0000000
(Worker pid=772598) (Worker_TP3 pid=772598) Rank 3 workspace[4] 0x5600000000
(Worker pid=772598) (Worker_TP3 pid=772598) Rank 3 workspace[5] 0x5620000000
(Worker pid=772598) (Worker_TP3 pid=772598) Rank 3 workspace[6] 0x5640000000
(Worker pid=772598) (Worker_TP3 pid=772598) Rank 3 workspace[7] 0x5660000000
(Worker pid=772598) (Worker_TP3 pid=772598) Rank 3 workspace[8] 0x5680000000
(Worker pid=772598) (Worker_TP3 pid=772598) Rank 3 workspace[9] 0x56a0000000
(Worker pid=772598) (Worker_TP3 pid=772598) Rank 3 workspace[10] 0x56c0000000
(Worker pid=772598) (Worker_TP3 pid=772598) Rank 3 workspace[11] 0x56e0000000
(Worker pid=772598) (Worker_TP3 pid=772598) Rank 3 workspace[12] 0x7fcbf6620a00
(Worker pid=772595) (Worker_TP0 pid=772595) INFO 05-17 05:35:09 [backends.py:350] Cache the graph of compile range (293, 8192) for later use
(Worker pid=772597) (Worker_TP2 pid=772597) INFO 05-17 05:35:09 [backends.py:350] Cache the graph of compile range (293, 8192) for later use
(Worker pid=772596) (Worker_TP1 pid=772596) INFO 05-17 05:35:09 [backends.py:350] Cache the graph of compile range (293, 8192) for later use
(Worker pid=772598) (Worker_TP3 pid=772598) INFO 05-17 05:35:09 [backends.py:350] Cache the graph of compile range (293, 8192) for later use
(Worker pid=772595) (Worker_TP0 pid=772595) INFO 05-17 05:35:11 [backends.py:366] Compiling a graph for compile range (293, 8192) takes 1.82 s
(Worker pid=772595) (Worker_TP0 pid=772595) INFO 05-17 05:35:12 [gpu_worker.py:424] Available KV cache memory: 46.52 GiB
(EngineCore_DP0 pid=772330) INFO 05-17 05:35:12 [kv_cache_utils.py:1314] GPU KV cache size: 3,484,544 tokens
(EngineCore_DP0 pid=772330) INFO 05-17 05:35:12 [kv_cache_utils.py:1319] Maximum concurrency for 32,768 tokens per request: 106.34x
(Worker pid=772595) (Worker_TP0 pid=772595) 2026-05-17 05:35:12,313 - INFO - autotuner.py:256 - flashinfer.jit: [Autotuner]: Autotuning process starts ...
(Worker pid=772597) (Worker_TP2 pid=772597) 2026-05-17 05:35:12,313 - INFO - autotuner.py:256 - flashinfer.jit: [Autotuner]: Autotuning process starts ...
(Worker pid=772596) (Worker_TP1 pid=772596) 2026-05-17 05:35:12,313 - INFO - autotuner.py:256 - flashinfer.jit: [Autotuner]: Autotuning process starts ...
(Worker pid=772598) (Worker_TP3 pid=772598) 2026-05-17 05:35:12,313 - INFO - autotuner.py:256 - flashinfer.jit: [Autotuner]: Autotuning process starts ...
(Worker pid=772598) (Worker pid=772595) (Worker_TP3 pid=772598) (Worker_TP0 pid=772595) 2026-05-17 05:35:12,331 - INFO - autotuner.py:262 - flashinfer.jit: [Autotuner]: Autotuning process ends
2026-05-17 05:35:12,331 - INFO - autotuner.py:262 - flashinfer.jit: [Autotuner]: Autotuning process ends
(Worker pid=772597) (Worker_TP2 pid=772597) 2026-05-17 05:35:12,332 - INFO - autotuner.py:262 - flashinfer.jit: [Autotuner]: Autotuning process ends
(Worker pid=772596) (Worker_TP1 pid=772596) 2026-05-17 05:35:12,332 - INFO - autotuner.py:262 - flashinfer.jit: [Autotuner]: Autotuning process ends
(Worker pid=772595) (Worker_TP0 pid=772595) Capturing CUDA graphs (mixed prefill-decode, PIECEWISE):   0%|          | 0/51 [00:00<?, ?it/s]Capturing CUDA graphs (mixed prefill-decode, PIECEWISE):   6%|▌         | 3/51 [00:00<00:01, 24.10it/s]Capturing CUDA graphs (mixed prefill-decode, PIECEWISE):  12%|█▏        | 6/51 [00:00<00:01, 25.10it/s]Capturing CUDA graphs (mixed prefill-decode, PIECEWISE):  18%|█▊        | 9/51 [00:00<00:01, 24.96it/s]Capturing CUDA graphs (mixed prefill-decode, PIECEWISE):  24%|██▎       | 12/51 [00:00<00:01, 24.89it/s](Worker pid=772595) (Worker_TP0 pid=772595) INFO 05-17 05:35:13 [backends.py:350] Cache the graph of compile range (1, 292) for later use
(Worker pid=772596) (Worker_TP1 pid=772596) INFO 05-17 05:35:13 [backends.py:350] Cache the graph of compile range (1, 292) for later use
(Worker pid=772598) (Worker_TP3 pid=772598) INFO 05-17 05:35:13 [backends.py:350] Cache the graph of compile range (1, 292) for later use
(Worker pid=772597) (Worker_TP2 pid=772597) INFO 05-17 05:35:13 [backends.py:350] Cache the graph of compile range (1, 292) for later use
(Worker pid=772597) (Worker_TP2 pid=772597) INFO 05-17 05:35:14 [decorators.py:580] saving AOT compiled function to /root/.cache/vllm/torch_compile_cache/torch_aot_compile/97de1f8e643e55a507c2e2ba9e371b373785fc37ce2542d5a83ac9ba2ab32b04/rank_2_0/model
(Worker pid=772595) (Worker_TP0 pid=772595) INFO 05-17 05:35:14 [backends.py:366] Compiling a graph for compile range (1, 292) takes 1.79 s
(Worker pid=772595) (Worker_TP0 pid=772595) INFO 05-17 05:35:14 [monitor.py:35] torch.compile takes 13.53 s in total
(Worker pid=772595) (Worker_TP0 pid=772595) INFO 05-17 05:35:14 [decorators.py:580] saving AOT compiled function to /root/.cache/vllm/torch_compile_cache/torch_aot_compile/97de1f8e643e55a507c2e2ba9e371b373785fc37ce2542d5a83ac9ba2ab32b04/rank_0_0/model
(Worker pid=772596) (Worker_TP1 pid=772596) INFO 05-17 05:35:15 [decorators.py:580] saving AOT compiled function to /root/.cache/vllm/torch_compile_cache/torch_aot_compile/97de1f8e643e55a507c2e2ba9e371b373785fc37ce2542d5a83ac9ba2ab32b04/rank_1_0/model
(Worker pid=772598) (Worker_TP3 pid=772598) INFO 05-17 05:35:15 [decorators.py:580] saving AOT compiled function to /root/.cache/vllm/torch_compile_cache/torch_aot_compile/97de1f8e643e55a507c2e2ba9e371b373785fc37ce2542d5a83ac9ba2ab32b04/rank_3_0/model
(Worker pid=772597) (Worker_TP2 pid=772597) INFO 05-17 05:35:15 [decorators.py:588] saved AOT compiled function to /root/.cache/vllm/torch_compile_cache/torch_aot_compile/97de1f8e643e55a507c2e2ba9e371b373785fc37ce2542d5a83ac9ba2ab32b04/rank_2_0/model
(Worker pid=772595) (Worker_TP0 pid=772595) INFO 05-17 05:35:15 [decorators.py:588] saved AOT compiled function to /root/.cache/vllm/torch_compile_cache/torch_aot_compile/97de1f8e643e55a507c2e2ba9e371b373785fc37ce2542d5a83ac9ba2ab32b04/rank_0_0/model
(Worker pid=772596) (Worker_TP1 pid=772596) INFO 05-17 05:35:15 [decorators.py:588] saved AOT compiled function to /root/.cache/vllm/torch_compile_cache/torch_aot_compile/97de1f8e643e55a507c2e2ba9e371b373785fc37ce2542d5a83ac9ba2ab32b04/rank_1_0/model
(Worker pid=772598) (Worker_TP3 pid=772598) INFO 05-17 05:35:15 [decorators.py:588] saved AOT compiled function to /root/.cache/vllm/torch_compile_cache/torch_aot_compile/97de1f8e643e55a507c2e2ba9e371b373785fc37ce2542d5a83ac9ba2ab32b04/rank_3_0/model
Capturing CUDA graphs (mixed prefill-decode, PIECEWISE):  29%|██▉       | 15/51 [00:03<00:11,  3.02it/s]Capturing CUDA graphs (mixed prefill-decode, PIECEWISE):  35%|███▌      | 18/51 [00:03<00:07,  4.27it/s]Capturing CUDA graphs (mixed prefill-decode, PIECEWISE):  39%|███▉      | 20/51 [00:03<00:05,  5.26it/s]Capturing CUDA graphs (mixed prefill-decode, PIECEWISE):  45%|████▌     | 23/51 [00:03<00:03,  7.09it/s]Capturing CUDA graphs (mixed prefill-decode, PIECEWISE):  51%|█████     | 26/51 [00:03<00:02,  9.17it/s]Capturing CUDA graphs (mixed prefill-decode, PIECEWISE):  57%|█████▋    | 29/51 [00:03<00:01, 11.32it/s]Capturing CUDA graphs (mixed prefill-decode, PIECEWISE):  63%|██████▎   | 32/51 [00:03<00:01, 13.55it/s]Capturing CUDA graphs (mixed prefill-decode, PIECEWISE):  69%|██████▊   | 35/51 [00:03<00:01, 15.21it/s]Capturing CUDA graphs (mixed prefill-decode, PIECEWISE):  75%|███████▍  | 38/51 [00:04<00:00, 16.20it/s]Capturing CUDA graphs (mixed prefill-decode, PIECEWISE):  80%|████████  | 41/51 [00:04<00:00, 17.38it/s]Capturing CUDA graphs (mixed prefill-decode, PIECEWISE):  86%|████████▋ | 44/51 [00:04<00:00, 18.84it/s]Capturing CUDA graphs (mixed prefill-decode, PIECEWISE):  92%|█████████▏| 47/51 [00:04<00:00, 19.82it/s]Capturing CUDA graphs (mixed prefill-decode, PIECEWISE):  98%|█████████▊| 50/51 [00:04<00:00, 21.67it/s]Capturing CUDA graphs (mixed prefill-decode, PIECEWISE): 100%|██████████| 51/51 [00:04<00:00, 10.95it/s]
(Worker pid=772595) (Worker_TP0 pid=772595) Capturing CUDA graphs (decode, FULL):   0%|          | 0/51 [00:00<?, ?it/s]Capturing CUDA graphs (decode, FULL):   8%|▊         | 4/51 [00:00<00:01, 37.99it/s]Capturing CUDA graphs (decode, FULL):  18%|█▊        | 9/51 [00:00<00:01, 39.94it/s]Capturing CUDA graphs (decode, FULL):  27%|██▋       | 14/51 [00:00<00:00, 40.39it/s]Capturing CUDA graphs (decode, FULL):  37%|███▋      | 19/51 [00:00<00:00, 37.55it/s]Capturing CUDA graphs (decode, FULL):  45%|████▌     | 23/51 [00:00<00:00, 35.48it/s]Capturing CUDA graphs (decode, FULL):  53%|█████▎    | 27/51 [00:00<00:00, 36.04it/s]Capturing CUDA graphs (decode, FULL):  61%|██████    | 31/51 [00:00<00:00, 36.52it/s]Capturing CUDA graphs (decode, FULL):  69%|██████▊   | 35/51 [00:00<00:00, 36.80it/s]Capturing CUDA graphs (decode, FULL):  76%|███████▋  | 39/51 [00:01<00:00, 37.03it/s]Capturing CUDA graphs (decode, FULL):  84%|████████▍ | 43/51 [00:01<00:00, 37.03it/s]Capturing CUDA graphs (decode, FULL):  92%|█████████▏| 47/51 [00:01<00:00, 37.11it/s]Capturing CUDA graphs (decode, FULL): 100%|██████████| 51/51 [00:01<00:00, 37.41it/s]Capturing CUDA graphs (decode, FULL): 100%|██████████| 51/51 [00:01<00:00, 37.25it/s]
(Worker pid=772597) (Worker_TP2 pid=772597) INFO 05-17 05:35:18 [custom_all_reduce.py:216] Registering 1568 cuda graph addresses
(Worker pid=772595) (Worker_TP0 pid=772595) INFO 05-17 05:35:18 [custom_all_reduce.py:216] Registering 1568 cuda graph addresses
(Worker pid=772598) (Worker_TP3 pid=772598) INFO 05-17 05:35:18 [custom_all_reduce.py:216] Registering 1568 cuda graph addresses
(Worker pid=772596) (Worker_TP1 pid=772596) INFO 05-17 05:35:18 [custom_all_reduce.py:216] Registering 1568 cuda graph addresses
(Worker pid=772595) (Worker_TP0 pid=772595) INFO 05-17 05:35:19 [gpu_model_runner.py:5386] Graph capturing finished in 7 secs, took 0.16 GiB
(EngineCore_DP0 pid=772330) INFO 05-17 05:35:19 [core.py:282] init engine (profile, create kv cache, warmup model) took 22.38 seconds
(EngineCore_DP0 pid=772330) The image processor of type `Qwen2VLImageProcessor` is now loaded as a fast processor by default, even if the model checkpoint was saved with a slow processor. This is a breaking change and may produce slightly different outputs. To continue using the slow processor, instantiate this class with `use_fast=False`. Note that this behavior will be extended to all models in a future release.
(EngineCore_DP0 pid=772330) INFO 05-17 05:35:22 [vllm.py:747] Asynchronous scheduling is enabled.
(EngineCore_DP0 pid=772330) <frozen importlib._bootstrap_external>:1184: FutureWarning: The cuda.cudart module is deprecated and will be removed in a future release, please switch to use the cuda.bindings.runtime module instead.
(EngineCore_DP0 pid=772330) <frozen importlib._bootstrap_external>:1184: FutureWarning: The cuda.nvrtc module is deprecated and will be removed in a future release, please switch to use the cuda.bindings.nvrtc module instead.
(APIServer pid=772036) INFO 05-17 05:35:22 [api_server.py:495] Supported tasks: ['generate']
(APIServer pid=772036) WARNING 05-17 05:35:22 [model.py:1355] Default vLLM sampling parameters have been overridden by the model's `generation_config.json`: `{'repetition_penalty': 1.05, 'temperature': 1e-06}`. If this is not intended, please relaunch vLLM instance with `--generation-config vllm`.
(APIServer pid=772036) INFO 05-17 05:35:22 [serving.py:185] Warming up chat template processing...
(APIServer pid=772036) INFO 05-17 05:35:22 [hf.py:318] Detected the chat template content format to be 'openai'. You can set `--chat-template-content-format` to override this.
(APIServer pid=772036) INFO 05-17 05:35:23 [serving.py:210] Chat template warmup completed in 49.5ms
(APIServer pid=772036) INFO 05-17 05:35:23 [api_server.py:500] Starting vLLM API server 0 on http://127.0.0.1:18080
(APIServer pid=772036) INFO 05-17 05:35:23 [launcher.py:38] Available routes are:
(APIServer pid=772036) INFO 05-17 05:35:23 [launcher.py:47] Route: /openapi.json, Methods: GET, HEAD
(APIServer pid=772036) INFO 05-17 05:35:23 [launcher.py:47] Route: /docs, Methods: GET, HEAD
(APIServer pid=772036) INFO 05-17 05:35:23 [launcher.py:47] Route: /docs/oauth2-redirect, Methods: GET, HEAD
(APIServer pid=772036) INFO 05-17 05:35:23 [launcher.py:47] Route: /redoc, Methods: GET, HEAD
(APIServer pid=772036) INFO 05-17 05:35:23 [launcher.py:47] Route: /tokenize, Methods: POST
(APIServer pid=772036) INFO 05-17 05:35:23 [launcher.py:47] Route: /detokenize, Methods: POST
(APIServer pid=772036) INFO 05-17 05:35:23 [launcher.py:47] Route: /load, Methods: GET
(APIServer pid=772036) INFO 05-17 05:35:23 [launcher.py:47] Route: /version, Methods: GET
(APIServer pid=772036) INFO 05-17 05:35:23 [launcher.py:47] Route: /health, Methods: GET
(APIServer pid=772036) INFO 05-17 05:35:23 [launcher.py:47] Route: /metrics, Methods: GET
(APIServer pid=772036) INFO 05-17 05:35:23 [launcher.py:47] Route: /v1/models, Methods: GET
(APIServer pid=772036) INFO 05-17 05:35:23 [launcher.py:47] Route: /ping, Methods: GET
(APIServer pid=772036) INFO 05-17 05:35:23 [launcher.py:47] Route: /ping, Methods: POST
(APIServer pid=772036) INFO 05-17 05:35:23 [launcher.py:47] Route: /invocations, Methods: POST
(APIServer pid=772036) INFO 05-17 05:35:23 [launcher.py:47] Route: /v1/chat/completions, Methods: POST
(APIServer pid=772036) INFO 05-17 05:35:23 [launcher.py:47] Route: /v1/chat/completions/render, Methods: POST
(APIServer pid=772036) INFO 05-17 05:35:23 [launcher.py:47] Route: /v1/responses, Methods: POST
(APIServer pid=772036) INFO 05-17 05:35:23 [launcher.py:47] Route: /v1/responses/{response_id}, Methods: GET
(APIServer pid=772036) INFO 05-17 05:35:23 [launcher.py:47] Route: /v1/responses/{response_id}/cancel, Methods: POST
(APIServer pid=772036) INFO 05-17 05:35:23 [launcher.py:47] Route: /v1/completions, Methods: POST
(APIServer pid=772036) INFO 05-17 05:35:23 [launcher.py:47] Route: /v1/completions/render, Methods: POST
(APIServer pid=772036) INFO 05-17 05:35:23 [launcher.py:47] Route: /v1/messages, Methods: POST
(APIServer pid=772036) INFO 05-17 05:35:23 [launcher.py:47] Route: /v1/messages/count_tokens, Methods: POST
(APIServer pid=772036) INFO 05-17 05:35:23 [launcher.py:47] Route: /inference/v1/generate, Methods: POST
(APIServer pid=772036) INFO 05-17 05:35:23 [launcher.py:47] Route: /scale_elastic_ep, Methods: POST
(APIServer pid=772036) INFO 05-17 05:35:23 [launcher.py:47] Route: /is_scaling_elastic_ep, Methods: POST
(APIServer pid=772036) INFO:     Started server process [772036]
(APIServer pid=772036) INFO:     Waiting for application startup.
(APIServer pid=772036) INFO:     Application startup complete.
(APIServer pid=772036) INFO:     127.0.0.1:55636 - "GET /v1/models HTTP/1.1" 200 OK
(APIServer pid=772036) INFO:     127.0.0.1:55652 - "POST /v1/chat/completions HTTP/1.1" 200 OK
(APIServer pid=772036) INFO:     127.0.0.1:55658 - "POST /v1/chat/completions HTTP/1.1" 200 OK
(APIServer pid=772036) INFO 05-17 05:35:33 [loggers.py:259] Engine 000: Avg prompt throughput: 795.5 tokens/s, Avg generation throughput: 10.0 tokens/s, Running: 0 reqs, Waiting: 0 reqs, GPU KV cache usage: 0.0%, Prefix cache hit rate: 0.0%, MM cache hit rate: 0.0%
(APIServer pid=772036) INFO 05-17 05:35:43 [loggers.py:259] Engine 000: Avg prompt throughput: 0.0 tokens/s, Avg generation throughput: 0.0 tokens/s, Running: 0 reqs, Waiting: 0 reqs, GPU KV cache usage: 0.0%, Prefix cache hit rate: 0.0%, MM cache hit rate: 0.0%
(APIServer pid=772036) INFO:     127.0.0.1:43284 - "POST /v1/chat/completions HTTP/1.1" 200 OK
(APIServer pid=772036) INFO 05-17 05:35:53 [loggers.py:259] Engine 000: Avg prompt throughput: 1646.8 tokens/s, Avg generation throughput: 5.9 tokens/s, Running: 0 reqs, Waiting: 0 reqs, GPU KV cache usage: 0.0%, Prefix cache hit rate: 0.0%, MM cache hit rate: 0.0%
(APIServer pid=772036) INFO:     127.0.0.1:54208 - "POST /v1/chat/completions HTTP/1.1" 400 Bad Request
(APIServer pid=772036) INFO:     127.0.0.1:54210 - "POST /v1/chat/completions HTTP/1.1" 400 Bad Request
(APIServer pid=772036) INFO:     127.0.0.1:54214 - "POST /v1/chat/completions HTTP/1.1" 400 Bad Request
(APIServer pid=772036) INFO:     127.0.0.1:54222 - "POST /v1/chat/completions HTTP/1.1" 400 Bad Request
(APIServer pid=772036) INFO:     127.0.0.1:54232 - "POST /v1/chat/completions HTTP/1.1" 400 Bad Request
(APIServer pid=772036) INFO 05-17 05:36:03 [loggers.py:259] Engine 000: Avg prompt throughput: 0.0 tokens/s, Avg generation throughput: 0.0 tokens/s, Running: 0 reqs, Waiting: 0 reqs, GPU KV cache usage: 0.0%, Prefix cache hit rate: 0.0%, MM cache hit rate: 0.0%
(APIServer pid=772036) INFO:     127.0.0.1:60726 - "POST /v1/chat/completions HTTP/1.1" 400 Bad Request
(APIServer pid=772036) INFO 05-17 05:36:09 [launcher.py:122] Shutting down FastAPI HTTP server.
(Worker pid=772596) (Worker pid=772595) (Worker_TP1 pid=772596) (Worker pid=772597) (Worker pid=772598) INFO 05-17 05:36:09 [multiproc_executor.py:749] Parent process exited, terminating worker
(Worker_TP0 pid=772595) INFO 05-17 05:36:09 [multiproc_executor.py:749] Parent process exited, terminating worker
(Worker_TP2 pid=772597) INFO 05-17 05:36:09 [multiproc_executor.py:749] Parent process exited, terminating worker
(Worker_TP3 pid=772598) INFO 05-17 05:36:09 [multiproc_executor.py:749] Parent process exited, terminating worker
(Worker pid=772595) (Worker_TP0 pid=772595) INFO 05-17 05:36:09 [multiproc_executor.py:802] WorkerProc shutting down.
(Worker pid=772596) (Worker_TP1 pid=772596) INFO 05-17 05:36:09 [multiproc_executor.py:802] WorkerProc shutting down.
(Worker pid=772597) (Worker_TP2 pid=772597) INFO 05-17 05:36:09 [multiproc_executor.py:802] WorkerProc shutting down.
(Worker pid=772598) (Worker_TP3 pid=772598) INFO 05-17 05:36:09 [multiproc_executor.py:802] WorkerProc shutting down.
wings-7283c2a3c493-master-0:772598:772598 [3] NCCL INFO comm 0x563a02c104f0 rank 3 nranks 4 cudaDev 3 busId 67000 - Destroy COMPLETE
wings-7283c2a3c493-master-0:772597:772597 [2] NCCL INFO comm 0x55fc525f9280 rank 2 nranks 4 cudaDev 2 busId 19000 - Destroy COMPLETE
wings-7283c2a3c493-master-0:772596:772596 [1] NCCL INFO comm 0x55cbbfa12ce0 rank 1 nranks 4 cudaDev 1 busId 13000 - Destroy COMPLETE
wings-7283c2a3c493-master-0:772595:772595 [0] NCCL INFO comm 0x5643d17cc720 rank 0 nranks 4 cudaDev 0 busId c000 - Destroy COMPLETE
(Worker pid=772595) (Worker_TP0 pid=772595) Exception ignored in: <function AllReduceFusionWorkspace.__del__ at 0x7fa4d04f1870>
(Worker pid=772595) (Worker_TP0 pid=772595) Traceback (most recent call last):
(Worker pid=772595) (Worker_TP0 pid=772595)   File "/root/.venvs/vtool-r1-v2/lib/python3.10/site-packages/flashinfer/comm/workspace_base.py", line 72, in __del__
(Worker pid=772595) (Worker_TP0 pid=772595) ImportError: sys.meta_path is None, Python is likely shutting down
(Worker pid=772596) (Worker_TP1 pid=772596) Exception ignored in: <function AllReduceFusionWorkspace.__del__ at 0x7f2498039870>
(Worker pid=772596) (Worker_TP1 pid=772596) Traceback (most recent call last):
(Worker pid=772596) (Worker_TP1 pid=772596)   File "/root/.venvs/vtool-r1-v2/lib/python3.10/site-packages/flashinfer/comm/workspace_base.py", line 72, in __del__
(Worker pid=772596) (Worker_TP1 pid=772596) ImportError: sys.meta_path is None, Python is likely shutting down
(Worker pid=772597) (Worker_TP2 pid=772597) Exception ignored in: <function AllReduceFusionWorkspace.__del__ at 0x7f4da8515870>
(Worker pid=772597) (Worker_TP2 pid=772597) Traceback (most recent call last):
(Worker pid=772597) (Worker_TP2 pid=772597)   File "/root/.venvs/vtool-r1-v2/lib/python3.10/site-packages/flashinfer/comm/workspace_base.py", line 72, in __del__
(Worker pid=772597) (Worker_TP2 pid=772597) ImportError: sys.meta_path is None, Python is likely shutting down
(Worker pid=772598) (Worker_TP3 pid=772598) Exception ignored in: <function AllReduceFusionWorkspace.__del__ at 0x7fd1281f1870>
(Worker pid=772598) (Worker_TP3 pid=772598) Traceback (most recent call last):
(Worker pid=772598) (Worker_TP3 pid=772598)   File "/root/.venvs/vtool-r1-v2/lib/python3.10/site-packages/flashinfer/comm/workspace_base.py", line 72, in __del__
(Worker pid=772598) (Worker_TP3 pid=772598) ImportError: sys.meta_path is None, Python is likely shutting down
(APIServer pid=772036) INFO:     Shutting down
(APIServer pid=772036) INFO:     Waiting for application shutdown.
(APIServer pid=772036) INFO:     Application shutdown complete.
