wings-7283c2a3c493-master-0:807061:808196 [1] NCCL INFO Using network NCCL RDMA Plugin v9
wings-7283c2a3c493-master-0:807061:808196 [1] NCCL INFO DMA-BUF is available on GPU device 1
wings-7283c2a3c493-master-0:807062:808197 [2] NCCL INFO Assigned NET plugin NCCL RDMA Plugin v9 to comm
wings-7283c2a3c493-master-0:807062:808197 [2] NCCL INFO Using network NCCL RDMA Plugin v9
wings-7283c2a3c493-master-0:807062:808197 [2] NCCL INFO DMA-BUF is available on GPU device 2
wings-7283c2a3c493-master-0:807063:808198 [3] NCCL INFO Assigned NET plugin NCCL RDMA Plugin v9 to comm
wings-7283c2a3c493-master-0:807063:808198 [3] NCCL INFO Using network NCCL RDMA Plugin v9
wings-7283c2a3c493-master-0:807063:808198 [3] NCCL INFO DMA-BUF is available on GPU device 3
wings-7283c2a3c493-master-0:807060:808195 [0] NCCL INFO ncclCommInitRankConfig comm 0x561f67334590 rank 0 nranks 4 cudaDev 0 nvmlDev 0 busId c000 commId 0x487ab592339c0113 - Init START
wings-7283c2a3c493-master-0:807061:808196 [1] NCCL INFO ncclCommInitRankConfig comm 0x55b9d09808f0 rank 1 nranks 4 cudaDev 1 nvmlDev 1 busId 13000 commId 0x487ab592339c0113 - Init START
wings-7283c2a3c493-master-0:807062:808197 [2] NCCL INFO ncclCommInitRankConfig comm 0x562fae17f650 rank 2 nranks 4 cudaDev 2 nvmlDev 2 busId 19000 commId 0x487ab592339c0113 - Init START
wings-7283c2a3c493-master-0:807063:808198 [3] NCCL INFO ncclCommInitRankConfig comm 0x557777964aa0 rank 3 nranks 4 cudaDev 3 nvmlDev 3 busId 67000 commId 0x487ab592339c0113 - Init START
wings-7283c2a3c493-master-0:807062:808197 [2] NCCL INFO Bootstrap timings total 0.000409 (create 0.000017, send 0.000056, recv 0.000162, ring 0.000089, delay 0.000000)
wings-7283c2a3c493-master-0:807061:808196 [1] NCCL INFO Bootstrap timings total 0.000424 (create 0.000018, send 0.000070, recv 0.000087, ring 0.000166, delay 0.000000)
wings-7283c2a3c493-master-0:807060:808195 [0] NCCL INFO Bootstrap timings total 0.000553 (create 0.000016, send 0.000071, recv 0.000181, ring 0.000047, delay 0.000000)
wings-7283c2a3c493-master-0:807063:808198 [3] NCCL INFO Bootstrap timings total 0.000328 (create 0.000024, send 0.000079, recv 0.000082, ring 0.000039, delay 0.000000)
wings-7283c2a3c493-master-0:807061:808196 [1] NCCL INFO MNNVL busId 0x13000 fabric UUID 0.0 cliqueId 0x0 state 3 healthMask 0x0
wings-7283c2a3c493-master-0:807060:808195 [0] NCCL INFO MNNVL busId 0xc000 fabric UUID 0.0 cliqueId 0x0 state 3 healthMask 0x0
wings-7283c2a3c493-master-0:807062:808197 [2] NCCL INFO MNNVL busId 0x19000 fabric UUID 0.0 cliqueId 0x0 state 3 healthMask 0x0
wings-7283c2a3c493-master-0:807063:808198 [3] NCCL INFO MNNVL busId 0x67000 fabric UUID 0.0 cliqueId 0x0 state 3 healthMask 0x0
wings-7283c2a3c493-master-0:807063:808198 [3] NCCL INFO Setting affinity for GPU 3 to 24-47,120-143
wings-7283c2a3c493-master-0:807061:808196 [1] NCCL INFO Setting affinity for GPU 1 to 0-23,96-119
wings-7283c2a3c493-master-0:807062:808197 [2] NCCL INFO Setting affinity for GPU 2 to 0-23,96-119
wings-7283c2a3c493-master-0:807060:808195 [0] NCCL INFO Setting affinity for GPU 0 to 0-23,96-119
wings-7283c2a3c493-master-0:807062:808197 [2] NCCL INFO comm 0x562fae17f650 rank 2 nRanks 4 nNodes 1 localRanks 4 localRank 2 MNNVL 0
wings-7283c2a3c493-master-0:807063:808198 [3] NCCL INFO comm 0x557777964aa0 rank 3 nRanks 4 nNodes 1 localRanks 4 localRank 3 MNNVL 0
wings-7283c2a3c493-master-0:807061:808196 [1] NCCL INFO comm 0x55b9d09808f0 rank 1 nRanks 4 nNodes 1 localRanks 4 localRank 1 MNNVL 0
wings-7283c2a3c493-master-0:807060:808195 [0] NCCL INFO comm 0x561f67334590 rank 0 nRanks 4 nNodes 1 localRanks 4 localRank 0 MNNVL 0
wings-7283c2a3c493-master-0:807062:808197 [2] NCCL INFO Trees [0] 3/-1/-1->2->1 [1] 3/-1/-1->2->1 [2] 3/-1/-1->2->1 [3] 3/-1/-1->2->1 [4] 3/-1/-1->2->1 [5] 3/-1/-1->2->1 [6] 3/-1/-1->2->1 [7] 3/-1/-1->2->1 [8] 3/-1/-1->2->1 [9] 3/-1/-1->2->1 [10] 3/-1/-1->2->1 [11] 3/-1/-1->2->1 [12] 3/-1/-1->2->1 [13] 3/-1/-1->2->1 [14] 3/-1/-1->2->1 [15] 3/-1/-1->2->1 [16] 3/-1/-1->2->1 [17] 3/-1/-1->2->1 [18] 3/-1/-1->2->1 [19] 3/-1/-1->2->1 [20] 3/-1/-1->2->1 [21] 3/-1/-1->2->1 [22] 3/-1/-1->2->1 [23] 3/-1/-1->2->1
wings-7283c2a3c493-master-0:807062:808197 [2] NCCL INFO P2P Chunksize set to 524288
wings-7283c2a3c493-master-0:807063:808198 [3] NCCL INFO Trees [0] -1/-1/-1->3->2 [1] -1/-1/-1->3->2 [2] -1/-1/-1->3->2 [3] -1/-1/-1->3->2 [4] -1/-1/-1->3->2 [5] -1/-1/-1->3->2 [6] -1/-1/-1->3->2 [7] -1/-1/-1->3->2 [8] -1/-1/-1->3->2 [9] -1/-1/-1->3->2 [10] -1/-1/-1->3->2 [11] -1/-1/-1->3->2 [12] -1/-1/-1->3->2 [13] -1/-1/-1->3->2 [14] -1/-1/-1->3->2 [15] -1/-1/-1->3->2 [16] -1/-1/-1->3->2 [17] -1/-1/-1->3->2 [18] -1/-1/-1->3->2 [19] -1/-1/-1->3->2 [20] -1/-1/-1->3->2 [21] -1/-1/-1->3->2 [22] -1/-1/-1->3->2 [23] -1/-1/-1->3->2
wings-7283c2a3c493-master-0:807060:808195 [0] NCCL INFO Channel 00/24 : 0 1 2 3
wings-7283c2a3c493-master-0:807063:808198 [3] NCCL INFO P2P Chunksize set to 524288
wings-7283c2a3c493-master-0:807060:808195 [0] NCCL INFO Channel 01/24 : 0 1 2 3
wings-7283c2a3c493-master-0:807060:808195 [0] NCCL INFO Channel 02/24 : 0 1 2 3
wings-7283c2a3c493-master-0:807060:808195 [0] NCCL INFO Channel 03/24 : 0 1 2 3
wings-7283c2a3c493-master-0:807061:808196 [1] NCCL INFO Trees [0] 2/-1/-1->1->0 [1] 2/-1/-1->1->0 [2] 2/-1/-1->1->0 [3] 2/-1/-1->1->0 [4] 2/-1/-1->1->0 [5] 2/-1/-1->1->0 [6] 2/-1/-1->1->0 [7] 2/-1/-1->1->0 [8] 2/-1/-1->1->0 [9] 2/-1/-1->1->0 [10] 2/-1/-1->1->0 [11] 2/-1/-1->1->0 [12] 2/-1/-1->1->0 [13] 2/-1/-1->1->0 [14] 2/-1/-1->1->0 [15] 2/-1/-1->1->0 [16] 2/-1/-1->1->0 [17] 2/-1/-1->1->0 [18] 2/-1/-1->1->0 [19] 2/-1/-1->1->0 [20] 2/-1/-1->1->0 [21] 2/-1/-1->1->0 [22] 2/-1/-1->1->0 [23] 2/-1/-1->1->0
wings-7283c2a3c493-master-0:807060:808195 [0] NCCL INFO Channel 04/24 : 0 1 2 3
wings-7283c2a3c493-master-0:807061:808196 [1] NCCL INFO P2P Chunksize set to 524288
wings-7283c2a3c493-master-0:807060:808195 [0] NCCL INFO Channel 05/24 : 0 1 2 3
wings-7283c2a3c493-master-0:807060:808195 [0] NCCL INFO Channel 06/24 : 0 1 2 3
wings-7283c2a3c493-master-0:807060:808195 [0] NCCL INFO Channel 07/24 : 0 1 2 3
wings-7283c2a3c493-master-0:807060:808195 [0] NCCL INFO Channel 08/24 : 0 1 2 3
wings-7283c2a3c493-master-0:807060:808195 [0] NCCL INFO Channel 09/24 : 0 1 2 3
wings-7283c2a3c493-master-0:807060:808195 [0] NCCL INFO Channel 10/24 : 0 1 2 3
wings-7283c2a3c493-master-0:807060:808195 [0] NCCL INFO Channel 11/24 : 0 1 2 3
wings-7283c2a3c493-master-0:807060:808195 [0] NCCL INFO Channel 12/24 : 0 1 2 3
wings-7283c2a3c493-master-0:807060:808195 [0] NCCL INFO Channel 13/24 : 0 1 2 3
wings-7283c2a3c493-master-0:807060:808195 [0] NCCL INFO Channel 14/24 : 0 1 2 3
wings-7283c2a3c493-master-0:807060:808195 [0] NCCL INFO Channel 15/24 : 0 1 2 3
wings-7283c2a3c493-master-0:807060:808195 [0] NCCL INFO Channel 16/24 : 0 1 2 3
wings-7283c2a3c493-master-0:807060:808195 [0] NCCL INFO Channel 17/24 : 0 1 2 3
wings-7283c2a3c493-master-0:807060:808195 [0] NCCL INFO Channel 18/24 : 0 1 2 3
wings-7283c2a3c493-master-0:807060:808195 [0] NCCL INFO Channel 19/24 : 0 1 2 3
wings-7283c2a3c493-master-0:807060:808195 [0] NCCL INFO Channel 20/24 : 0 1 2 3
wings-7283c2a3c493-master-0:807060:808195 [0] NCCL INFO Channel 21/24 : 0 1 2 3
wings-7283c2a3c493-master-0:807060:808195 [0] NCCL INFO Channel 22/24 : 0 1 2 3
wings-7283c2a3c493-master-0:807060:808195 [0] NCCL INFO Channel 23/24 : 0 1 2 3
wings-7283c2a3c493-master-0:807060:808195 [0] NCCL INFO Trees [0] 1/-1/-1->0->-1 [1] 1/-1/-1->0->-1 [2] 1/-1/-1->0->-1 [3] 1/-1/-1->0->-1 [4] 1/-1/-1->0->-1 [5] 1/-1/-1->0->-1 [6] 1/-1/-1->0->-1 [7] 1/-1/-1->0->-1 [8] 1/-1/-1->0->-1 [9] 1/-1/-1->0->-1 [10] 1/-1/-1->0->-1 [11] 1/-1/-1->0->-1 [12] 1/-1/-1->0->-1 [13] 1/-1/-1->0->-1 [14] 1/-1/-1->0->-1 [15] 1/-1/-1->0->-1 [16] 1/-1/-1->0->-1 [17] 1/-1/-1->0->-1 [18] 1/-1/-1->0->-1 [19] 1/-1/-1->0->-1 [20] 1/-1/-1->0->-1 [21] 1/-1/-1->0->-1 [22] 1/-1/-1->0->-1 [23] 1/-1/-1->0->-1
wings-7283c2a3c493-master-0:807060:808195 [0] NCCL INFO P2P Chunksize set to 524288
wings-7283c2a3c493-master-0:807060:808195 [0] NCCL INFO Check P2P Type isAllDirectP2p 1 directMode 0
wings-7283c2a3c493-master-0:807061:808199 [1] NCCL INFO [Proxy Service] Device 1 CPU core 99
wings-7283c2a3c493-master-0:807061:808200 [1] NCCL INFO [Proxy Service UDS] Device 1 CPU core 100
wings-7283c2a3c493-master-0:807060:808201 [0] NCCL INFO [Proxy Service] Device 0 CPU core 5
wings-7283c2a3c493-master-0:807062:808202 [2] NCCL INFO [Proxy Service] Device 2 CPU core 102
wings-7283c2a3c493-master-0:807060:808203 [0] NCCL INFO [Proxy Service UDS] Device 0 CPU core 7
wings-7283c2a3c493-master-0:807062:808204 [2] NCCL INFO [Proxy Service UDS] Device 2 CPU core 104
wings-7283c2a3c493-master-0:807063:808205 [3] NCCL INFO [Proxy Service] Device 3 CPU core 121
wings-7283c2a3c493-master-0:807063:808206 [3] NCCL INFO [Proxy Service UDS] Device 3 CPU core 123
wings-7283c2a3c493-master-0:807061:808196 [1] NCCL INFO threadThresholds 8/8/64 | 32/8/64 | 512 | 512
wings-7283c2a3c493-master-0:807061:808196 [1] NCCL INFO 24 coll channels, 24 collnet channels, 0 nvls channels, 32 p2p channels, 32 p2p channels per peer
wings-7283c2a3c493-master-0:807062:808197 [2] NCCL INFO threadThresholds 8/8/64 | 32/8/64 | 512 | 512
wings-7283c2a3c493-master-0:807062:808197 [2] NCCL INFO 24 coll channels, 24 collnet channels, 0 nvls channels, 32 p2p channels, 32 p2p channels per peer
wings-7283c2a3c493-master-0:807063:808198 [3] NCCL INFO threadThresholds 8/8/64 | 32/8/64 | 512 | 512
wings-7283c2a3c493-master-0:807063:808198 [3] NCCL INFO 24 coll channels, 24 collnet channels, 0 nvls channels, 32 p2p channels, 32 p2p channels per peer
wings-7283c2a3c493-master-0:807060:808195 [0] NCCL INFO threadThresholds 8/8/64 | 32/8/64 | 512 | 512
wings-7283c2a3c493-master-0:807060:808195 [0] NCCL INFO 24 coll channels, 24 collnet channels, 0 nvls channels, 32 p2p channels, 32 p2p channels per peer
wings-7283c2a3c493-master-0:807060:808195 [0] NCCL INFO CC Off, workFifoBytes 1048576
wings-7283c2a3c493-master-0:807063:808198 [3] NCCL INFO ncclCommInitRankConfig comm 0x557777964aa0 rank 3 nranks 4 cudaDev 3 nvmlDev 3 busId 67000 commId 0x487ab592339c0113 - Init COMPLETE
wings-7283c2a3c493-master-0:807061:808196 [1] NCCL INFO ncclCommInitRankConfig comm 0x55b9d09808f0 rank 1 nranks 4 cudaDev 1 nvmlDev 1 busId 13000 commId 0x487ab592339c0113 - Init COMPLETE
wings-7283c2a3c493-master-0:807060:808195 [0] NCCL INFO ncclCommInitRankConfig comm 0x561f67334590 rank 0 nranks 4 cudaDev 0 nvmlDev 0 busId c000 commId 0x487ab592339c0113 - Init COMPLETE
wings-7283c2a3c493-master-0:807062:808197 [2] NCCL INFO ncclCommInitRankConfig comm 0x562fae17f650 rank 2 nranks 4 cudaDev 2 nvmlDev 2 busId 19000 commId 0x487ab592339c0113 - Init COMPLETE
wings-7283c2a3c493-master-0:807063:808198 [3] NCCL INFO Init timings - ncclCommInitRankConfig: rank 3 nranks 4 total 0.08 (kernels 0.00, alloc 0.00, bootstrap 0.00, allgathers 0.01, topo 0.03, graphs 0.01, connections 0.02, rest 0.01)
wings-7283c2a3c493-master-0:807061:808196 [1] NCCL INFO Init timings - ncclCommInitRankConfig: rank 1 nranks 4 total 0.08 (kernels 0.00, alloc 0.00, bootstrap 0.00, allgathers 0.00, topo 0.03, graphs 0.01, connections 0.02, rest 0.01)
wings-7283c2a3c493-master-0:807060:808195 [0] NCCL INFO Init timings - ncclCommInitRankConfig: rank 0 nranks 4 total 0.08 (kernels 0.00, alloc 0.00, bootstrap 0.00, allgathers 0.00, topo 0.03, graphs 0.01, connections 0.03, rest 0.01)
wings-7283c2a3c493-master-0:807062:808197 [2] NCCL INFO Init timings - ncclCommInitRankConfig: rank 2 nranks 4 total 0.08 (kernels 0.00, alloc 0.00, bootstrap 0.00, allgathers 0.01, topo 0.03, graphs 0.01, connections 0.02, rest 0.01)
wings-7283c2a3c493-master-0:807060:808208 [0] NCCL INFO Channel 00/0 : 0[0] -> 1[1] via P2P/CUMEM
wings-7283c2a3c493-master-0:807060:808208 [0] NCCL INFO Channel 01/0 : 0[0] -> 1[1] via P2P/CUMEM
wings-7283c2a3c493-master-0:807063:808210 [3] NCCL INFO Channel 00/0 : 3[3] -> 0[0] via P2P/CUMEM
wings-7283c2a3c493-master-0:807060:808208 [0] NCCL INFO Channel 02/0 : 0[0] -> 1[1] via P2P/CUMEM
wings-7283c2a3c493-master-0:807063:808210 [3] NCCL INFO Channel 01/0 : 3[3] -> 0[0] via P2P/CUMEM
wings-7283c2a3c493-master-0:807061:808207 [1] NCCL INFO Channel 00/0 : 1[1] -> 2[2] via P2P/CUMEM
wings-7283c2a3c493-master-0:807062:808209 [2] NCCL INFO Channel 00/0 : 2[2] -> 3[3] via P2P/CUMEM
wings-7283c2a3c493-master-0:807060:808208 [0] NCCL INFO Channel 03/0 : 0[0] -> 1[1] via P2P/CUMEM
wings-7283c2a3c493-master-0:807063:808210 [3] NCCL INFO Channel 02/0 : 3[3] -> 0[0] via P2P/CUMEM
wings-7283c2a3c493-master-0:807061:808207 [1] NCCL INFO Channel 01/0 : 1[1] -> 2[2] via P2P/CUMEM
wings-7283c2a3c493-master-0:807062:808209 [2] NCCL INFO Channel 01/0 : 2[2] -> 3[3] via P2P/CUMEM
wings-7283c2a3c493-master-0:807060:808208 [0] NCCL INFO Channel 04/0 : 0[0] -> 1[1] via P2P/CUMEM
wings-7283c2a3c493-master-0:807063:808210 [3] NCCL INFO Channel 03/0 : 3[3] -> 0[0] via P2P/CUMEM
wings-7283c2a3c493-master-0:807061:808207 [1] NCCL INFO Channel 02/0 : 1[1] -> 2[2] via P2P/CUMEM
wings-7283c2a3c493-master-0:807062:808209 [2] NCCL INFO Channel 02/0 : 2[2] -> 3[3] via P2P/CUMEM
wings-7283c2a3c493-master-0:807060:808208 [0] NCCL INFO Channel 05/0 : 0[0] -> 1[1] via P2P/CUMEM
wings-7283c2a3c493-master-0:807063:808210 [3] NCCL INFO Channel 04/0 : 3[3] -> 0[0] via P2P/CUMEM
wings-7283c2a3c493-master-0:807061:808207 [1] NCCL INFO Channel 03/0 : 1[1] -> 2[2] via P2P/CUMEM
wings-7283c2a3c493-master-0:807062:808209 [2] NCCL INFO Channel 03/0 : 2[2] -> 3[3] via P2P/CUMEM
wings-7283c2a3c493-master-0:807060:808208 [0] NCCL INFO Channel 06/0 : 0[0] -> 1[1] via P2P/CUMEM
wings-7283c2a3c493-master-0:807063:808210 [3] NCCL INFO Channel 05/0 : 3[3] -> 0[0] via P2P/CUMEM
wings-7283c2a3c493-master-0:807061:808207 [1] NCCL INFO Channel 04/0 : 1[1] -> 2[2] via P2P/CUMEM
wings-7283c2a3c493-master-0:807062:808209 [2] NCCL INFO Channel 04/0 : 2[2] -> 3[3] via P2P/CUMEM
wings-7283c2a3c493-master-0:807060:808208 [0] NCCL INFO Channel 07/0 : 0[0] -> 1[1] via P2P/CUMEM
wings-7283c2a3c493-master-0:807063:808210 [3] NCCL INFO Channel 06/0 : 3[3] -> 0[0] via P2P/CUMEM
wings-7283c2a3c493-master-0:807061:808207 [1] NCCL INFO Channel 05/0 : 1[1] -> 2[2] via P2P/CUMEM
wings-7283c2a3c493-master-0:807062:808209 [2] NCCL INFO Channel 05/0 : 2[2] -> 3[3] via P2P/CUMEM
wings-7283c2a3c493-master-0:807060:808208 [0] NCCL INFO Channel 08/0 : 0[0] -> 1[1] via P2P/CUMEM
wings-7283c2a3c493-master-0:807063:808210 [3] NCCL INFO Channel 07/0 : 3[3] -> 0[0] via P2P/CUMEM
wings-7283c2a3c493-master-0:807061:808207 [1] NCCL INFO Channel 06/0 : 1[1] -> 2[2] via P2P/CUMEM
wings-7283c2a3c493-master-0:807062:808209 [2] NCCL INFO Channel 06/0 : 2[2] -> 3[3] via P2P/CUMEM
wings-7283c2a3c493-master-0:807060:808208 [0] NCCL INFO Channel 09/0 : 0[0] -> 1[1] via P2P/CUMEM
wings-7283c2a3c493-master-0:807063:808210 [3] NCCL INFO Channel 08/0 : 3[3] -> 0[0] via P2P/CUMEM
wings-7283c2a3c493-master-0:807061:808207 [1] NCCL INFO Channel 07/0 : 1[1] -> 2[2] via P2P/CUMEM
wings-7283c2a3c493-master-0:807062:808209 [2] NCCL INFO Channel 07/0 : 2[2] -> 3[3] via P2P/CUMEM
wings-7283c2a3c493-master-0:807063:808210 [3] NCCL INFO Channel 09/0 : 3[3] -> 0[0] via P2P/CUMEM
wings-7283c2a3c493-master-0:807060:808208 [0] NCCL INFO Channel 10/0 : 0[0] -> 1[1] via P2P/CUMEM
wings-7283c2a3c493-master-0:807061:808207 [1] NCCL INFO Channel 08/0 : 1[1] -> 2[2] via P2P/CUMEM
wings-7283c2a3c493-master-0:807062:808209 [2] NCCL INFO Channel 08/0 : 2[2] -> 3[3] via P2P/CUMEM
wings-7283c2a3c493-master-0:807063:808210 [3] NCCL INFO Channel 10/0 : 3[3] -> 0[0] via P2P/CUMEM
wings-7283c2a3c493-master-0:807060:808208 [0] NCCL INFO Channel 11/0 : 0[0] -> 1[1] via P2P/CUMEM
wings-7283c2a3c493-master-0:807061:808207 [1] NCCL INFO Channel 09/0 : 1[1] -> 2[2] via P2P/CUMEM
wings-7283c2a3c493-master-0:807062:808209 [2] NCCL INFO Channel 09/0 : 2[2] -> 3[3] via P2P/CUMEM
wings-7283c2a3c493-master-0:807063:808210 [3] NCCL INFO Channel 11/0 : 3[3] -> 0[0] via P2P/CUMEM
wings-7283c2a3c493-master-0:807060:808208 [0] NCCL INFO Channel 12/0 : 0[0] -> 1[1] via P2P/CUMEM
wings-7283c2a3c493-master-0:807061:808207 [1] NCCL INFO Channel 10/0 : 1[1] -> 2[2] via P2P/CUMEM
wings-7283c2a3c493-master-0:807062:808209 [2] NCCL INFO Channel 10/0 : 2[2] -> 3[3] via P2P/CUMEM
wings-7283c2a3c493-master-0:807063:808210 [3] NCCL INFO Channel 12/0 : 3[3] -> 0[0] via P2P/CUMEM
wings-7283c2a3c493-master-0:807060:808208 [0] NCCL INFO Channel 13/0 : 0[0] -> 1[1] via P2P/CUMEM
wings-7283c2a3c493-master-0:807061:808207 [1] NCCL INFO Channel 11/0 : 1[1] -> 2[2] via P2P/CUMEM
wings-7283c2a3c493-master-0:807062:808209 [2] NCCL INFO Channel 11/0 : 2[2] -> 3[3] via P2P/CUMEM
wings-7283c2a3c493-master-0:807063:808210 [3] NCCL INFO Channel 13/0 : 3[3] -> 0[0] via P2P/CUMEM
wings-7283c2a3c493-master-0:807062:808209 [2] NCCL INFO Channel 12/0 : 2[2] -> 3[3] via P2P/CUMEM
wings-7283c2a3c493-master-0:807063:808210 [3] NCCL INFO Channel 14/0 : 3[3] -> 0[0] via P2P/CUMEM
wings-7283c2a3c493-master-0:807061:808207 [1] NCCL INFO Channel 12/0 : 1[1] -> 2[2] via P2P/CUMEM
wings-7283c2a3c493-master-0:807060:808208 [0] NCCL INFO Channel 14/0 : 0[0] -> 1[1] via P2P/CUMEM
wings-7283c2a3c493-master-0:807063:808210 [3] NCCL INFO Channel 15/0 : 3[3] -> 0[0] via P2P/CUMEM
wings-7283c2a3c493-master-0:807062:808209 [2] NCCL INFO Channel 13/0 : 2[2] -> 3[3] via P2P/CUMEM
wings-7283c2a3c493-master-0:807060:808208 [0] NCCL INFO Channel 15/0 : 0[0] -> 1[1] via P2P/CUMEM
wings-7283c2a3c493-master-0:807061:808207 [1] NCCL INFO Channel 13/0 : 1[1] -> 2[2] via P2P/CUMEM
wings-7283c2a3c493-master-0:807063:808210 [3] NCCL INFO Channel 16/0 : 3[3] -> 0[0] via P2P/CUMEM
wings-7283c2a3c493-master-0:807062:808209 [2] NCCL INFO Channel 14/0 : 2[2] -> 3[3] via P2P/CUMEM
wings-7283c2a3c493-master-0:807060:808208 [0] NCCL INFO Channel 16/0 : 0[0] -> 1[1] via P2P/CUMEM
wings-7283c2a3c493-master-0:807061:808207 [1] NCCL INFO Channel 14/0 : 1[1] -> 2[2] via P2P/CUMEM
wings-7283c2a3c493-master-0:807063:808210 [3] NCCL INFO Channel 17/0 : 3[3] -> 0[0] via P2P/CUMEM
wings-7283c2a3c493-master-0:807062:808209 [2] NCCL INFO Channel 15/0 : 2[2] -> 3[3] via P2P/CUMEM
wings-7283c2a3c493-master-0:807060:808208 [0] NCCL INFO Channel 17/0 : 0[0] -> 1[1] via P2P/CUMEM
wings-7283c2a3c493-master-0:807061:808207 [1] NCCL INFO Channel 15/0 : 1[1] -> 2[2] via P2P/CUMEM
wings-7283c2a3c493-master-0:807063:808210 [3] NCCL INFO Channel 18/0 : 3[3] -> 0[0] via P2P/CUMEM
wings-7283c2a3c493-master-0:807062:808209 [2] NCCL INFO Channel 16/0 : 2[2] -> 3[3] via P2P/CUMEM
wings-7283c2a3c493-master-0:807060:808208 [0] NCCL INFO Channel 18/0 : 0[0] -> 1[1] via P2P/CUMEM
wings-7283c2a3c493-master-0:807063:808210 [3] NCCL INFO Channel 19/0 : 3[3] -> 0[0] via P2P/CUMEM
wings-7283c2a3c493-master-0:807061:808207 [1] NCCL INFO Channel 16/0 : 1[1] -> 2[2] via P2P/CUMEM
wings-7283c2a3c493-master-0:807062:808209 [2] NCCL INFO Channel 17/0 : 2[2] -> 3[3] via P2P/CUMEM
wings-7283c2a3c493-master-0:807060:808208 [0] NCCL INFO Channel 19/0 : 0[0] -> 1[1] via P2P/CUMEM
wings-7283c2a3c493-master-0:807063:808210 [3] NCCL INFO Channel 20/0 : 3[3] -> 0[0] via P2P/CUMEM
wings-7283c2a3c493-master-0:807061:808207 [1] NCCL INFO Channel 17/0 : 1[1] -> 2[2] via P2P/CUMEM
wings-7283c2a3c493-master-0:807062:808209 [2] NCCL INFO Channel 18/0 : 2[2] -> 3[3] via P2P/CUMEM
wings-7283c2a3c493-master-0:807060:808208 [0] NCCL INFO Channel 20/0 : 0[0] -> 1[1] via P2P/CUMEM
wings-7283c2a3c493-master-0:807063:808210 [3] NCCL INFO Channel 21/0 : 3[3] -> 0[0] via P2P/CUMEM
wings-7283c2a3c493-master-0:807061:808207 [1] NCCL INFO Channel 18/0 : 1[1] -> 2[2] via P2P/CUMEM
wings-7283c2a3c493-master-0:807062:808209 [2] NCCL INFO Channel 19/0 : 2[2] -> 3[3] via P2P/CUMEM
wings-7283c2a3c493-master-0:807060:808208 [0] NCCL INFO Channel 21/0 : 0[0] -> 1[1] via P2P/CUMEM
wings-7283c2a3c493-master-0:807063:808210 [3] NCCL INFO Channel 22/0 : 3[3] -> 0[0] via P2P/CUMEM
wings-7283c2a3c493-master-0:807061:808207 [1] NCCL INFO Channel 19/0 : 1[1] -> 2[2] via P2P/CUMEM
wings-7283c2a3c493-master-0:807060:808208 [0] NCCL INFO Channel 22/0 : 0[0] -> 1[1] via P2P/CUMEM
wings-7283c2a3c493-master-0:807062:808209 [2] NCCL INFO Channel 20/0 : 2[2] -> 3[3] via P2P/CUMEM
wings-7283c2a3c493-master-0:807063:808210 [3] NCCL INFO Channel 23/0 : 3[3] -> 0[0] via P2P/CUMEM
wings-7283c2a3c493-master-0:807061:808207 [1] NCCL INFO Channel 20/0 : 1[1] -> 2[2] via P2P/CUMEM
wings-7283c2a3c493-master-0:807060:808208 [0] NCCL INFO Channel 23/0 : 0[0] -> 1[1] via P2P/CUMEM
wings-7283c2a3c493-master-0:807062:808209 [2] NCCL INFO Channel 21/0 : 2[2] -> 3[3] via P2P/CUMEM
wings-7283c2a3c493-master-0:807061:808207 [1] NCCL INFO Channel 21/0 : 1[1] -> 2[2] via P2P/CUMEM
wings-7283c2a3c493-master-0:807062:808209 [2] NCCL INFO Channel 22/0 : 2[2] -> 3[3] via P2P/CUMEM
wings-7283c2a3c493-master-0:807061:808207 [1] NCCL INFO Channel 22/0 : 1[1] -> 2[2] via P2P/CUMEM
wings-7283c2a3c493-master-0:807062:808209 [2] NCCL INFO Channel 23/0 : 2[2] -> 3[3] via P2P/CUMEM
wings-7283c2a3c493-master-0:807061:808207 [1] NCCL INFO Channel 23/0 : 1[1] -> 2[2] via P2P/CUMEM
wings-7283c2a3c493-master-0:807060:808208 [0] NCCL INFO Connected all rings, use ring PXN 0 GDR 1
wings-7283c2a3c493-master-0:807062:808209 [2] NCCL INFO Connected all rings, use ring PXN 0 GDR 1
wings-7283c2a3c493-master-0:807061:808207 [1] NCCL INFO Connected all rings, use ring PXN 0 GDR 1
wings-7283c2a3c493-master-0:807063:808210 [3] NCCL INFO Connected all rings, use ring PXN 0 GDR 1
(Worker pid=807060) (Worker_TP0 pid=807060) /root/.venvs/vtool-r1-v2/lib/python3.10/site-packages/torch/distributed/c10d_logger.py:83: UserWarning: barrier(): using the device under current context. You can specify `device_id` in `init_process_group` to mute this warning.
(Worker pid=807060) (Worker_TP0 pid=807060)   return func(*args, **kwargs)
(Worker pid=807060) (Worker_TP0 pid=807060) [2026-05-17 10:10:50] INFO mnnvl.py:942: [SymmDeviceMemory] Rank: 0, Group size: 4, device_idx: 0, Signal pad offset: 2097152
(Worker pid=807061) (Worker_TP1 pid=807061) [2026-05-17 10:10:50] INFO mnnvl.py:942: [SymmDeviceMemory] Rank: 1, Group size: 4, device_idx: 1, Signal pad offset: 2097152
(Worker pid=807062) (Worker_TP2 pid=807062) [2026-05-17 10:10:50] INFO mnnvl.py:942: [SymmDeviceMemory] Rank: 2, Group size: 4, device_idx: 2, Signal pad offset: 2097152
(Worker pid=807063) (Worker_TP3 pid=807063) [2026-05-17 10:10:50] INFO mnnvl.py:942: [SymmDeviceMemory] Rank: 3, Group size: 4, device_idx: 3, Signal pad offset: 2097152
(Worker pid=807063) (Worker_TP3 pid=807063) [2026-05-17 10:10:50] INFO mnnvl.py:942: [SymmDeviceMemory] Rank: 3, Group size: 4, device_idx: 3, Signal pad offset: 25165824
(Worker pid=807062) (Worker_TP2 pid=807062) [2026-05-17 10:10:50] INFO mnnvl.py:942: [SymmDeviceMemory] Rank: 2, Group size: 4, device_idx: 2, Signal pad offset: 25165824
(Worker pid=807061) (Worker_TP1 pid=807061) [2026-05-17 10:10:50] INFO mnnvl.py:942: [SymmDeviceMemory] Rank: 1, Group size: 4, device_idx: 1, Signal pad offset: 25165824
(Worker pid=807060) (Worker_TP0 pid=807060) [2026-05-17 10:10:50] INFO mnnvl.py:942: [SymmDeviceMemory] Rank: 0, Group size: 4, device_idx: 0, Signal pad offset: 25165824
(Worker pid=807060) (Worker_TP0 pid=807060) rank 0 allocated ipc_handles: [['0x5580000000', '0x55a0000000', '0x55c0000000', '0x55e0000000'], ['0x5600000000', '0x5620000000', '0x5640000000', '0x5660000000'], ['0x5680000000', '0x56a0000000', '0x56c0000000', '0x56e0000000']]
(Worker pid=807062) (Worker_TP2 pid=807062) rank 2 allocated ipc_handles: [['0x5580000000', '0x55a0000000', '0x55c0000000', '0x55e0000000'], ['0x5600000000', '0x5620000000', '0x5640000000', '0x5660000000'], ['0x5680000000', '0x56a0000000', '0x56c0000000', '0x56e0000000']]
(Worker pid=807061) (Worker_TP1 pid=807061) rank 1 allocated ipc_handles: [['0x5580000000', '0x55a0000000', '0x55c0000000', '0x55e0000000'], ['0x5600000000', '0x5620000000', '0x5640000000', '0x5660000000'], ['0x5680000000', '0x56a0000000', '0x56c0000000', '0x56e0000000']]
(Worker pid=807063) (Worker_TP3 pid=807063) rank 3 allocated ipc_handles: [['0x5580000000', '0x55a0000000', '0x55c0000000', '0x55e0000000'], ['0x5600000000', '0x5620000000', '0x5640000000', '0x5660000000'], ['0x5680000000', '0x56a0000000', '0x56c0000000', '0x56e0000000']]
[2026-05-17 10:10:50.648] [info] lamportInitialize start: buffer: 0x5680000000, size: 12582912
[2026-05-17 10:10:50.698] [info] lamportInitialize start: buffer: 0x56c0000000, size: 12582912
(Worker pid=807060) (Worker_TP0 pid=807060) set flag_ptr[3] = lamport_comm_size:  8372224
(Worker pid=807060) (Worker_TP0 pid=807060) Rank 0 workspace[0] 0x5580000000
(Worker pid=807060) (Worker_TP0 pid=807060) Rank 0 workspace[1] 0x55a0000000
(Worker pid=807060) (Worker_TP0 pid=807060) Rank 0 workspace[2] 0x55c0000000
(Worker pid=807060) (Worker_TP0 pid=807060) Rank 0 workspace[3] 0x55e0000000
(Worker pid=807060) (Worker_TP0 pid=807060) Rank 0 workspace[4] 0x5600000000
(Worker pid=807060) (Worker_TP0 pid=807060) Rank 0 workspace[5] 0x5620000000
(Worker pid=807060) (Worker_TP0 pid=807060) Rank 0 workspace[6] 0x5640000000
(Worker pid=807060) (Worker_TP0 pid=807060) Rank 0 workspace[7] 0x5660000000
(Worker pid=807060) (Worker_TP0 pid=807060) Rank 0 workspace[8] 0x5680000000
(Worker pid=807060) (Worker_TP0 pid=807060) Rank 0 workspace[9] 0x56a0000000
(Worker pid=807060) (Worker_TP0 pid=807060) Rank 0 workspace[10] 0x56c0000000
(Worker pid=807060) (Worker_TP0 pid=807060) Rank 0 workspace[11] 0x56e0000000
(Worker pid=807060) (Worker_TP0 pid=807060) Rank 0 workspace[12] 0x7f8e82620a00
(Worker pid=807060) (Worker_TP0 pid=807060) /root/.venvs/vtool-r1-v2/lib/python3.10/site-packages/torch/distributed/c10d_logger.py:83: UserWarning: barrier(): using the device under current context. You can specify `device_id` in `init_process_group` to mute this warning.
(Worker pid=807060) (Worker_TP0 pid=807060)   return func(*args, **kwargs)
(Worker pid=807062) (Worker_TP2 pid=807062) set flag_ptr[3] = lamport_comm_size:  8372224
(Worker pid=807062) (Worker_TP2 pid=807062) Rank 2 workspace[0] 0x5580000000
(Worker pid=807062) (Worker_TP2 pid=807062) Rank 2 workspace[1] 0x55a0000000
(Worker pid=807062) (Worker_TP2 pid=807062) Rank 2 workspace[2] 0x55c0000000
(Worker pid=807062) (Worker_TP2 pid=807062) Rank 2 workspace[3] 0x55e0000000
(Worker pid=807062) (Worker_TP2 pid=807062) Rank 2 workspace[4] 0x5600000000
(Worker pid=807062) (Worker_TP2 pid=807062) Rank 2 workspace[5] 0x5620000000
(Worker pid=807062) (Worker_TP2 pid=807062) Rank 2 workspace[6] 0x5640000000
(Worker pid=807062) (Worker_TP2 pid=807062) Rank 2 workspace[7] 0x5660000000
(Worker pid=807062) (Worker_TP2 pid=807062) Rank 2 workspace[8] 0x5680000000
(Worker pid=807062) (Worker_TP2 pid=807062) Rank 2 workspace[9] 0x56a0000000
(Worker pid=807062) (Worker_TP2 pid=807062) Rank 2 workspace[10] 0x56c0000000
(Worker pid=807062) (Worker_TP2 pid=807062) Rank 2 workspace[11] 0x56e0000000
(Worker pid=807062) (Worker_TP2 pid=807062) Rank 2 workspace[12] 0x7f693a620a00
[2026-05-17 10:10:50.748] [info] lamportInitialize start: buffer: 0x56a0000000, size: 12582912
(Worker pid=807061) (Worker_TP1 pid=807061) set flag_ptr[3] = lamport_comm_size:  8372224
(Worker pid=807061) (Worker_TP1 pid=807061) Rank 1 workspace[0] 0x5580000000
(Worker pid=807061) (Worker_TP1 pid=807061) Rank 1 workspace[1] 0x55a0000000
(Worker pid=807061) (Worker_TP1 pid=807061) Rank 1 workspace[2] 0x55c0000000
(Worker pid=807061) (Worker_TP1 pid=807061) Rank 1 workspace[3] 0x55e0000000
(Worker pid=807061) (Worker_TP1 pid=807061) Rank 1 workspace[4] 0x5600000000
(Worker pid=807061) (Worker_TP1 pid=807061) Rank 1 workspace[5] 0x5620000000
(Worker pid=807061) (Worker_TP1 pid=807061) Rank 1 workspace[6] 0x5640000000
(Worker pid=807061) (Worker_TP1 pid=807061) Rank 1 workspace[7] 0x5660000000
(Worker pid=807061) (Worker_TP1 pid=807061) Rank 1 workspace[8] 0x5680000000
(Worker pid=807061) (Worker_TP1 pid=807061) Rank 1 workspace[9] 0x56a0000000
(Worker pid=807061) (Worker_TP1 pid=807061) Rank 1 workspace[10] 0x56c0000000
(Worker pid=807061) (Worker_TP1 pid=807061) Rank 1 workspace[11] 0x56e0000000
(Worker pid=807061) (Worker_TP1 pid=807061) Rank 1 workspace[12] 0x7f784e620a00
[2026-05-17 10:10:50.799] [info] lamportInitialize start: buffer: 0x56e0000000, size: 12582912
(Worker pid=807063) (Worker_TP3 pid=807063) set flag_ptr[3] = lamport_comm_size:  8372224
(Worker pid=807063) (Worker_TP3 pid=807063) Rank 3 workspace[0] 0x5580000000
(Worker pid=807063) (Worker_TP3 pid=807063) Rank 3 workspace[1] 0x55a0000000
(Worker pid=807063) (Worker_TP3 pid=807063) Rank 3 workspace[2] 0x55c0000000
(Worker pid=807063) (Worker_TP3 pid=807063) Rank 3 workspace[3] 0x55e0000000
(Worker pid=807063) (Worker_TP3 pid=807063) Rank 3 workspace[4] 0x5600000000
(Worker pid=807063) (Worker_TP3 pid=807063) Rank 3 workspace[5] 0x5620000000
(Worker pid=807063) (Worker_TP3 pid=807063) Rank 3 workspace[6] 0x5640000000
(Worker pid=807063) (Worker_TP3 pid=807063) Rank 3 workspace[7] 0x5660000000
(Worker pid=807063) (Worker_TP3 pid=807063) Rank 3 workspace[8] 0x5680000000
(Worker pid=807063) (Worker_TP3 pid=807063) Rank 3 workspace[9] 0x56a0000000
(Worker pid=807063) (Worker_TP3 pid=807063) Rank 3 workspace[10] 0x56c0000000
(Worker pid=807063) (Worker_TP3 pid=807063) Rank 3 workspace[11] 0x56e0000000
(Worker pid=807063) (Worker_TP3 pid=807063) Rank 3 workspace[12] 0x7fdd7a620a00
(Worker pid=807060) (Worker_TP0 pid=807060) INFO 05-17 10:10:52 [backends.py:266] Directly load the compiled graph(s) for compile range (293, 8192) from the cache, took 1.347 s
(Worker pid=807060) (Worker_TP0 pid=807060) INFO 05-17 10:10:53 [gpu_worker.py:424] Available KV cache memory: 46.52 GiB
(EngineCore_DP0 pid=806795) INFO 05-17 10:10:53 [kv_cache_utils.py:1314] GPU KV cache size: 3,484,544 tokens
(EngineCore_DP0 pid=806795) INFO 05-17 10:10:53 [kv_cache_utils.py:1319] Maximum concurrency for 32,768 tokens per request: 106.34x
(Worker pid=807060) (Worker_TP0 pid=807060) 2026-05-17 10:10:53,471 - INFO - autotuner.py:256 - flashinfer.jit: [Autotuner]: Autotuning process starts ...
(Worker pid=807062) (Worker_TP2 pid=807062) 2026-05-17 10:10:53,471 - INFO - autotuner.py:256 - flashinfer.jit: [Autotuner]: Autotuning process starts ...
(Worker pid=807063) (Worker pid=807061) (Worker_TP3 pid=807063) (Worker_TP1 pid=807061) 2026-05-17 10:10:53,471 - INFO - autotuner.py:256 - flashinfer.jit: [Autotuner]: Autotuning process starts ...
2026-05-17 10:10:53,471 - INFO - autotuner.py:256 - flashinfer.jit: [Autotuner]: Autotuning process starts ...
(Worker pid=807060) (Worker_TP0 pid=807060) 2026-05-17 10:10:53,486 - INFO - autotuner.py:262 - flashinfer.jit: [Autotuner]: Autotuning process ends
(Worker pid=807062) (Worker_TP2 pid=807062) 2026-05-17 10:10:53,486 - INFO - autotuner.py:262 - flashinfer.jit: [Autotuner]: Autotuning process ends
(Worker pid=807061) (Worker_TP1 pid=807061) 2026-05-17 10:10:53,487 - INFO - autotuner.py:262 - flashinfer.jit: [Autotuner]: Autotuning process ends
(Worker pid=807063) (Worker_TP3 pid=807063) 2026-05-17 10:10:53,487 - INFO - autotuner.py:262 - flashinfer.jit: [Autotuner]: Autotuning process ends
(Worker pid=807060) (Worker_TP0 pid=807060) Capturing CUDA graphs (mixed prefill-decode, PIECEWISE):   0%|          | 0/51 [00:00<?, ?it/s]Capturing CUDA graphs (mixed prefill-decode, PIECEWISE):   4%|▍         | 2/51 [00:00<00:02, 19.99it/s]Capturing CUDA graphs (mixed prefill-decode, PIECEWISE):  10%|▉         | 5/51 [00:00<00:01, 23.18it/s]Capturing CUDA graphs (mixed prefill-decode, PIECEWISE):  16%|█▌        | 8/51 [00:00<00:01, 23.81it/s]Capturing CUDA graphs (mixed prefill-decode, PIECEWISE):  22%|██▏       | 11/51 [00:00<00:01, 24.05it/s]Capturing CUDA graphs (mixed prefill-decode, PIECEWISE):  27%|██▋       | 14/51 [00:00<00:01, 24.17it/s](Worker pid=807060) (Worker_TP0 pid=807060) INFO 05-17 10:10:55 [backends.py:266] Directly load the compiled graph(s) for compile range (1, 292) from the cache, took 1.315 s
(Worker pid=807060) (Worker_TP0 pid=807060) INFO 05-17 10:10:55 [monitor.py:35] torch.compile takes 8.05 s in total
Capturing CUDA graphs (mixed prefill-decode, PIECEWISE):  33%|███▎      | 17/51 [00:02<00:06,  5.10it/s]Capturing CUDA graphs (mixed prefill-decode, PIECEWISE):  39%|███▉      | 20/51 [00:02<00:04,  6.81it/s]Capturing CUDA graphs (mixed prefill-decode, PIECEWISE):  45%|████▌     | 23/51 [00:02<00:03,  8.72it/s]Capturing CUDA graphs (mixed prefill-decode, PIECEWISE):  51%|█████     | 26/51 [00:02<00:02, 10.76it/s]Capturing CUDA graphs (mixed prefill-decode, PIECEWISE):  57%|█████▋    | 29/51 [00:02<00:01, 12.81it/s]Capturing CUDA graphs (mixed prefill-decode, PIECEWISE):  63%|██████▎   | 32/51 [00:02<00:01, 14.83it/s]Capturing CUDA graphs (mixed prefill-decode, PIECEWISE):  69%|██████▊   | 35/51 [00:02<00:01, 14.28it/s]Capturing CUDA graphs (mixed prefill-decode, PIECEWISE):  75%|███████▍  | 38/51 [00:03<00:00, 15.52it/s]Capturing CUDA graphs (mixed prefill-decode, PIECEWISE):  78%|███████▊  | 40/51 [00:03<00:00, 16.34it/s]Capturing CUDA graphs (mixed prefill-decode, PIECEWISE):  84%|████████▍ | 43/51 [00:03<00:00, 17.99it/s]Capturing CUDA graphs (mixed prefill-decode, PIECEWISE):  90%|█████████ | 46/51 [00:03<00:00, 19.18it/s]Capturing CUDA graphs (mixed prefill-decode, PIECEWISE):  96%|█████████▌| 49/51 [00:03<00:00, 20.19it/s]Capturing CUDA graphs (mixed prefill-decode, PIECEWISE): 100%|██████████| 51/51 [00:03<00:00, 13.82it/s]
(Worker pid=807060) (Worker_TP0 pid=807060) Capturing CUDA graphs (decode, FULL):   0%|          | 0/51 [00:00<?, ?it/s]Capturing CUDA graphs (decode, FULL):   8%|▊         | 4/51 [00:00<00:01, 37.26it/s]Capturing CUDA graphs (decode, FULL):  16%|█▌        | 8/51 [00:00<00:01, 25.21it/s]Capturing CUDA graphs (decode, FULL):  24%|██▎       | 12/51 [00:00<00:01, 27.38it/s]Capturing CUDA graphs (decode, FULL):  31%|███▏      | 16/51 [00:00<00:01, 30.68it/s]Capturing CUDA graphs (decode, FULL):  39%|███▉      | 20/51 [00:00<00:00, 32.06it/s]Capturing CUDA graphs (decode, FULL):  47%|████▋     | 24/51 [00:00<00:00, 33.11it/s]Capturing CUDA graphs (decode, FULL):  55%|█████▍    | 28/51 [00:00<00:00, 33.86it/s]Capturing CUDA graphs (decode, FULL):  63%|██████▎   | 32/51 [00:00<00:00, 34.34it/s]Capturing CUDA graphs (decode, FULL):  71%|███████   | 36/51 [00:01<00:00, 35.15it/s]Capturing CUDA graphs (decode, FULL):  78%|███████▊  | 40/51 [00:01<00:00, 34.80it/s]Capturing CUDA graphs (decode, FULL):  86%|████████▋ | 44/51 [00:01<00:00, 28.55it/s]Capturing CUDA graphs (decode, FULL):  94%|█████████▍| 48/51 [00:01<00:00, 30.44it/s]Capturing CUDA graphs (decode, FULL): 100%|██████████| 51/51 [00:01<00:00, 31.73it/s]
(Worker pid=807063) (Worker_TP3 pid=807063) INFO 05-17 10:10:59 [custom_all_reduce.py:216] Registering 1568 cuda graph addresses
(Worker pid=807060) (Worker_TP0 pid=807060) INFO 05-17 10:10:59 [custom_all_reduce.py:216] Registering 1568 cuda graph addresses
(Worker pid=807061) (Worker_TP1 pid=807061) INFO 05-17 10:10:59 [custom_all_reduce.py:216] Registering 1568 cuda graph addresses
(Worker pid=807062) (Worker_TP2 pid=807062) INFO 05-17 10:10:59 [custom_all_reduce.py:216] Registering 1568 cuda graph addresses
(Worker pid=807060) (Worker_TP0 pid=807060) INFO 05-17 10:10:59 [gpu_model_runner.py:5386] Graph capturing finished in 6 secs, took 0.16 GiB
(EngineCore_DP0 pid=806795) INFO 05-17 10:10:59 [core.py:282] init engine (profile, create kv cache, warmup model) took 16.36 seconds
(EngineCore_DP0 pid=806795) The image processor of type `Qwen2VLImageProcessor` is now loaded as a fast processor by default, even if the model checkpoint was saved with a slow processor. This is a breaking change and may produce slightly different outputs. To continue using the slow processor, instantiate this class with `use_fast=False`. Note that this behavior will be extended to all models in a future release.
(EngineCore_DP0 pid=806795) INFO 05-17 10:11:02 [vllm.py:747] Asynchronous scheduling is enabled.
(EngineCore_DP0 pid=806795) <frozen importlib._bootstrap_external>:1184: FutureWarning: The cuda.cudart module is deprecated and will be removed in a future release, please switch to use the cuda.bindings.runtime module instead.
(EngineCore_DP0 pid=806795) <frozen importlib._bootstrap_external>:1184: FutureWarning: The cuda.nvrtc module is deprecated and will be removed in a future release, please switch to use the cuda.bindings.nvrtc module instead.
(APIServer pid=806501) INFO 05-17 10:11:03 [api_server.py:495] Supported tasks: ['generate']
(APIServer pid=806501) WARNING 05-17 10:11:03 [model.py:1355] Default vLLM sampling parameters have been overridden by the model's `generation_config.json`: `{'repetition_penalty': 1.05, 'temperature': 1e-06}`. If this is not intended, please relaunch vLLM instance with `--generation-config vllm`.
(APIServer pid=806501) INFO 05-17 10:11:03 [serving.py:185] Warming up chat template processing...
(APIServer pid=806501) INFO 05-17 10:11:03 [hf.py:318] Detected the chat template content format to be 'openai'. You can set `--chat-template-content-format` to override this.
(APIServer pid=806501) INFO 05-17 10:11:03 [serving.py:210] Chat template warmup completed in 48.4ms
(APIServer pid=806501) INFO 05-17 10:11:03 [api_server.py:500] Starting vLLM API server 0 on http://127.0.0.1:18080
(APIServer pid=806501) INFO 05-17 10:11:03 [launcher.py:38] Available routes are:
(APIServer pid=806501) INFO 05-17 10:11:03 [launcher.py:47] Route: /openapi.json, Methods: HEAD, GET
(APIServer pid=806501) INFO 05-17 10:11:03 [launcher.py:47] Route: /docs, Methods: HEAD, GET
(APIServer pid=806501) INFO 05-17 10:11:03 [launcher.py:47] Route: /docs/oauth2-redirect, Methods: HEAD, GET
(APIServer pid=806501) INFO 05-17 10:11:03 [launcher.py:47] Route: /redoc, Methods: HEAD, GET
(APIServer pid=806501) INFO 05-17 10:11:03 [launcher.py:47] Route: /tokenize, Methods: POST
(APIServer pid=806501) INFO 05-17 10:11:03 [launcher.py:47] Route: /detokenize, Methods: POST
(APIServer pid=806501) INFO 05-17 10:11:03 [launcher.py:47] Route: /load, Methods: GET
(APIServer pid=806501) INFO 05-17 10:11:03 [launcher.py:47] Route: /version, Methods: GET
(APIServer pid=806501) INFO 05-17 10:11:03 [launcher.py:47] Route: /health, Methods: GET
(APIServer pid=806501) INFO 05-17 10:11:03 [launcher.py:47] Route: /metrics, Methods: GET
(APIServer pid=806501) INFO 05-17 10:11:03 [launcher.py:47] Route: /v1/models, Methods: GET
(APIServer pid=806501) INFO 05-17 10:11:03 [launcher.py:47] Route: /ping, Methods: GET
(APIServer pid=806501) INFO 05-17 10:11:03 [launcher.py:47] Route: /ping, Methods: POST
(APIServer pid=806501) INFO 05-17 10:11:03 [launcher.py:47] Route: /invocations, Methods: POST
(APIServer pid=806501) INFO 05-17 10:11:03 [launcher.py:47] Route: /v1/chat/completions, Methods: POST
(APIServer pid=806501) INFO 05-17 10:11:03 [launcher.py:47] Route: /v1/chat/completions/render, Methods: POST
(APIServer pid=806501) INFO 05-17 10:11:03 [launcher.py:47] Route: /v1/responses, Methods: POST
(APIServer pid=806501) INFO 05-17 10:11:03 [launcher.py:47] Route: /v1/responses/{response_id}, Methods: GET
(APIServer pid=806501) INFO 05-17 10:11:03 [launcher.py:47] Route: /v1/responses/{response_id}/cancel, Methods: POST
(APIServer pid=806501) INFO 05-17 10:11:03 [launcher.py:47] Route: /v1/completions, Methods: POST
(APIServer pid=806501) INFO 05-17 10:11:03 [launcher.py:47] Route: /v1/completions/render, Methods: POST
(APIServer pid=806501) INFO 05-17 10:11:03 [launcher.py:47] Route: /v1/messages, Methods: POST
(APIServer pid=806501) INFO 05-17 10:11:03 [launcher.py:47] Route: /v1/messages/count_tokens, Methods: POST
(APIServer pid=806501) INFO 05-17 10:11:03 [launcher.py:47] Route: /inference/v1/generate, Methods: POST
(APIServer pid=806501) INFO 05-17 10:11:03 [launcher.py:47] Route: /scale_elastic_ep, Methods: POST
(APIServer pid=806501) INFO 05-17 10:11:03 [launcher.py:47] Route: /is_scaling_elastic_ep, Methods: POST
(APIServer pid=806501) INFO:     Started server process [806501]
(APIServer pid=806501) INFO:     Waiting for application startup.
(APIServer pid=806501) INFO:     Application startup complete.
(APIServer pid=806501) INFO:     127.0.0.1:52616 - "GET /v1/models HTTP/1.1" 200 OK
(APIServer pid=806501) INFO:     127.0.0.1:52632 - "POST /v1/chat/completions HTTP/1.1" 200 OK
(APIServer pid=806501) INFO:     127.0.0.1:52648 - "POST /v1/chat/completions HTTP/1.1" 200 OK
(APIServer pid=806501) INFO:     127.0.0.1:52662 - "POST /v1/chat/completions HTTP/1.1" 200 OK
(APIServer pid=806501) INFO:     127.0.0.1:52668 - "POST /v1/chat/completions HTTP/1.1" 200 OK
(APIServer pid=806501) INFO 05-17 10:11:13 [loggers.py:259] Engine 000: Avg prompt throughput: 1292.3 tokens/s, Avg generation throughput: 15.3 tokens/s, Running: 0 reqs, Waiting: 0 reqs, GPU KV cache usage: 0.0%, Prefix cache hit rate: 44.0%, MM cache hit rate: 28.6%
(APIServer pid=806501) INFO:     127.0.0.1:52678 - "POST /v1/chat/completions HTTP/1.1" 200 OK
(APIServer pid=806501) INFO:     127.0.0.1:47476 - "POST /v1/chat/completions HTTP/1.1" 200 OK
(APIServer pid=806501) INFO:     127.0.0.1:47490 - "POST /v1/chat/completions HTTP/1.1" 200 OK
(APIServer pid=806501) INFO:     127.0.0.1:47498 - "POST /v1/chat/completions HTTP/1.1" 200 OK
(APIServer pid=806501) INFO:     127.0.0.1:47502 - "POST /v1/chat/completions HTTP/1.1" 200 OK
(APIServer pid=806501) INFO:     127.0.0.1:47510 - "POST /v1/chat/completions HTTP/1.1" 200 OK
(APIServer pid=806501) INFO:     127.0.0.1:47512 - "POST /v1/chat/completions HTTP/1.1" 200 OK
(APIServer pid=806501) INFO:     127.0.0.1:47524 - "POST /v1/chat/completions HTTP/1.1" 200 OK
(APIServer pid=806501) INFO:     127.0.0.1:47530 - "POST /v1/chat/completions HTTP/1.1" 200 OK
(APIServer pid=806501) INFO:     127.0.0.1:47540 - "POST /v1/chat/completions HTTP/1.1" 200 OK
(APIServer pid=806501) INFO:     127.0.0.1:47552 - "POST /v1/chat/completions HTTP/1.1" 200 OK
(APIServer pid=806501) INFO:     127.0.0.1:47554 - "POST /v1/chat/completions HTTP/1.1" 200 OK
(APIServer pid=806501) INFO:     127.0.0.1:47558 - "POST /v1/chat/completions HTTP/1.1" 200 OK
(APIServer pid=806501) INFO 05-17 10:11:23 [loggers.py:259] Engine 000: Avg prompt throughput: 3518.0 tokens/s, Avg generation throughput: 53.0 tokens/s, Running: 0 reqs, Waiting: 0 reqs, GPU KV cache usage: 0.0%, Prefix cache hit rate: 49.7%, MM cache hit rate: 31.2%
(APIServer pid=806501) INFO:     127.0.0.1:47560 - "POST /v1/chat/completions HTTP/1.1" 200 OK
(APIServer pid=806501) INFO:     127.0.0.1:47574 - "POST /v1/chat/completions HTTP/1.1" 200 OK
(APIServer pid=806501) INFO:     127.0.0.1:33074 - "POST /v1/chat/completions HTTP/1.1" 200 OK
(APIServer pid=806501) INFO:     127.0.0.1:33086 - "POST /v1/chat/completions HTTP/1.1" 200 OK
(APIServer pid=806501) INFO:     127.0.0.1:33098 - "POST /v1/chat/completions HTTP/1.1" 200 OK
(APIServer pid=806501) INFO:     127.0.0.1:33110 - "POST /v1/chat/completions HTTP/1.1" 200 OK
(APIServer pid=806501) INFO:     127.0.0.1:33114 - "POST /v1/chat/completions HTTP/1.1" 200 OK
(APIServer pid=806501) INFO:     127.0.0.1:33116 - "POST /v1/chat/completions HTTP/1.1" 200 OK
(APIServer pid=806501) INFO:     127.0.0.1:33122 - "POST /v1/chat/completions HTTP/1.1" 200 OK
(APIServer pid=806501) INFO:     127.0.0.1:33124 - "POST /v1/chat/completions HTTP/1.1" 200 OK
(APIServer pid=806501) INFO 05-17 10:11:32 [launcher.py:122] Shutting down FastAPI HTTP server.
(Worker pid=807060) (Worker pid=807061) (Worker pid=807062) (Worker_TP0 pid=807060) INFO 05-17 10:11:32 [multiproc_executor.py:749] Parent process exited, terminating worker
(Worker_TP2 pid=807062) INFO 05-17 10:11:32 [multiproc_executor.py:749] Parent process exited, terminating worker
(Worker_TP1 pid=807061) INFO 05-17 10:11:32 [multiproc_executor.py:749] Parent process exited, terminating worker
(Worker pid=807063) (Worker_TP3 pid=807063) INFO 05-17 10:11:32 [multiproc_executor.py:749] Parent process exited, terminating worker
(Worker pid=807060) (Worker pid=807062) (Worker_TP0 pid=807060) (Worker_TP2 pid=807062) INFO 05-17 10:11:32 [multiproc_executor.py:802] WorkerProc shutting down.
INFO 05-17 10:11:32 [multiproc_executor.py:802] WorkerProc shutting down.
(Worker pid=807061) (Worker_TP1 pid=807061) INFO 05-17 10:11:32 [multiproc_executor.py:802] WorkerProc shutting down.
(Worker pid=807063) (Worker_TP3 pid=807063) INFO 05-17 10:11:32 [multiproc_executor.py:802] WorkerProc shutting down.
wings-7283c2a3c493-master-0:807062:807062 [2] NCCL INFO comm 0x562fae17f650 rank 2 nranks 4 cudaDev 2 busId 19000 - Destroy COMPLETE
wings-7283c2a3c493-master-0:807060:807060 [0] NCCL INFO comm 0x561f67334590 rank 0 nranks 4 cudaDev 0 busId c000 - Destroy COMPLETE
wings-7283c2a3c493-master-0:807061:807061 [1] NCCL INFO comm 0x55b9d09808f0 rank 1 nranks 4 cudaDev 1 busId 13000 - Destroy COMPLETE
wings-7283c2a3c493-master-0:807063:807063 [3] NCCL INFO comm 0x557777964aa0 rank 3 nranks 4 cudaDev 3 busId 67000 - Destroy COMPLETE
(Worker pid=807063) (Worker_TP3 pid=807063) Exception ignored in: <function AllReduceFusionWorkspace.__del__ at 0x7fe2b00ad870>
(Worker pid=807063) (Worker_TP3 pid=807063) Traceback (most recent call last):
(Worker pid=807063) (Worker_TP3 pid=807063)   File "/root/.venvs/vtool-r1-v2/lib/python3.10/site-packages/flashinfer/comm/workspace_base.py", line 72, in __del__
(Worker pid=807063) (Worker_TP3 pid=807063) ImportError: sys.meta_path is None, Python is likely shutting down
(Worker pid=807060) (Worker_TP0 pid=807060) Exception ignored in: <function AllReduceFusionWorkspace.__del__ at 0x7f93a8b15870>
(Worker pid=807060) (Worker_TP0 pid=807060) Traceback (most recent call last):
(Worker pid=807060) (Worker_TP0 pid=807060)   File "/root/.venvs/vtool-r1-v2/lib/python3.10/site-packages/flashinfer/comm/workspace_base.py", line 72, in __del__
(Worker pid=807060) (Worker_TP0 pid=807060) ImportError: sys.meta_path is None, Python is likely shutting down
(Worker pid=807062) (Worker_TP2 pid=807062) Exception ignored in: <function AllReduceFusionWorkspace.__del__ at 0x7f6e60419870>
(Worker pid=807062) (Worker_TP2 pid=807062) Traceback (most recent call last):
(Worker pid=807062) (Worker_TP2 pid=807062)   File "/root/.venvs/vtool-r1-v2/lib/python3.10/site-packages/flashinfer/comm/workspace_base.py", line 72, in __del__
(Worker pid=807062) (Worker_TP2 pid=807062) ImportError: sys.meta_path is None, Python is likely shutting down
(Worker pid=807061) (Worker_TP1 pid=807061) Exception ignored in: <function AllReduceFusionWorkspace.__del__ at 0x7f7d78621870>
(Worker pid=807061) (Worker_TP1 pid=807061) Traceback (most recent call last):
(Worker pid=807061) (Worker_TP1 pid=807061)   File "/root/.venvs/vtool-r1-v2/lib/python3.10/site-packages/flashinfer/comm/workspace_base.py", line 72, in __del__
(Worker pid=807061) (Worker_TP1 pid=807061) ImportError: sys.meta_path is None, Python is likely shutting down
wings-7283c2a3c493-master-0:807062:807222 [2] NCCL INFO [Service thread] Connection closed by localRank 3
wings-7283c2a3c493-master-0:807060:807218 [0] NCCL INFO [Service thread] Connection closed by localRank 3
(APIServer pid=806501) INFO:     Shutting down
(APIServer pid=806501) INFO 05-17 10:11:35 [loggers.py:259] Engine 000: Avg prompt throughput: 2499.7 tokens/s, Avg generation throughput: 37.6 tokens/s, Running: 0 reqs, Waiting: 0 reqs, GPU KV cache usage: 0.0%, Prefix cache hit rate: 50.7%, MM cache hit rate: 29.8%
(APIServer pid=806501) INFO:     Waiting for application shutdown.
(APIServer pid=806501) INFO:     Application shutdown complete.
