wings-7283c2a3c493-master-0:803860:805027 [1] NCCL INFO Assigned NET plugin NCCL RDMA Plugin v9 to comm
wings-7283c2a3c493-master-0:803860:805027 [1] NCCL INFO Using network NCCL RDMA Plugin v9
wings-7283c2a3c493-master-0:803860:805027 [1] NCCL INFO DMA-BUF is available on GPU device 1
wings-7283c2a3c493-master-0:803860:805027 [1] NCCL INFO ncclCommInitRankConfig comm 0x5610589658e0 rank 1 nranks 4 cudaDev 1 nvmlDev 1 busId 13000 commId 0x2b69cc52e98af54c - Init START
(Worker pid=803862) (Worker_TP3 pid=803862) INFO 05-17 10:07:38 [decorators.py:465] Directly load AOT compilation from path /root/.cache/vllm/torch_compile_cache/torch_aot_compile/97de1f8e643e55a507c2e2ba9e371b373785fc37ce2542d5a83ac9ba2ab32b04/rank_3_0/model
(Worker pid=803862) (Worker_TP3 pid=803862) [2026-05-17 10:07:38] INFO mnnvl.py:942: [SymmDeviceMemory] Rank: 3, Group size: 4, device_idx: 3, Signal pad offset: 8388608
wings-7283c2a3c493-master-0:803862:803862 [3] NCCL INFO Comm config Blocking set to 1
wings-7283c2a3c493-master-0:803862:805028 [3] NCCL INFO Assigned NET plugin NCCL RDMA Plugin v9 to comm
wings-7283c2a3c493-master-0:803862:805028 [3] NCCL INFO Using network NCCL RDMA Plugin v9
wings-7283c2a3c493-master-0:803862:805028 [3] NCCL INFO DMA-BUF is available on GPU device 3
wings-7283c2a3c493-master-0:803862:805028 [3] NCCL INFO ncclCommInitRankConfig comm 0x5572e6768a50 rank 3 nranks 4 cudaDev 3 nvmlDev 3 busId 67000 commId 0x2b69cc52e98af54c - Init START
wings-7283c2a3c493-master-0:803862:805028 [3] NCCL INFO Bootstrap timings total 0.000316 (create 0.000025, send 0.000064, recv 0.000088, ring 0.000057, delay 0.000000)
wings-7283c2a3c493-master-0:803859:805026 [0] NCCL INFO Bootstrap timings total 0.170342 (create 0.000015, send 0.000075, recv 0.051725, ring 0.000032, delay 0.000000)
wings-7283c2a3c493-master-0:803860:805027 [1] NCCL INFO Bootstrap timings total 0.118690 (create 0.000018, send 0.000075, recv 0.000072, ring 0.118430, delay 0.000000)
wings-7283c2a3c493-master-0:803861:805025 [2] NCCL INFO Bootstrap timings total 0.170426 (create 0.000019, send 0.000063, recv 0.170188, ring 0.000044, delay 0.000000)
wings-7283c2a3c493-master-0:803862:805028 [3] NCCL INFO MNNVL busId 0x67000 fabric UUID 0.0 cliqueId 0x0 state 3 healthMask 0x0
wings-7283c2a3c493-master-0:803859:805026 [0] NCCL INFO MNNVL busId 0xc000 fabric UUID 0.0 cliqueId 0x0 state 3 healthMask 0x0
wings-7283c2a3c493-master-0:803860:805027 [1] NCCL INFO MNNVL busId 0x13000 fabric UUID 0.0 cliqueId 0x0 state 3 healthMask 0x0
wings-7283c2a3c493-master-0:803861:805025 [2] NCCL INFO MNNVL busId 0x19000 fabric UUID 0.0 cliqueId 0x0 state 3 healthMask 0x0
wings-7283c2a3c493-master-0:803859:805026 [0] NCCL INFO Setting affinity for GPU 0 to 0-23,96-119
wings-7283c2a3c493-master-0:803862:805028 [3] NCCL INFO Setting affinity for GPU 3 to 24-47,120-143
wings-7283c2a3c493-master-0:803861:805025 [2] NCCL INFO Setting affinity for GPU 2 to 0-23,96-119
wings-7283c2a3c493-master-0:803860:805027 [1] NCCL INFO Setting affinity for GPU 1 to 0-23,96-119
wings-7283c2a3c493-master-0:803859:805026 [0] NCCL INFO comm 0x55d29e117820 rank 0 nRanks 4 nNodes 1 localRanks 4 localRank 0 MNNVL 0
wings-7283c2a3c493-master-0:803860:805027 [1] NCCL INFO comm 0x5610589658e0 rank 1 nRanks 4 nNodes 1 localRanks 4 localRank 1 MNNVL 0
wings-7283c2a3c493-master-0:803862:805028 [3] NCCL INFO comm 0x5572e6768a50 rank 3 nRanks 4 nNodes 1 localRanks 4 localRank 3 MNNVL 0
wings-7283c2a3c493-master-0:803859:805026 [0] NCCL INFO Channel 00/24 : 0 1 2 3
wings-7283c2a3c493-master-0:803861:805025 [2] NCCL INFO comm 0x55da03764c10 rank 2 nRanks 4 nNodes 1 localRanks 4 localRank 2 MNNVL 0
wings-7283c2a3c493-master-0:803859:805026 [0] NCCL INFO Channel 01/24 : 0 1 2 3
wings-7283c2a3c493-master-0:803859:805026 [0] NCCL INFO Channel 02/24 : 0 1 2 3
wings-7283c2a3c493-master-0:803859:805026 [0] NCCL INFO Channel 03/24 : 0 1 2 3
wings-7283c2a3c493-master-0:803859:805026 [0] NCCL INFO Channel 04/24 : 0 1 2 3
wings-7283c2a3c493-master-0:803860:805027 [1] NCCL INFO Trees [0] 2/-1/-1->1->0 [1] 2/-1/-1->1->0 [2] 2/-1/-1->1->0 [3] 2/-1/-1->1->0 [4] 2/-1/-1->1->0 [5] 2/-1/-1->1->0 [6] 2/-1/-1->1->0 [7] 2/-1/-1->1->0 [8] 2/-1/-1->1->0 [9] 2/-1/-1->1->0 [10] 2/-1/-1->1->0 [11] 2/-1/-1->1->0 [12] 2/-1/-1->1->0 [13] 2/-1/-1->1->0 [14] 2/-1/-1->1->0 [15] 2/-1/-1->1->0 [16] 2/-1/-1->1->0 [17] 2/-1/-1->1->0 [18] 2/-1/-1->1->0 [19] 2/-1/-1->1->0 [20] 2/-1/-1->1->0 [21] 2/-1/-1->1->0 [22] 2/-1/-1->1->0 [23] 2/-1/-1->1->0
wings-7283c2a3c493-master-0:803859:805026 [0] NCCL INFO Channel 05/24 : 0 1 2 3
wings-7283c2a3c493-master-0:803862:805028 [3] NCCL INFO Trees [0] -1/-1/-1->3->2 [1] -1/-1/-1->3->2 [2] -1/-1/-1->3->2 [3] -1/-1/-1->3->2 [4] -1/-1/-1->3->2 [5] -1/-1/-1->3->2 [6] -1/-1/-1->3->2 [7] -1/-1/-1->3->2 [8] -1/-1/-1->3->2 [9] -1/-1/-1->3->2 [10] -1/-1/-1->3->2 [11] -1/-1/-1->3->2 [12] -1/-1/-1->3->2 [13] -1/-1/-1->3->2 [14] -1/-1/-1->3->2 [15] -1/-1/-1->3->2 [16] -1/-1/-1->3->2 [17] -1/-1/-1->3->2 [18] -1/-1/-1->3->2 [19] -1/-1/-1->3->2 [20] -1/-1/-1->3->2 [21] -1/-1/-1->3->2 [22] -1/-1/-1->3->2 [23] -1/-1/-1->3->2
wings-7283c2a3c493-master-0:803860:805027 [1] NCCL INFO P2P Chunksize set to 524288
wings-7283c2a3c493-master-0:803859:805026 [0] NCCL INFO Channel 06/24 : 0 1 2 3
wings-7283c2a3c493-master-0:803862:805028 [3] NCCL INFO P2P Chunksize set to 524288
wings-7283c2a3c493-master-0:803859:805026 [0] NCCL INFO Channel 07/24 : 0 1 2 3
wings-7283c2a3c493-master-0:803861:805025 [2] NCCL INFO Trees [0] 3/-1/-1->2->1 [1] 3/-1/-1->2->1 [2] 3/-1/-1->2->1 [3] 3/-1/-1->2->1 [4] 3/-1/-1->2->1 [5] 3/-1/-1->2->1 [6] 3/-1/-1->2->1 [7] 3/-1/-1->2->1 [8] 3/-1/-1->2->1 [9] 3/-1/-1->2->1 [10] 3/-1/-1->2->1 [11] 3/-1/-1->2->1 [12] 3/-1/-1->2->1 [13] 3/-1/-1->2->1 [14] 3/-1/-1->2->1 [15] 3/-1/-1->2->1 [16] 3/-1/-1->2->1 [17] 3/-1/-1->2->1 [18] 3/-1/-1->2->1 [19] 3/-1/-1->2->1 [20] 3/-1/-1->2->1 [21] 3/-1/-1->2->1 [22] 3/-1/-1->2->1 [23] 3/-1/-1->2->1
wings-7283c2a3c493-master-0:803859:805026 [0] NCCL INFO Channel 08/24 : 0 1 2 3
wings-7283c2a3c493-master-0:803861:805025 [2] NCCL INFO P2P Chunksize set to 524288
wings-7283c2a3c493-master-0:803859:805026 [0] NCCL INFO Channel 09/24 : 0 1 2 3
wings-7283c2a3c493-master-0:803859:805026 [0] NCCL INFO Channel 10/24 : 0 1 2 3
wings-7283c2a3c493-master-0:803859:805026 [0] NCCL INFO Channel 11/24 : 0 1 2 3
wings-7283c2a3c493-master-0:803859:805026 [0] NCCL INFO Channel 12/24 : 0 1 2 3
wings-7283c2a3c493-master-0:803859:805026 [0] NCCL INFO Channel 13/24 : 0 1 2 3
wings-7283c2a3c493-master-0:803859:805026 [0] NCCL INFO Channel 14/24 : 0 1 2 3
wings-7283c2a3c493-master-0:803859:805026 [0] NCCL INFO Channel 15/24 : 0 1 2 3
wings-7283c2a3c493-master-0:803859:805026 [0] NCCL INFO Channel 16/24 : 0 1 2 3
wings-7283c2a3c493-master-0:803859:805026 [0] NCCL INFO Channel 17/24 : 0 1 2 3
wings-7283c2a3c493-master-0:803859:805026 [0] NCCL INFO Channel 18/24 : 0 1 2 3
wings-7283c2a3c493-master-0:803859:805026 [0] NCCL INFO Channel 19/24 : 0 1 2 3
wings-7283c2a3c493-master-0:803859:805026 [0] NCCL INFO Channel 20/24 : 0 1 2 3
wings-7283c2a3c493-master-0:803859:805026 [0] NCCL INFO Channel 21/24 : 0 1 2 3
wings-7283c2a3c493-master-0:803859:805026 [0] NCCL INFO Channel 22/24 : 0 1 2 3
wings-7283c2a3c493-master-0:803859:805026 [0] NCCL INFO Channel 23/24 : 0 1 2 3
wings-7283c2a3c493-master-0:803859:805026 [0] NCCL INFO Trees [0] 1/-1/-1->0->-1 [1] 1/-1/-1->0->-1 [2] 1/-1/-1->0->-1 [3] 1/-1/-1->0->-1 [4] 1/-1/-1->0->-1 [5] 1/-1/-1->0->-1 [6] 1/-1/-1->0->-1 [7] 1/-1/-1->0->-1 [8] 1/-1/-1->0->-1 [9] 1/-1/-1->0->-1 [10] 1/-1/-1->0->-1 [11] 1/-1/-1->0->-1 [12] 1/-1/-1->0->-1 [13] 1/-1/-1->0->-1 [14] 1/-1/-1->0->-1 [15] 1/-1/-1->0->-1 [16] 1/-1/-1->0->-1 [17] 1/-1/-1->0->-1 [18] 1/-1/-1->0->-1 [19] 1/-1/-1->0->-1 [20] 1/-1/-1->0->-1 [21] 1/-1/-1->0->-1 [22] 1/-1/-1->0->-1 [23] 1/-1/-1->0->-1
wings-7283c2a3c493-master-0:803859:805026 [0] NCCL INFO P2P Chunksize set to 524288
wings-7283c2a3c493-master-0:803861:805029 [2] NCCL INFO [Proxy Service] Device 2 CPU core 107
wings-7283c2a3c493-master-0:803861:805030 [2] NCCL INFO [Proxy Service UDS] Device 2 CPU core 105
wings-7283c2a3c493-master-0:803859:805026 [0] NCCL INFO Check P2P Type isAllDirectP2p 1 directMode 0
wings-7283c2a3c493-master-0:803859:805031 [0] NCCL INFO [Proxy Service] Device 0 CPU core 103
wings-7283c2a3c493-master-0:803859:805032 [0] NCCL INFO [Proxy Service UDS] Device 0 CPU core 104
wings-7283c2a3c493-master-0:803862:805033 [3] NCCL INFO [Proxy Service] Device 3 CPU core 25
wings-7283c2a3c493-master-0:803862:805034 [3] NCCL INFO [Proxy Service UDS] Device 3 CPU core 26
wings-7283c2a3c493-master-0:803860:805035 [1] NCCL INFO [Proxy Service] Device 1 CPU core 107
wings-7283c2a3c493-master-0:803860:805036 [1] NCCL INFO [Proxy Service UDS] Device 1 CPU core 108
wings-7283c2a3c493-master-0:803861:805025 [2] NCCL INFO threadThresholds 8/8/64 | 32/8/64 | 512 | 512
wings-7283c2a3c493-master-0:803861:805025 [2] NCCL INFO 24 coll channels, 24 collnet channels, 0 nvls channels, 32 p2p channels, 32 p2p channels per peer
wings-7283c2a3c493-master-0:803862:805028 [3] NCCL INFO threadThresholds 8/8/64 | 32/8/64 | 512 | 512
wings-7283c2a3c493-master-0:803862:805028 [3] NCCL INFO 24 coll channels, 24 collnet channels, 0 nvls channels, 32 p2p channels, 32 p2p channels per peer
wings-7283c2a3c493-master-0:803859:805026 [0] NCCL INFO threadThresholds 8/8/64 | 32/8/64 | 512 | 512
wings-7283c2a3c493-master-0:803859:805026 [0] NCCL INFO 24 coll channels, 24 collnet channels, 0 nvls channels, 32 p2p channels, 32 p2p channels per peer
wings-7283c2a3c493-master-0:803859:805026 [0] NCCL INFO CC Off, workFifoBytes 1048576
wings-7283c2a3c493-master-0:803860:805027 [1] NCCL INFO threadThresholds 8/8/64 | 32/8/64 | 512 | 512
wings-7283c2a3c493-master-0:803860:805027 [1] NCCL INFO 24 coll channels, 24 collnet channels, 0 nvls channels, 32 p2p channels, 32 p2p channels per peer
wings-7283c2a3c493-master-0:803859:805026 [0] NCCL INFO ncclCommInitRankConfig comm 0x55d29e117820 rank 0 nranks 4 cudaDev 0 nvmlDev 0 busId c000 commId 0x2b69cc52e98af54c - Init COMPLETE
wings-7283c2a3c493-master-0:803861:805025 [2] NCCL INFO ncclCommInitRankConfig comm 0x55da03764c10 rank 2 nranks 4 cudaDev 2 nvmlDev 2 busId 19000 commId 0x2b69cc52e98af54c - Init COMPLETE
wings-7283c2a3c493-master-0:803859:805026 [0] NCCL INFO Init timings - ncclCommInitRankConfig: rank 0 nranks 4 total 0.26 (kernels 0.00, alloc 0.00, bootstrap 0.17, allgathers 0.02, topo 0.03, graphs 0.01, connections 0.02, rest 0.01)
wings-7283c2a3c493-master-0:803862:805028 [3] NCCL INFO ncclCommInitRankConfig comm 0x5572e6768a50 rank 3 nranks 4 cudaDev 3 nvmlDev 3 busId 67000 commId 0x2b69cc52e98af54c - Init COMPLETE
wings-7283c2a3c493-master-0:803860:805027 [1] NCCL INFO ncclCommInitRankConfig comm 0x5610589658e0 rank 1 nranks 4 cudaDev 1 nvmlDev 1 busId 13000 commId 0x2b69cc52e98af54c - Init COMPLETE
wings-7283c2a3c493-master-0:803861:805025 [2] NCCL INFO Init timings - ncclCommInitRankConfig: rank 2 nranks 4 total 0.26 (kernels 0.00, alloc 0.00, bootstrap 0.17, allgathers 0.02, topo 0.03, graphs 0.01, connections 0.02, rest 0.01)
wings-7283c2a3c493-master-0:803862:805028 [3] NCCL INFO Init timings - ncclCommInitRankConfig: rank 3 nranks 4 total 0.09 (kernels 0.00, alloc 0.00, bootstrap 0.00, allgathers 0.02, topo 0.03, graphs 0.01, connections 0.02, rest 0.01)
wings-7283c2a3c493-master-0:803860:805027 [1] NCCL INFO Init timings - ncclCommInitRankConfig: rank 1 nranks 4 total 0.21 (kernels 0.00, alloc 0.00, bootstrap 0.12, allgathers 0.02, topo 0.03, graphs 0.01, connections 0.02, rest 0.01)
wings-7283c2a3c493-master-0:803862:805038 [3] NCCL INFO Channel 00/0 : 3[3] -> 0[0] via P2P/CUMEM
wings-7283c2a3c493-master-0:803860:805040 [1] NCCL INFO Channel 00/0 : 1[1] -> 2[2] via P2P/CUMEM
wings-7283c2a3c493-master-0:803862:805038 [3] NCCL INFO Channel 01/0 : 3[3] -> 0[0] via P2P/CUMEM
wings-7283c2a3c493-master-0:803860:805040 [1] NCCL INFO Channel 01/0 : 1[1] -> 2[2] via P2P/CUMEM
wings-7283c2a3c493-master-0:803862:805038 [3] NCCL INFO Channel 02/0 : 3[3] -> 0[0] via P2P/CUMEM
wings-7283c2a3c493-master-0:803859:805037 [0] NCCL INFO Channel 00/0 : 0[0] -> 1[1] via P2P/CUMEM
wings-7283c2a3c493-master-0:803860:805040 [1] NCCL INFO Channel 02/0 : 1[1] -> 2[2] via P2P/CUMEM
wings-7283c2a3c493-master-0:803862:805038 [3] NCCL INFO Channel 03/0 : 3[3] -> 0[0] via P2P/CUMEM
wings-7283c2a3c493-master-0:803861:805039 [2] NCCL INFO Channel 00/0 : 2[2] -> 3[3] via P2P/CUMEM
wings-7283c2a3c493-master-0:803859:805037 [0] NCCL INFO Channel 01/0 : 0[0] -> 1[1] via P2P/CUMEM
wings-7283c2a3c493-master-0:803862:805038 [3] NCCL INFO Channel 04/0 : 3[3] -> 0[0] via P2P/CUMEM
wings-7283c2a3c493-master-0:803860:805040 [1] NCCL INFO Channel 03/0 : 1[1] -> 2[2] via P2P/CUMEM
wings-7283c2a3c493-master-0:803859:805037 [0] NCCL INFO Channel 02/0 : 0[0] -> 1[1] via P2P/CUMEM
wings-7283c2a3c493-master-0:803861:805039 [2] NCCL INFO Channel 01/0 : 2[2] -> 3[3] via P2P/CUMEM
wings-7283c2a3c493-master-0:803862:805038 [3] NCCL INFO Channel 05/0 : 3[3] -> 0[0] via P2P/CUMEM
wings-7283c2a3c493-master-0:803859:805037 [0] NCCL INFO Channel 03/0 : 0[0] -> 1[1] via P2P/CUMEM
wings-7283c2a3c493-master-0:803860:805040 [1] NCCL INFO Channel 04/0 : 1[1] -> 2[2] via P2P/CUMEM
wings-7283c2a3c493-master-0:803861:805039 [2] NCCL INFO Channel 02/0 : 2[2] -> 3[3] via P2P/CUMEM
wings-7283c2a3c493-master-0:803862:805038 [3] NCCL INFO Channel 06/0 : 3[3] -> 0[0] via P2P/CUMEM
wings-7283c2a3c493-master-0:803859:805037 [0] NCCL INFO Channel 04/0 : 0[0] -> 1[1] via P2P/CUMEM
wings-7283c2a3c493-master-0:803860:805040 [1] NCCL INFO Channel 05/0 : 1[1] -> 2[2] via P2P/CUMEM
wings-7283c2a3c493-master-0:803861:805039 [2] NCCL INFO Channel 03/0 : 2[2] -> 3[3] via P2P/CUMEM
wings-7283c2a3c493-master-0:803859:805037 [0] NCCL INFO Channel 05/0 : 0[0] -> 1[1] via P2P/CUMEM
wings-7283c2a3c493-master-0:803862:805038 [3] NCCL INFO Channel 07/0 : 3[3] -> 0[0] via P2P/CUMEM
wings-7283c2a3c493-master-0:803860:805040 [1] NCCL INFO Channel 06/0 : 1[1] -> 2[2] via P2P/CUMEM
wings-7283c2a3c493-master-0:803859:805037 [0] NCCL INFO Channel 06/0 : 0[0] -> 1[1] via P2P/CUMEM
wings-7283c2a3c493-master-0:803861:805039 [2] NCCL INFO Channel 04/0 : 2[2] -> 3[3] via P2P/CUMEM
wings-7283c2a3c493-master-0:803862:805038 [3] NCCL INFO Channel 08/0 : 3[3] -> 0[0] via P2P/CUMEM
wings-7283c2a3c493-master-0:803860:805040 [1] NCCL INFO Channel 07/0 : 1[1] -> 2[2] via P2P/CUMEM
wings-7283c2a3c493-master-0:803859:805037 [0] NCCL INFO Channel 07/0 : 0[0] -> 1[1] via P2P/CUMEM
wings-7283c2a3c493-master-0:803861:805039 [2] NCCL INFO Channel 05/0 : 2[2] -> 3[3] via P2P/CUMEM
wings-7283c2a3c493-master-0:803862:805038 [3] NCCL INFO Channel 09/0 : 3[3] -> 0[0] via P2P/CUMEM
wings-7283c2a3c493-master-0:803859:805037 [0] NCCL INFO Channel 08/0 : 0[0] -> 1[1] via P2P/CUMEM
wings-7283c2a3c493-master-0:803861:805039 [2] NCCL INFO Channel 06/0 : 2[2] -> 3[3] via P2P/CUMEM
wings-7283c2a3c493-master-0:803862:805038 [3] NCCL INFO Channel 10/0 : 3[3] -> 0[0] via P2P/CUMEM
wings-7283c2a3c493-master-0:803860:805040 [1] NCCL INFO Channel 08/0 : 1[1] -> 2[2] via P2P/CUMEM
wings-7283c2a3c493-master-0:803859:805037 [0] NCCL INFO Channel 09/0 : 0[0] -> 1[1] via P2P/CUMEM
wings-7283c2a3c493-master-0:803861:805039 [2] NCCL INFO Channel 07/0 : 2[2] -> 3[3] via P2P/CUMEM
wings-7283c2a3c493-master-0:803862:805038 [3] NCCL INFO Channel 11/0 : 3[3] -> 0[0] via P2P/CUMEM
wings-7283c2a3c493-master-0:803860:805040 [1] NCCL INFO Channel 09/0 : 1[1] -> 2[2] via P2P/CUMEM
wings-7283c2a3c493-master-0:803861:805039 [2] NCCL INFO Channel 08/0 : 2[2] -> 3[3] via P2P/CUMEM
wings-7283c2a3c493-master-0:803862:805038 [3] NCCL INFO Channel 12/0 : 3[3] -> 0[0] via P2P/CUMEM
wings-7283c2a3c493-master-0:803859:805037 [0] NCCL INFO Channel 10/0 : 0[0] -> 1[1] via P2P/CUMEM
wings-7283c2a3c493-master-0:803861:805039 [2] NCCL INFO Channel 09/0 : 2[2] -> 3[3] via P2P/CUMEM
wings-7283c2a3c493-master-0:803860:805040 [1] NCCL INFO Channel 10/0 : 1[1] -> 2[2] via P2P/CUMEM
wings-7283c2a3c493-master-0:803859:805037 [0] NCCL INFO Channel 11/0 : 0[0] -> 1[1] via P2P/CUMEM
wings-7283c2a3c493-master-0:803862:805038 [3] NCCL INFO Channel 13/0 : 3[3] -> 0[0] via P2P/CUMEM
wings-7283c2a3c493-master-0:803861:805039 [2] NCCL INFO Channel 10/0 : 2[2] -> 3[3] via P2P/CUMEM
wings-7283c2a3c493-master-0:803860:805040 [1] NCCL INFO Channel 11/0 : 1[1] -> 2[2] via P2P/CUMEM
wings-7283c2a3c493-master-0:803862:805038 [3] NCCL INFO Channel 14/0 : 3[3] -> 0[0] via P2P/CUMEM
wings-7283c2a3c493-master-0:803859:805037 [0] NCCL INFO Channel 12/0 : 0[0] -> 1[1] via P2P/CUMEM
wings-7283c2a3c493-master-0:803861:805039 [2] NCCL INFO Channel 11/0 : 2[2] -> 3[3] via P2P/CUMEM
wings-7283c2a3c493-master-0:803860:805040 [1] NCCL INFO Channel 12/0 : 1[1] -> 2[2] via P2P/CUMEM
wings-7283c2a3c493-master-0:803862:805038 [3] NCCL INFO Channel 15/0 : 3[3] -> 0[0] via P2P/CUMEM
wings-7283c2a3c493-master-0:803859:805037 [0] NCCL INFO Channel 13/0 : 0[0] -> 1[1] via P2P/CUMEM
wings-7283c2a3c493-master-0:803861:805039 [2] NCCL INFO Channel 12/0 : 2[2] -> 3[3] via P2P/CUMEM
wings-7283c2a3c493-master-0:803860:805040 [1] NCCL INFO Channel 13/0 : 1[1] -> 2[2] via P2P/CUMEM
wings-7283c2a3c493-master-0:803862:805038 [3] NCCL INFO Channel 16/0 : 3[3] -> 0[0] via P2P/CUMEM
wings-7283c2a3c493-master-0:803859:805037 [0] NCCL INFO Channel 14/0 : 0[0] -> 1[1] via P2P/CUMEM
wings-7283c2a3c493-master-0:803861:805039 [2] NCCL INFO Channel 13/0 : 2[2] -> 3[3] via P2P/CUMEM
wings-7283c2a3c493-master-0:803860:805040 [1] NCCL INFO Channel 14/0 : 1[1] -> 2[2] via P2P/CUMEM
wings-7283c2a3c493-master-0:803862:805038 [3] NCCL INFO Channel 17/0 : 3[3] -> 0[0] via P2P/CUMEM
wings-7283c2a3c493-master-0:803859:805037 [0] NCCL INFO Channel 15/0 : 0[0] -> 1[1] via P2P/CUMEM
wings-7283c2a3c493-master-0:803860:805040 [1] NCCL INFO Channel 15/0 : 1[1] -> 2[2] via P2P/CUMEM
wings-7283c2a3c493-master-0:803861:805039 [2] NCCL INFO Channel 14/0 : 2[2] -> 3[3] via P2P/CUMEM
wings-7283c2a3c493-master-0:803862:805038 [3] NCCL INFO Channel 18/0 : 3[3] -> 0[0] via P2P/CUMEM
wings-7283c2a3c493-master-0:803861:805039 [2] NCCL INFO Channel 15/0 : 2[2] -> 3[3] via P2P/CUMEM
wings-7283c2a3c493-master-0:803860:805040 [1] NCCL INFO Channel 16/0 : 1[1] -> 2[2] via P2P/CUMEM
wings-7283c2a3c493-master-0:803862:805038 [3] NCCL INFO Channel 19/0 : 3[3] -> 0[0] via P2P/CUMEM
wings-7283c2a3c493-master-0:803859:805037 [0] NCCL INFO Channel 16/0 : 0[0] -> 1[1] via P2P/CUMEM
wings-7283c2a3c493-master-0:803861:805039 [2] NCCL INFO Channel 16/0 : 2[2] -> 3[3] via P2P/CUMEM
wings-7283c2a3c493-master-0:803860:805040 [1] NCCL INFO Channel 17/0 : 1[1] -> 2[2] via P2P/CUMEM
wings-7283c2a3c493-master-0:803862:805038 [3] NCCL INFO Channel 20/0 : 3[3] -> 0[0] via P2P/CUMEM
wings-7283c2a3c493-master-0:803859:805037 [0] NCCL INFO Channel 17/0 : 0[0] -> 1[1] via P2P/CUMEM
wings-7283c2a3c493-master-0:803860:805040 [1] NCCL INFO Channel 18/0 : 1[1] -> 2[2] via P2P/CUMEM
wings-7283c2a3c493-master-0:803861:805039 [2] NCCL INFO Channel 17/0 : 2[2] -> 3[3] via P2P/CUMEM
wings-7283c2a3c493-master-0:803862:805038 [3] NCCL INFO Channel 21/0 : 3[3] -> 0[0] via P2P/CUMEM
wings-7283c2a3c493-master-0:803860:805040 [1] NCCL INFO Channel 19/0 : 1[1] -> 2[2] via P2P/CUMEM
wings-7283c2a3c493-master-0:803861:805039 [2] NCCL INFO Channel 18/0 : 2[2] -> 3[3] via P2P/CUMEM
wings-7283c2a3c493-master-0:803859:805037 [0] NCCL INFO Channel 18/0 : 0[0] -> 1[1] via P2P/CUMEM
wings-7283c2a3c493-master-0:803860:805040 [1] NCCL INFO Channel 20/0 : 1[1] -> 2[2] via P2P/CUMEM
wings-7283c2a3c493-master-0:803861:805039 [2] NCCL INFO Channel 19/0 : 2[2] -> 3[3] via P2P/CUMEM
wings-7283c2a3c493-master-0:803862:805038 [3] NCCL INFO Channel 22/0 : 3[3] -> 0[0] via P2P/CUMEM
wings-7283c2a3c493-master-0:803859:805037 [0] NCCL INFO Channel 19/0 : 0[0] -> 1[1] via P2P/CUMEM
wings-7283c2a3c493-master-0:803860:805040 [1] NCCL INFO Channel 21/0 : 1[1] -> 2[2] via P2P/CUMEM
wings-7283c2a3c493-master-0:803861:805039 [2] NCCL INFO Channel 20/0 : 2[2] -> 3[3] via P2P/CUMEM
wings-7283c2a3c493-master-0:803862:805038 [3] NCCL INFO Channel 23/0 : 3[3] -> 0[0] via P2P/CUMEM
wings-7283c2a3c493-master-0:803859:805037 [0] NCCL INFO Channel 20/0 : 0[0] -> 1[1] via P2P/CUMEM
wings-7283c2a3c493-master-0:803860:805040 [1] NCCL INFO Channel 22/0 : 1[1] -> 2[2] via P2P/CUMEM
wings-7283c2a3c493-master-0:803861:805039 [2] NCCL INFO Channel 21/0 : 2[2] -> 3[3] via P2P/CUMEM
wings-7283c2a3c493-master-0:803859:805037 [0] NCCL INFO Channel 21/0 : 0[0] -> 1[1] via P2P/CUMEM
wings-7283c2a3c493-master-0:803860:805040 [1] NCCL INFO Channel 23/0 : 1[1] -> 2[2] via P2P/CUMEM
wings-7283c2a3c493-master-0:803861:805039 [2] NCCL INFO Channel 22/0 : 2[2] -> 3[3] via P2P/CUMEM
wings-7283c2a3c493-master-0:803859:805037 [0] NCCL INFO Channel 22/0 : 0[0] -> 1[1] via P2P/CUMEM
wings-7283c2a3c493-master-0:803861:805039 [2] NCCL INFO Channel 23/0 : 2[2] -> 3[3] via P2P/CUMEM
wings-7283c2a3c493-master-0:803859:805037 [0] NCCL INFO Channel 23/0 : 0[0] -> 1[1] via P2P/CUMEM
wings-7283c2a3c493-master-0:803859:805037 [0] NCCL INFO Connected all rings, use ring PXN 0 GDR 1
wings-7283c2a3c493-master-0:803860:805040 [1] NCCL INFO Connected all rings, use ring PXN 0 GDR 1
wings-7283c2a3c493-master-0:803861:805039 [2] NCCL INFO Connected all rings, use ring PXN 0 GDR 1
wings-7283c2a3c493-master-0:803862:805038 [3] NCCL INFO Connected all rings, use ring PXN 0 GDR 1
(Worker pid=803859) (Worker_TP0 pid=803859) /root/.venvs/vtool-r1-v2/lib/python3.10/site-packages/torch/distributed/c10d_logger.py:83: UserWarning: barrier(): using the device under current context. You can specify `device_id` in `init_process_group` to mute this warning.
(Worker pid=803859) (Worker_TP0 pid=803859)   return func(*args, **kwargs)
(Worker pid=803861) (Worker_TP2 pid=803861) [2026-05-17 10:07:38] INFO mnnvl.py:942: [SymmDeviceMemory] Rank: 2, Group size: 4, device_idx: 2, Signal pad offset: 2097152
(Worker pid=803862) (Worker_TP3 pid=803862) [2026-05-17 10:07:38] INFO mnnvl.py:942: [SymmDeviceMemory] Rank: 3, Group size: 4, device_idx: 3, Signal pad offset: 2097152
(Worker pid=803860) (Worker_TP1 pid=803860) [2026-05-17 10:07:38] INFO mnnvl.py:942: [SymmDeviceMemory] Rank: 1, Group size: 4, device_idx: 1, Signal pad offset: 2097152
(Worker pid=803859) (Worker_TP0 pid=803859) [2026-05-17 10:07:38] INFO mnnvl.py:942: [SymmDeviceMemory] Rank: 0, Group size: 4, device_idx: 0, Signal pad offset: 2097152
(Worker pid=803860) (Worker_TP1 pid=803860) [2026-05-17 10:07:38] INFO mnnvl.py:942: [SymmDeviceMemory] Rank: 1, Group size: 4, device_idx: 1, Signal pad offset: 25165824
(Worker pid=803861) (Worker_TP2 pid=803861) [2026-05-17 10:07:38] INFO mnnvl.py:942: [SymmDeviceMemory] Rank: 2, Group size: 4, device_idx: 2, Signal pad offset: 25165824
(Worker pid=803859) (Worker_TP0 pid=803859) [2026-05-17 10:07:38] INFO mnnvl.py:942: [SymmDeviceMemory] Rank: 0, Group size: 4, device_idx: 0, Signal pad offset: 25165824
(Worker pid=803862) (Worker_TP3 pid=803862) [2026-05-17 10:07:38] INFO mnnvl.py:942: [SymmDeviceMemory] Rank: 3, Group size: 4, device_idx: 3, Signal pad offset: 25165824
(Worker pid=803862) (Worker_TP3 pid=803862) rank 3 allocated ipc_handles: [['0x5580000000', '0x55a0000000', '0x55c0000000', '0x55e0000000'], ['0x5600000000', '0x5620000000', '0x5640000000', '0x5660000000'], ['0x5680000000', '0x56a0000000', '0x56c0000000', '0x56e0000000']]
(Worker pid=803859) (Worker_TP0 pid=803859) rank 0 allocated ipc_handles: [['0x5580000000', '0x55a0000000', '0x55c0000000', '0x55e0000000'], ['0x5600000000', '0x5620000000', '0x5640000000', '0x5660000000'], ['0x5680000000', '0x56a0000000', '0x56c0000000', '0x56e0000000']]
(Worker pid=803861) (Worker_TP2 pid=803861) rank 2 allocated ipc_handles: [['0x5580000000', '0x55a0000000', '0x55c0000000', '0x55e0000000'], ['0x5600000000', '0x5620000000', '0x5640000000', '0x5660000000'], ['0x5680000000', '0x56a0000000', '0x56c0000000', '0x56e0000000']]
(Worker pid=803860) (Worker_TP1 pid=803860) rank 1 allocated ipc_handles: [['0x5580000000', '0x55a0000000', '0x55c0000000', '0x55e0000000'], ['0x5600000000', '0x5620000000', '0x5640000000', '0x5660000000'], ['0x5680000000', '0x56a0000000', '0x56c0000000', '0x56e0000000']]
[2026-05-17 10:07:38.885] [info] lamportInitialize start: buffer: 0x56e0000000, size: 12582912
(Worker pid=803862) (Worker_TP3 pid=803862) set flag_ptr[3] = lamport_comm_size:  8372224
(Worker pid=803862) (Worker_TP3 pid=803862) Rank 3 workspace[0] 0x5580000000
(Worker pid=803862) (Worker_TP3 pid=803862) Rank 3 workspace[1] 0x55a0000000
(Worker pid=803862) (Worker_TP3 pid=803862) Rank 3 workspace[2] 0x55c0000000
(Worker pid=803862) (Worker_TP3 pid=803862) Rank 3 workspace[3] 0x55e0000000
(Worker pid=803862) (Worker_TP3 pid=803862) Rank 3 workspace[4] 0x5600000000
(Worker pid=803862) (Worker_TP3 pid=803862) Rank 3 workspace[5] 0x5620000000
(Worker pid=803862) (Worker_TP3 pid=803862) Rank 3 workspace[6] 0x5640000000
(Worker pid=803862) (Worker_TP3 pid=803862) Rank 3 workspace[7] 0x5660000000
(Worker pid=803862) (Worker_TP3 pid=803862) Rank 3 workspace[8] 0x5680000000
(Worker pid=803862) (Worker_TP3 pid=803862) Rank 3 workspace[9] 0x56a0000000
(Worker pid=803862) (Worker_TP3 pid=803862) Rank 3 workspace[10] 0x56c0000000
(Worker pid=803862) (Worker_TP3 pid=803862) Rank 3 workspace[11] 0x56e0000000
(Worker pid=803862) (Worker_TP3 pid=803862) Rank 3 workspace[12] 0x7fe35e620a00
[2026-05-17 10:07:38.935] [info] lamportInitialize start: buffer: 0x5680000000, size: 12582912
(Worker pid=803859) (Worker_TP0 pid=803859) set flag_ptr[3] = lamport_comm_size:  8372224
(Worker pid=803859) (Worker_TP0 pid=803859) Rank 0 workspace[0] 0x5580000000
(Worker pid=803859) (Worker_TP0 pid=803859) Rank 0 workspace[1] 0x55a0000000
(Worker pid=803859) (Worker_TP0 pid=803859) Rank 0 workspace[2] 0x55c0000000
(Worker pid=803859) (Worker_TP0 pid=803859) Rank 0 workspace[3] 0x55e0000000
(Worker pid=803859) (Worker_TP0 pid=803859) Rank 0 workspace[4] 0x5600000000
(Worker pid=803859) (Worker_TP0 pid=803859) Rank 0 workspace[5] 0x5620000000
(Worker pid=803859) (Worker_TP0 pid=803859) Rank 0 workspace[6] 0x5640000000
(Worker pid=803859) (Worker_TP0 pid=803859) Rank 0 workspace[7] 0x5660000000
(Worker pid=803859) (Worker_TP0 pid=803859) Rank 0 workspace[8] 0x5680000000
(Worker pid=803859) (Worker_TP0 pid=803859) Rank 0 workspace[9] 0x56a0000000
(Worker pid=803859) (Worker_TP0 pid=803859) Rank 0 workspace[10] 0x56c0000000
(Worker pid=803859) (Worker_TP0 pid=803859) Rank 0 workspace[11] 0x56e0000000
(Worker pid=803859) (Worker_TP0 pid=803859) Rank 0 workspace[12] 0x7f106e620a00
(Worker pid=803859) (Worker_TP0 pid=803859) /root/.venvs/vtool-r1-v2/lib/python3.10/site-packages/torch/distributed/c10d_logger.py:83: UserWarning: barrier(): using the device under current context. You can specify `device_id` in `init_process_group` to mute this warning.
(Worker pid=803859) (Worker_TP0 pid=803859)   return func(*args, **kwargs)
[2026-05-17 10:07:38.986] [info] lamportInitialize start: buffer: 0x56c0000000, size: 12582912
(Worker pid=803861) (Worker_TP2 pid=803861) set flag_ptr[3] = lamport_comm_size:  8372224
(Worker pid=803861) (Worker_TP2 pid=803861) Rank 2 workspace[0] 0x5580000000
(Worker pid=803861) (Worker_TP2 pid=803861) Rank 2 workspace[1] 0x55a0000000
(Worker pid=803861) (Worker_TP2 pid=803861) Rank 2 workspace[2] 0x55c0000000
(Worker pid=803861) (Worker_TP2 pid=803861) Rank 2 workspace[3] 0x55e0000000
(Worker pid=803861) (Worker_TP2 pid=803861) Rank 2 workspace[4] 0x5600000000
(Worker pid=803861) (Worker_TP2 pid=803861) Rank 2 workspace[5] 0x5620000000
(Worker pid=803861) (Worker_TP2 pid=803861) Rank 2 workspace[6] 0x5640000000
(Worker pid=803861) (Worker_TP2 pid=803861) Rank 2 workspace[7] 0x5660000000
(Worker pid=803861) (Worker_TP2 pid=803861) Rank 2 workspace[8] 0x5680000000
(Worker pid=803861) (Worker_TP2 pid=803861) Rank 2 workspace[9] 0x56a0000000
(Worker pid=803861) (Worker_TP2 pid=803861) Rank 2 workspace[10] 0x56c0000000
(Worker pid=803861) (Worker_TP2 pid=803861) Rank 2 workspace[11] 0x56e0000000
(Worker pid=803861) (Worker_TP2 pid=803861) Rank 2 workspace[12] 0x7f9bd6620a00
[2026-05-17 10:07:39.035] [info] lamportInitialize start: buffer: 0x56a0000000, size: 12582912
(Worker pid=803860) (Worker_TP1 pid=803860) set flag_ptr[3] = lamport_comm_size:  8372224
(Worker pid=803860) (Worker_TP1 pid=803860) Rank 1 workspace[0] 0x5580000000
(Worker pid=803860) (Worker_TP1 pid=803860) Rank 1 workspace[1] 0x55a0000000
(Worker pid=803860) (Worker_TP1 pid=803860) Rank 1 workspace[2] 0x55c0000000
(Worker pid=803860) (Worker_TP1 pid=803860) Rank 1 workspace[3] 0x55e0000000
(Worker pid=803860) (Worker_TP1 pid=803860) Rank 1 workspace[4] 0x5600000000
(Worker pid=803860) (Worker_TP1 pid=803860) Rank 1 workspace[5] 0x5620000000
(Worker pid=803860) (Worker_TP1 pid=803860) Rank 1 workspace[6] 0x5640000000
(Worker pid=803860) (Worker_TP1 pid=803860) Rank 1 workspace[7] 0x5660000000
(Worker pid=803860) (Worker_TP1 pid=803860) Rank 1 workspace[8] 0x5680000000
(Worker pid=803860) (Worker_TP1 pid=803860) Rank 1 workspace[9] 0x56a0000000
(Worker pid=803860) (Worker_TP1 pid=803860) Rank 1 workspace[10] 0x56c0000000
(Worker pid=803860) (Worker_TP1 pid=803860) Rank 1 workspace[11] 0x56e0000000
(Worker pid=803860) (Worker_TP1 pid=803860) Rank 1 workspace[12] 0x7f393e620a00
(Worker pid=803859) (Worker_TP0 pid=803859) INFO 05-17 10:07:40 [backends.py:266] Directly load the compiled graph(s) for compile range (293, 8192) from the cache, took 1.380 s
(Worker pid=803859) (Worker_TP0 pid=803859) INFO 05-17 10:07:41 [gpu_worker.py:424] Available KV cache memory: 46.52 GiB
(EngineCore_DP0 pid=803592) INFO 05-17 10:07:41 [kv_cache_utils.py:1314] GPU KV cache size: 3,484,544 tokens
(EngineCore_DP0 pid=803592) INFO 05-17 10:07:41 [kv_cache_utils.py:1319] Maximum concurrency for 32,768 tokens per request: 106.34x
(Worker pid=803859) (Worker_TP0 pid=803859) 2026-05-17 10:07:41,630 - INFO - autotuner.py:256 - flashinfer.jit: [Autotuner]: Autotuning process starts ...
(Worker pid=803861) (Worker_TP2 pid=803861) (Worker pid=803862) 2026-05-17 10:07:41,630 - INFO - autotuner.py:256 - flashinfer.jit: [Autotuner]: Autotuning process starts ...
(Worker_TP3 pid=803862) 2026-05-17 10:07:41,630 - INFO - autotuner.py:256 - flashinfer.jit: [Autotuner]: Autotuning process starts ...
(Worker pid=803860) (Worker_TP1 pid=803860) 2026-05-17 10:07:41,630 - INFO - autotuner.py:256 - flashinfer.jit: [Autotuner]: Autotuning process starts ...
(Worker pid=803861) (Worker_TP2 pid=803861) 2026-05-17 10:07:41,645 - INFO - autotuner.py:262 - flashinfer.jit: [Autotuner]: Autotuning process ends
(Worker pid=803859) (Worker pid=803860) (Worker_TP0 pid=803859) (Worker_TP1 pid=803860) 2026-05-17 10:07:41,646 - INFO - autotuner.py:262 - flashinfer.jit: [Autotuner]: Autotuning process ends
2026-05-17 10:07:41,646 - INFO - autotuner.py:262 - flashinfer.jit: [Autotuner]: Autotuning process ends
(Worker pid=803862) (Worker_TP3 pid=803862) 2026-05-17 10:07:41,646 - INFO - autotuner.py:262 - flashinfer.jit: [Autotuner]: Autotuning process ends
(Worker pid=803859) (Worker_TP0 pid=803859) Capturing CUDA graphs (mixed prefill-decode, PIECEWISE):   0%|          | 0/51 [00:00<?, ?it/s]Capturing CUDA graphs (mixed prefill-decode, PIECEWISE):   6%|▌         | 3/51 [00:00<00:01, 24.40it/s]Capturing CUDA graphs (mixed prefill-decode, PIECEWISE):  12%|█▏        | 6/51 [00:00<00:01, 24.80it/s]Capturing CUDA graphs (mixed prefill-decode, PIECEWISE):  18%|█▊        | 9/51 [00:00<00:01, 24.69it/s]Capturing CUDA graphs (mixed prefill-decode, PIECEWISE):  24%|██▎       | 12/51 [00:00<00:01, 24.75it/s](Worker pid=803859) (Worker_TP0 pid=803859) INFO 05-17 10:07:43 [backends.py:266] Directly load the compiled graph(s) for compile range (1, 292) from the cache, took 1.367 s
(Worker pid=803859) (Worker_TP0 pid=803859) INFO 05-17 10:07:43 [monitor.py:35] torch.compile takes 8.08 s in total
Capturing CUDA graphs (mixed prefill-decode, PIECEWISE):  29%|██▉       | 15/51 [00:01<00:07,  4.91it/s]Capturing CUDA graphs (mixed prefill-decode, PIECEWISE):  35%|███▌      | 18/51 [00:02<00:04,  6.67it/s]Capturing CUDA graphs (mixed prefill-decode, PIECEWISE):  41%|████      | 21/51 [00:02<00:03,  8.63it/s]Capturing CUDA graphs (mixed prefill-decode, PIECEWISE):  47%|████▋     | 24/51 [00:02<00:02, 10.71it/s]Capturing CUDA graphs (mixed prefill-decode, PIECEWISE):  53%|█████▎    | 27/51 [00:02<00:01, 12.79it/s]Capturing CUDA graphs (mixed prefill-decode, PIECEWISE):  59%|█████▉    | 30/51 [00:02<00:01, 14.85it/s]Capturing CUDA graphs (mixed prefill-decode, PIECEWISE):  65%|██████▍   | 33/51 [00:02<00:01, 16.45it/s]Capturing CUDA graphs (mixed prefill-decode, PIECEWISE):  71%|███████   | 36/51 [00:02<00:00, 17.44it/s]Capturing CUDA graphs (mixed prefill-decode, PIECEWISE):  76%|███████▋  | 39/51 [00:03<00:00, 17.57it/s]Capturing CUDA graphs (mixed prefill-decode, PIECEWISE):  82%|████████▏ | 42/51 [00:03<00:00, 18.66it/s]Capturing CUDA graphs (mixed prefill-decode, PIECEWISE):  88%|████████▊ | 45/51 [00:03<00:00, 19.47it/s]Capturing CUDA graphs (mixed prefill-decode, PIECEWISE):  94%|█████████▍| 48/51 [00:03<00:00, 20.47it/s]Capturing CUDA graphs (mixed prefill-decode, PIECEWISE): 100%|██████████| 51/51 [00:03<00:00, 22.16it/s]Capturing CUDA graphs (mixed prefill-decode, PIECEWISE): 100%|██████████| 51/51 [00:03<00:00, 14.14it/s]
(Worker pid=803859) (Worker_TP0 pid=803859) Capturing CUDA graphs (decode, FULL):   0%|          | 0/51 [00:00<?, ?it/s]Capturing CUDA graphs (decode, FULL):   8%|▊         | 4/51 [00:00<00:01, 35.61it/s]Capturing CUDA graphs (decode, FULL):  18%|█▊        | 9/51 [00:00<00:01, 38.86it/s]Capturing CUDA graphs (decode, FULL):  27%|██▋       | 14/51 [00:00<00:00, 39.94it/s]Capturing CUDA graphs (decode, FULL):  35%|███▌      | 18/51 [00:00<00:00, 38.01it/s]Capturing CUDA graphs (decode, FULL):  43%|████▎     | 22/51 [00:00<00:00, 37.46it/s]Capturing CUDA graphs (decode, FULL):  51%|█████     | 26/51 [00:00<00:00, 36.92it/s]Capturing CUDA graphs (decode, FULL):  59%|█████▉    | 30/51 [00:00<00:00, 36.51it/s]Capturing CUDA graphs (decode, FULL):  67%|██████▋   | 34/51 [00:00<00:00, 34.83it/s]Capturing CUDA graphs (decode, FULL):  75%|███████▍  | 38/51 [00:01<00:00, 34.19it/s]Capturing CUDA graphs (decode, FULL):  82%|████████▏ | 42/51 [00:01<00:00, 34.53it/s]Capturing CUDA graphs (decode, FULL):  90%|█████████ | 46/51 [00:01<00:00, 35.19it/s]Capturing CUDA graphs (decode, FULL):  98%|█████████▊| 50/51 [00:01<00:00, 35.96it/s]Capturing CUDA graphs (decode, FULL): 100%|██████████| 51/51 [00:01<00:00, 36.26it/s]
(Worker pid=803859) (Worker_TP0 pid=803859) (Worker pid=803861) INFO 05-17 10:07:46 [custom_all_reduce.py:216] Registering 1568 cuda graph addresses
(Worker_TP2 pid=803861) INFO 05-17 10:07:46 [custom_all_reduce.py:216] Registering 1568 cuda graph addresses
(Worker pid=803860) (Worker_TP1 pid=803860) INFO 05-17 10:07:46 [custom_all_reduce.py:216] Registering 1568 cuda graph addresses
(Worker pid=803862) (Worker_TP3 pid=803862) INFO 05-17 10:07:46 [custom_all_reduce.py:216] Registering 1568 cuda graph addresses
(Worker pid=803859) (Worker_TP0 pid=803859) INFO 05-17 10:07:47 [gpu_model_runner.py:5386] Graph capturing finished in 6 secs, took 0.16 GiB
(EngineCore_DP0 pid=803592) INFO 05-17 10:07:47 [core.py:282] init engine (profile, create kv cache, warmup model) took 16.05 seconds
(EngineCore_DP0 pid=803592) The image processor of type `Qwen2VLImageProcessor` is now loaded as a fast processor by default, even if the model checkpoint was saved with a slow processor. This is a breaking change and may produce slightly different outputs. To continue using the slow processor, instantiate this class with `use_fast=False`. Note that this behavior will be extended to all models in a future release.
(EngineCore_DP0 pid=803592) INFO 05-17 10:07:50 [vllm.py:747] Asynchronous scheduling is enabled.
(EngineCore_DP0 pid=803592) <frozen importlib._bootstrap_external>:1184: FutureWarning: The cuda.cudart module is deprecated and will be removed in a future release, please switch to use the cuda.bindings.runtime module instead.
(EngineCore_DP0 pid=803592) <frozen importlib._bootstrap_external>:1184: FutureWarning: The cuda.nvrtc module is deprecated and will be removed in a future release, please switch to use the cuda.bindings.nvrtc module instead.
(APIServer pid=803298) INFO 05-17 10:07:51 [api_server.py:495] Supported tasks: ['generate']
(APIServer pid=803298) WARNING 05-17 10:07:51 [model.py:1355] Default vLLM sampling parameters have been overridden by the model's `generation_config.json`: `{'repetition_penalty': 1.05, 'temperature': 1e-06}`. If this is not intended, please relaunch vLLM instance with `--generation-config vllm`.
(APIServer pid=803298) INFO 05-17 10:07:51 [serving.py:185] Warming up chat template processing...
(APIServer pid=803298) INFO 05-17 10:07:51 [hf.py:318] Detected the chat template content format to be 'openai'. You can set `--chat-template-content-format` to override this.
(APIServer pid=803298) INFO 05-17 10:07:51 [serving.py:210] Chat template warmup completed in 48.2ms
(APIServer pid=803298) INFO 05-17 10:07:51 [api_server.py:500] Starting vLLM API server 0 on http://127.0.0.1:18080
(APIServer pid=803298) INFO 05-17 10:07:51 [launcher.py:38] Available routes are:
(APIServer pid=803298) INFO 05-17 10:07:51 [launcher.py:47] Route: /openapi.json, Methods: HEAD, GET
(APIServer pid=803298) INFO 05-17 10:07:51 [launcher.py:47] Route: /docs, Methods: HEAD, GET
(APIServer pid=803298) INFO 05-17 10:07:51 [launcher.py:47] Route: /docs/oauth2-redirect, Methods: HEAD, GET
(APIServer pid=803298) INFO 05-17 10:07:51 [launcher.py:47] Route: /redoc, Methods: HEAD, GET
(APIServer pid=803298) INFO 05-17 10:07:51 [launcher.py:47] Route: /tokenize, Methods: POST
(APIServer pid=803298) INFO 05-17 10:07:51 [launcher.py:47] Route: /detokenize, Methods: POST
(APIServer pid=803298) INFO 05-17 10:07:51 [launcher.py:47] Route: /load, Methods: GET
(APIServer pid=803298) INFO 05-17 10:07:51 [launcher.py:47] Route: /version, Methods: GET
(APIServer pid=803298) INFO 05-17 10:07:51 [launcher.py:47] Route: /health, Methods: GET
(APIServer pid=803298) INFO 05-17 10:07:51 [launcher.py:47] Route: /metrics, Methods: GET
(APIServer pid=803298) INFO 05-17 10:07:51 [launcher.py:47] Route: /v1/models, Methods: GET
(APIServer pid=803298) INFO 05-17 10:07:51 [launcher.py:47] Route: /ping, Methods: GET
(APIServer pid=803298) INFO 05-17 10:07:51 [launcher.py:47] Route: /ping, Methods: POST
(APIServer pid=803298) INFO 05-17 10:07:51 [launcher.py:47] Route: /invocations, Methods: POST
(APIServer pid=803298) INFO 05-17 10:07:51 [launcher.py:47] Route: /v1/chat/completions, Methods: POST
(APIServer pid=803298) INFO 05-17 10:07:51 [launcher.py:47] Route: /v1/chat/completions/render, Methods: POST
(APIServer pid=803298) INFO 05-17 10:07:51 [launcher.py:47] Route: /v1/responses, Methods: POST
(APIServer pid=803298) INFO 05-17 10:07:51 [launcher.py:47] Route: /v1/responses/{response_id}, Methods: GET
(APIServer pid=803298) INFO 05-17 10:07:51 [launcher.py:47] Route: /v1/responses/{response_id}/cancel, Methods: POST
(APIServer pid=803298) INFO 05-17 10:07:51 [launcher.py:47] Route: /v1/completions, Methods: POST
(APIServer pid=803298) INFO 05-17 10:07:51 [launcher.py:47] Route: /v1/completions/render, Methods: POST
(APIServer pid=803298) INFO 05-17 10:07:51 [launcher.py:47] Route: /v1/messages, Methods: POST
(APIServer pid=803298) INFO 05-17 10:07:51 [launcher.py:47] Route: /v1/messages/count_tokens, Methods: POST
(APIServer pid=803298) INFO 05-17 10:07:51 [launcher.py:47] Route: /inference/v1/generate, Methods: POST
(APIServer pid=803298) INFO 05-17 10:07:51 [launcher.py:47] Route: /scale_elastic_ep, Methods: POST
(APIServer pid=803298) INFO 05-17 10:07:51 [launcher.py:47] Route: /is_scaling_elastic_ep, Methods: POST
(APIServer pid=803298) INFO:     Started server process [803298]
(APIServer pid=803298) INFO:     Waiting for application startup.
(APIServer pid=803298) INFO:     Application startup complete.
(APIServer pid=803298) INFO:     127.0.0.1:50100 - "GET /v1/models HTTP/1.1" 200 OK
(APIServer pid=803298) INFO:     127.0.0.1:50108 - "POST /v1/chat/completions HTTP/1.1" 200 OK
(APIServer pid=803298) INFO:     127.0.0.1:50116 - "POST /v1/chat/completions HTTP/1.1" 200 OK
(APIServer pid=803298) INFO:     127.0.0.1:50118 - "POST /v1/chat/completions HTTP/1.1" 200 OK
(APIServer pid=803298) INFO:     127.0.0.1:50128 - "POST /v1/chat/completions HTTP/1.1" 200 OK
(APIServer pid=803298) INFO:     127.0.0.1:50144 - "POST /v1/chat/completions HTTP/1.1" 200 OK
(APIServer pid=803298) INFO:     127.0.0.1:50150 - "POST /v1/chat/completions HTTP/1.1" 200 OK
(APIServer pid=803298) INFO 05-17 10:08:01 [loggers.py:259] Engine 000: Avg prompt throughput: 1029.8 tokens/s, Avg generation throughput: 31.5 tokens/s, Running: 0 reqs, Waiting: 0 reqs, GPU KV cache usage: 0.0%, Prefix cache hit rate: 66.4%, MM cache hit rate: 66.7%
(APIServer pid=803298) INFO:     127.0.0.1:50174 - "POST /v1/chat/completions HTTP/1.1" 200 OK
(APIServer pid=803298) INFO:     127.0.0.1:50160 - "POST /v1/chat/completions HTTP/1.1" 200 OK
(APIServer pid=803298) INFO:     127.0.0.1:50190 - "POST /v1/chat/completions HTTP/1.1" 200 OK
(APIServer pid=803298) INFO:     127.0.0.1:50194 - "POST /v1/chat/completions HTTP/1.1" 200 OK
(APIServer pid=803298) INFO:     127.0.0.1:50204 - "POST /v1/chat/completions HTTP/1.1" 200 OK
(APIServer pid=803298) INFO:     127.0.0.1:50206 - "POST /v1/chat/completions HTTP/1.1" 200 OK
(APIServer pid=803298) INFO:     127.0.0.1:39154 - "POST /v1/chat/completions HTTP/1.1" 200 OK
(APIServer pid=803298) INFO:     127.0.0.1:39158 - "POST /v1/chat/completions HTTP/1.1" 200 OK
(APIServer pid=803298) INFO:     127.0.0.1:39172 - "POST /v1/chat/completions HTTP/1.1" 200 OK
(APIServer pid=803298) INFO:     127.0.0.1:39176 - "POST /v1/chat/completions HTTP/1.1" 200 OK
(APIServer pid=803298) INFO:     127.0.0.1:39182 - "POST /v1/chat/completions HTTP/1.1" 200 OK
(APIServer pid=803298) INFO:     127.0.0.1:39186 - "POST /v1/chat/completions HTTP/1.1" 200 OK
(APIServer pid=803298) INFO:     127.0.0.1:39212 - "POST /v1/chat/completions HTTP/1.1" 200 OK
(APIServer pid=803298) INFO:     127.0.0.1:39200 - "POST /v1/chat/completions HTTP/1.1" 200 OK
(APIServer pid=803298) INFO:     127.0.0.1:39218 - "POST /v1/chat/completions HTTP/1.1" 200 OK
(APIServer pid=803298) INFO:     127.0.0.1:39228 - "POST /v1/chat/completions HTTP/1.1" 200 OK
(APIServer pid=803298) INFO:     127.0.0.1:39234 - "POST /v1/chat/completions HTTP/1.1" 200 OK
(APIServer pid=803298) INFO:     127.0.0.1:39250 - "POST /v1/chat/completions HTTP/1.1" 200 OK
(APIServer pid=803298) INFO:     127.0.0.1:39258 - "POST /v1/chat/completions HTTP/1.1" 200 OK
(APIServer pid=803298) INFO:     127.0.0.1:39260 - "POST /v1/chat/completions HTTP/1.1" 200 OK
(APIServer pid=803298) INFO 05-17 10:08:11 [loggers.py:259] Engine 000: Avg prompt throughput: 3255.4 tokens/s, Avg generation throughput: 116.6 tokens/s, Running: 0 reqs, Waiting: 0 reqs, GPU KV cache usage: 0.0%, Prefix cache hit rate: 65.0%, MM cache hit rate: 66.7%
(APIServer pid=803298) INFO:     127.0.0.1:39268 - "POST /v1/chat/completions HTTP/1.1" 200 OK
(APIServer pid=803298) INFO:     127.0.0.1:39276 - "POST /v1/chat/completions HTTP/1.1" 200 OK
(APIServer pid=803298) INFO:     127.0.0.1:54580 - "POST /v1/chat/completions HTTP/1.1" 200 OK
(APIServer pid=803298) INFO:     127.0.0.1:54596 - "POST /v1/chat/completions HTTP/1.1" 200 OK
(APIServer pid=803298) INFO 05-17 10:08:16 [launcher.py:122] Shutting down FastAPI HTTP server.
(Worker pid=803861) (Worker_TP2 pid=803861) INFO 05-17 10:08:16 [multiproc_executor.py:749] Parent process exited, terminating worker
(Worker pid=803859) (Worker pid=803860) (Worker_TP0 pid=803859) (Worker_TP1 pid=803860) INFO 05-17 10:08:16 [multiproc_executor.py:749] Parent process exited, terminating worker
INFO 05-17 10:08:16 [multiproc_executor.py:749] Parent process exited, terminating worker
(Worker pid=803861) (Worker_TP2 pid=803861) INFO 05-17 10:08:16 [multiproc_executor.py:802] WorkerProc shutting down.
(Worker pid=803862) (Worker_TP3 pid=803862) INFO 05-17 10:08:16 [multiproc_executor.py:749] Parent process exited, terminating worker
(Worker pid=803859) (Worker_TP0 pid=803859) INFO 05-17 10:08:16 [multiproc_executor.py:802] WorkerProc shutting down.
(Worker pid=803860) (Worker_TP1 pid=803860) INFO 05-17 10:08:16 [multiproc_executor.py:802] WorkerProc shutting down.
(Worker pid=803862) (Worker_TP3 pid=803862) INFO 05-17 10:08:16 [multiproc_executor.py:802] WorkerProc shutting down.
wings-7283c2a3c493-master-0:803861:803861 [2] NCCL INFO comm 0x55da03764c10 rank 2 nranks 4 cudaDev 2 busId 19000 - Destroy COMPLETE
wings-7283c2a3c493-master-0:803859:803859 [0] NCCL INFO comm 0x55d29e117820 rank 0 nranks 4 cudaDev 0 busId c000 - Destroy COMPLETE
wings-7283c2a3c493-master-0:803860:803860 [1] NCCL INFO comm 0x5610589658e0 rank 1 nranks 4 cudaDev 1 busId 13000 - Destroy COMPLETE
wings-7283c2a3c493-master-0:803862:803862 [3] NCCL INFO comm 0x5572e6768a50 rank 3 nranks 4 cudaDev 3 busId 67000 - Destroy COMPLETE
(Worker pid=803861) (Worker_TP2 pid=803861) Exception ignored in: <function AllReduceFusionWorkspace.__del__ at 0x7fa11812d870>
(Worker pid=803861) (Worker_TP2 pid=803861) Traceback (most recent call last):
(Worker pid=803861) (Worker_TP2 pid=803861)   File "/root/.venvs/vtool-r1-v2/lib/python3.10/site-packages/flashinfer/comm/workspace_base.py", line 72, in __del__
(Worker pid=803861) (Worker_TP2 pid=803861) ImportError: sys.meta_path is None, Python is likely shutting down
(Worker pid=803859) (Worker_TP0 pid=803859) Exception ignored in: <function AllReduceFusionWorkspace.__del__ at 0x7f159c419870>
(Worker pid=803859) (Worker_TP0 pid=803859) Traceback (most recent call last):
(Worker pid=803859) (Worker_TP0 pid=803859)   File "/root/.venvs/vtool-r1-v2/lib/python3.10/site-packages/flashinfer/comm/workspace_base.py", line 72, in __del__
(Worker pid=803859) (Worker_TP0 pid=803859) ImportError: sys.meta_path is None, Python is likely shutting down
(Worker pid=803860) (Worker_TP1 pid=803860) Exception ignored in: <function AllReduceFusionWorkspace.__del__ at 0x7f3e609cd870>
(Worker pid=803860) (Worker_TP1 pid=803860) Traceback (most recent call last):
(Worker pid=803860) (Worker_TP1 pid=803860)   File "/root/.venvs/vtool-r1-v2/lib/python3.10/site-packages/flashinfer/comm/workspace_base.py", line 72, in __del__
(Worker pid=803860) (Worker_TP1 pid=803860) ImportError: sys.meta_path is None, Python is likely shutting down
(Worker pid=803862) (Worker_TP3 pid=803862) Exception ignored in: <function AllReduceFusionWorkspace.__del__ at 0x7fe88c511870>
(Worker pid=803862) (Worker_TP3 pid=803862) Traceback (most recent call last):
(Worker pid=803862) (Worker_TP3 pid=803862)   File "/root/.venvs/vtool-r1-v2/lib/python3.10/site-packages/flashinfer/comm/workspace_base.py", line 72, in __del__
(Worker pid=803862) (Worker_TP3 pid=803862) ImportError: sys.meta_path is None, Python is likely shutting down
wings-7283c2a3c493-master-0:803860:804043 [1] NCCL INFO [Service thread] Connection closed by localRank 2
wings-7283c2a3c493-master-0:803862:804045 [3] NCCL INFO [Service thread] Connection closed by localRank 2
wings-7283c2a3c493-master-0:803862:804045 [3] NCCL INFO [Service thread] Connection closed by localRank 0
wings-7283c2a3c493-master-0:803860:804043 [1] NCCL INFO [Service thread] Connection closed by localRank 0
(APIServer pid=803298) INFO:     Shutting down
(APIServer pid=803298) INFO:     Waiting for application shutdown.
(APIServer pid=803298) INFO:     Application shutdown complete.
